08-08 20:55:35.379 W/PackageManager(  988): Unknown permission com.google.android.googleapps.permission.ACCESS_GOOGLE_PASSWORD in package com.android.development
08-08 20:55:35.379 W/PackageManager(  988): Unknown permission com.google.android.googleapps.permission.GOOGLE_AUTH in package com.android.development
08-08 20:55:35.379 W/PackageManager(  988): Unknown permission com.google.android.googleapps.permission.GOOGLE_AUTH.ALL_SERVICES in package com.android.development
08-08 20:55:35.379 W/PackageManager(  988): Unknown permission com.google.android.googleapps.permission.GOOGLE_AUTH.YouTubeUser in package com.android.development
08-08 20:55:35.407 I/art     (  988): Explicit concurrent mark sweep GC freed 3713(337KB) AllocSpace objects, 2(32KB) LOS objects, 33% free, 2MB/4MB, paused 1.040ms total 11.306ms
08-08 20:55:35.408 I/SystemServer(  988): User Service
08-08 20:55:35.411 I/lowmemorykiller(  302): ActivityManager connected
08-08 20:55:35.414 I/SystemServiceManager(  988): Starting com.android.server.lights.LightsService
08-08 20:55:35.415 I/SystemServiceManager(  988): Starting com.android.server.BatteryService
08-08 20:55:35.419 I/SystemServiceManager(  988): Starting com.android.server.usage.UsageStatsService
08-08 20:55:35.422 I/SystemServiceManager(  988): Starting com.android.server.webkit.WebViewUpdateService
08-08 20:55:35.423 I/SystemServer(  988): Reading configuration...
08-08 20:55:35.423 I/SystemServer(  988): Scheduling Policy
08-08 20:55:35.424 I/SystemServer(  988): Telephony Registry
08-08 20:55:35.427 I/SystemServer(  988): Entropy Mixer
08-08 20:55:35.427 W/EntropyMixer(  988): No existing entropy file -- first boot?
08-08 20:55:35.428 I/EntropyMixer(  988): Writing entropy...
08-08 20:55:35.434 I/SystemServer(  988): Account Manager
08-08 20:55:35.436 I/SystemServer(  988): Content Manager
08-08 20:55:35.438 I/SystemServer(  988): System Content Providers
08-08 20:55:35.438 W/ActivityManager(  988): Can't addPackageDependency on system process
08-08 20:55:35.485 I/SyncManager(  988): No initial accounts
08-08 20:55:35.485 I/SyncManager(  988): No initial status
08-08 20:55:35.485 I/SyncManager(  988): No initial statistics
08-08 20:55:35.495 D/SettingsProvider(  988): Generated and saved new ANDROID_ID [72139ac02732015b] for user 0
08-08 20:55:35.498 W/CoreSettingsObserver(  988): Cannot find setting "debug_view_attributes"
08-08 20:55:35.498 W/CoreSettingsObserver(  988): android.provider.Settings$SettingNotFoundException: debug_view_attributes
08-08 20:55:35.498 W/CoreSettingsObserver(  988): 	at android.provider.Settings$Global.getInt(Settings.java:6748)
08-08 20:55:35.498 W/CoreSettingsObserver(  988): 	at com.android.server.am.CoreSettingsObserver.populateSettings(CoreSettingsObserver.java:129)
08-08 20:55:35.498 W/CoreSettingsObserver(  988): 	at com.android.server.am.CoreSettingsObserver.sendCoreSettings(CoreSettingsObserver.java:82)
08-08 20:55:35.498 W/CoreSettingsObserver(  988): 	at com.android.server.am.CoreSettingsObserver.<init>(CoreSettingsObserver.java:65)
08-08 20:55:35.498 W/CoreSettingsObserver(  988): 	at com.android.server.am.ActivityManagerService.installSystemProviders(ActivityManagerService.java:9849)
08-08 20:55:35.498 W/CoreSettingsObserver(  988): 	at com.android.server.SystemServer.startOtherServices(SystemServer.java:454)
08-08 20:55:35.498 W/CoreSettingsObserver(  988): 	at com.android.server.SystemServer.run(SystemServer.java:258)
08-08 20:55:35.498 W/CoreSettingsObserver(  988): 	at com.android.server.SystemServer.main(SystemServer.java:172)
08-08 20:55:35.498 W/CoreSettingsObserver(  988): 	at java.lang.reflect.Method.invoke(Native Method)
08-08 20:55:35.498 W/CoreSettingsObserver(  988): 	at java.lang.reflect.Method.invoke(Method.java:372)
08-08 20:55:35.498 W/CoreSettingsObserver(  988): 	at com.android.internal.os.ZygoteInit$MethodAndArgsCaller.run(ZygoteInit.java:899)
08-08 20:55:35.498 W/CoreSettingsObserver(  988): 	at com.android.internal.os.ZygoteInit.main(ZygoteInit.java:694)
08-08 20:55:35.499 I/SystemServer(  988): Vibrator Service
08-08 20:55:35.501 I/SystemServer(  988): Consumer IR Service
08-08 20:55:35.502 E/ConsumerIrService(  988): Can't open consumer IR HW Module, error: -2
08-08 20:55:35.502 I/SystemServiceManager(  988): Starting com.android.server.AlarmManagerService
08-08 20:55:35.505 I/SystemServer(  988): Init Watchdog
08-08 20:55:35.506 I/SystemServer(  988): Input Manager
08-08 20:55:35.506 I/InputManager(  988): Initializing input manager, mUseDevInputEventForAudioJack=false
08-08 20:55:35.509 I/SystemServer(  988): Window Manager
08-08 20:55:35.517 I/WindowManager(  988): No existing display settings /data/system/display_settings.xml; starting empty
08-08 20:55:35.518 D/PermissionCache(  973): checking android.permission.ACCESS_SURFACE_FLINGER for uid=1000 => granted (502 us)
08-08 20:55:35.546 I/InputManager(  988): Starting input manager
08-08 20:55:35.550 I/SystemServer(  988): No Bluetooh Service (emulator)
08-08 20:55:35.550 I/SystemServer(  988): Input Method Service
08-08 20:55:35.560 W/EventHub(  988): Unable to disable kernel key repeat for /dev/input/event5: Function not implemented
08-08 20:55:35.560 I/EventHub(  988): New device: id=1, fd=76, path='/dev/input/event5', name='Genymotion Virtual Input', classes=0x37, configuration='/system/usr/idc/Genymotion_Virtual_Input.idc', keyLayout='/system/usr/keylayout/Genymotion_Virtual_Input.kl', keyCharacterMap='/system/usr/keychars/Generic.kcm', builtinKeyboard=false, wakeMechanism=EPOLLWAKEUP, usingClockIoctl=true
08-08 20:55:35.560 E/EventHub(  988): could not get driver version for /dev/input/mouse1, Not a typewriter
08-08 20:55:35.577 W/InputMethodManagerService(  988): No IME selected. Choose the most applicable IME.
08-08 20:55:35.577 I/InputMethodManagerService(  988): No default found, using com.android.inputmethod.latin/.LatinIME
08-08 20:55:35.587 I/SystemServer(  988): Accessibility Manager
08-08 20:55:35.591 I/ActivityManager(  988): Config changes=1df8 {1.0 ?mcc?mnc en_US ldltr sw360dp w360dp h640dp 640dpi nrml long port ?uimode ?night -touch -keyb/h/h -nav/h s.2}
08-08 20:55:35.594 I/UsageStatsDatabase(  988): Upgrading from version 0 to 2
08-08 20:55:35.594 I/UsageStatsDatabase(  988): Deleting all usage stats files
08-08 20:55:35.595 I/UsageStatsService(  988): User[0] Rollover scheduled @ 2016-08-09 00:00:00(1470700800000)
08-08 20:55:35.601 D/SurfaceFlinger(  973): setOrientation, mFbdev=0xf707a0c0, mFbDev->setOrientation=0xf7211cd0, orientation=0
08-08 20:55:35.601 I/gralloc_vbox86(  973): setOrientation: orientation=0
08-08 20:55:35.602 I/ActivityManager(  988): Config changes=400 {1.0 ?mcc?mnc en_US ldltr sw360dp w360dp h615dp 640dpi nrml long port ?uimode ?night -touch -keyb/h/h -nav/h s.3}
08-08 20:55:35.607 E/StorageManager(  988): Unable to connect to mount service! - is it running yet?
08-08 20:55:35.608 I/art     (  988): DexFile_isDexOptNeeded failed to open oat file '/data/dalvik-cache/x86/system@priv-app@TeleService@TeleService.apk@classes.dex' for file location '/system/priv-app/TeleService/TeleService.apk': Failed to open oat filename for reading: No such file or directory
08-08 20:55:35.608 I/art     (  988): DexFile_isDexOptNeeded file /system/priv-app/TeleService/x86/TeleService.odex needs to be relocated for /system/priv-app/TeleService/TeleService.apk
08-08 20:55:35.608 I/PackageManager(  988): Running patchoat on: com.android.phone
08-08 20:55:35.609 E/installd( 1070): Running /system/bin/patchoat isa=x86 in-fd=5 (/system/priv-app/TeleService/x86/TeleService.odex) out-fd=6 (/data/dalvik-cache/x86/system@priv-app@TeleService@TeleService.apk@classes.dex)
08-08 20:55:35.612 D/EventHub(  988): No input device configuration file found for device 'Genymotion via VirtualBox seamless mouse'.
08-08 20:55:35.641 I/art     (  988): DexFile_isDexOptNeeded failed to open oat file '/data/dalvik-cache/x86/system@app@LatinIME@LatinIME.apk@classes.dex' for file location '/system/app/LatinIME/LatinIME.apk': Failed to open oat filename for reading: No such file or directory
08-08 20:55:35.641 I/art     (  988): DexFile_isDexOptNeeded file /system/app/LatinIME/x86/LatinIME.odex needs to be relocated for /system/app/LatinIME/LatinIME.apk
08-08 20:55:35.641 I/PackageManager(  988): Running patchoat on: com.android.inputmethod.latin
08-08 20:55:35.642 E/installd( 1071): Running /system/bin/patchoat isa=x86 in-fd=5 (/system/app/LatinIME/x86/LatinIME.odex) out-fd=6 (/data/dalvik-cache/x86/system@app@LatinIME@LatinIME.apk@classes.dex)
08-08 20:55:35.676 E/EventHub(  988): could not get driver version for /dev/input/mouse0, Not a typewriter
08-08 20:55:35.687 I/art     (  988): DexFile_isDexOptNeeded failed to open oat file '/data/dalvik-cache/x86/system@priv-app@Shell@Shell.apk@classes.dex' for file location '/system/priv-app/Shell/Shell.apk': Failed to open oat filename for reading: No such file or directory
08-08 20:55:35.688 I/art     (  988): DexFile_isDexOptNeeded file /system/priv-app/Shell/x86/Shell.odex needs to be relocated for /system/priv-app/Shell/Shell.apk
08-08 20:55:35.688 I/PackageManager(  988): Running patchoat on: com.android.shell
08-08 20:55:35.689 E/installd( 1072): Running /system/bin/patchoat isa=x86 in-fd=5 (/system/priv-app/Shell/x86/Shell.odex) out-fd=6 (/data/dalvik-cache/x86/system@priv-app@Shell@Shell.apk@classes.dex)
08-08 20:55:35.699 I/art     (  988): DexFile_isDexOptNeeded failed to open oat file '/data/dalvik-cache/x86/system@priv-app@Dialer@Dialer.apk@classes.dex' for file location '/system/priv-app/Dialer/Dialer.apk': Failed to open oat filename for reading: No such file or directory
08-08 20:55:35.700 I/art     (  988): DexFile_isDexOptNeeded file /system/priv-app/Dialer/x86/Dialer.odex needs to be relocated for /system/priv-app/Dialer/Dialer.apk
08-08 20:55:35.700 I/PackageManager(  988): Running patchoat on: com.android.dialer
08-08 20:55:35.701 E/installd( 1073): Running /system/bin/patchoat isa=x86 in-fd=5 (/system/priv-app/Dialer/x86/Dialer.odex) out-fd=6 (/data/dalvik-cache/x86/system@priv-app@Dialer@Dialer.apk@classes.dex)
08-08 20:55:35.720 I/EventHub(  988): ignoring event id /dev/input/event3 driver VirtualBox mouse integration
08-08 20:55:35.748 D/EventHub(  988): No input device configuration file found for device 'Sleep Button'.
08-08 20:55:35.760 W/EventHub(  988): Unable to disable kernel key repeat for /dev/input/event1: Function not implemented
08-08 20:55:35.760 I/EventHub(  988): New device: id=3, fd=79, path='/dev/input/event1', name='Sleep Button', classes=0x1, configuration='', keyLayout='/system/usr/keylayout/Generic.kl', keyCharacterMap='/system/usr/keychars/Generic.kcm', builtinKeyboard=false, wakeMechanism=EPOLLWAKEUP, usingClockIoctl=true
08-08 20:55:35.760 D/EventHub(  988): No input device configuration file found for device 'Power Button'.
08-08 20:55:35.761 I/art     (  988): DexFile_isDexOptNeeded failed to open oat file '/data/dalvik-cache/x86/system@priv-app@MmsService@MmsService.apk@classes.dex' for file location '/system/priv-app/MmsService/MmsService.apk': Failed to open oat filename for reading: No such file or directory
08-08 20:55:35.762 W/EventHub(  988): Unable to disable kernel key repeat for /dev/input/event0: Function not implemented
08-08 20:55:35.762 I/EventHub(  988): New device: id=4, fd=80, path='/dev/input/event0', name='Power Button', classes=0x1, configuration='', keyLayout='/system/usr/keylayout/Generic.kl', keyCharacterMap='/system/usr/keychars/Generic.kcm', builtinKeyboard=false, wakeMechanism=EPOLLWAKEUP, usingClockIoctl=true
08-08 20:55:35.762 I/art     (  988): DexFile_isDexOptNeeded file /system/priv-app/MmsService/x86/MmsService.odex needs to be relocated for /system/priv-app/MmsService/MmsService.apk
08-08 20:55:35.762 D/EventHub(  988): No input device configuration file found for device 'AT Translated Set 2 keyboard'.
08-08 20:55:35.763 I/PackageManager(  988): Running patchoat on: com.android.mms.service
08-08 20:55:35.764 E/installd( 1074): Running /system/bin/patchoat isa=x86 in-fd=5 (/system/priv-app/MmsService/x86/MmsService.odex) out-fd=6 (/data/dalvik-cache/x86/system@priv-app@MmsService@MmsService.apk@classes.dex)
08-08 20:55:35.764 I/EventHub(  988): New device: id=5, fd=81, path='/dev/input/event2', name='AT Translated Set 2 keyboard', classes=0x3, configuration='', keyLayout='/system/usr/keylayout/AT_Translated_Set_2_keyboard.kl', keyCharacterMap='/system/usr/keychars/Generic.kcm', builtinKeyboard=false, wakeMechanism=EPOLLWAKEUP, usingClockIoctl=true
08-08 20:55:35.764 E/EventHub(  988): could not get driver version for /dev/input/mice, Not a typewriter
08-08 20:55:35.773 I/art     (  988): DexFile_isDexOptNeeded failed to open oat file '/data/dalvik-cache/x86/system@priv-app@TelephonyProvider@TelephonyProvider.apk@classes.dex' for file location '/system/priv-app/TelephonyProvider/TelephonyProvider.apk': Failed to open oat filename for reading: No such file or directory
08-08 20:55:35.774 I/art     (  988): DexFile_isDexOptNeeded file /system/priv-app/TelephonyProvider/x86/TelephonyProvider.odex needs to be relocated for /system/priv-app/TelephonyProvider/TelephonyProvider.apk
08-08 20:55:35.774 I/PackageManager(  988): Running patchoat on: com.android.providers.telephony
08-08 20:55:35.774 E/installd( 1075): Running /system/bin/patchoat isa=x86 in-fd=5 (/system/priv-app/TelephonyProvider/x86/TelephonyProvider.odex) out-fd=6 (/data/dalvik-cache/x86/system@priv-app@TelephonyProvider@TelephonyProvider.apk@classes.dex)
08-08 20:55:35.783 I/art     (  988): DexFile_isDexOptNeeded failed to open oat file '/data/dalvik-cache/x86/system@priv-app@ProxyHandler@ProxyHandler.apk@classes.dex' for file location '/system/priv-app/ProxyHandler/ProxyHandler.apk': Failed to open oat filename for reading: No such file or directory
08-08 20:55:35.783 I/art     (  988): DexFile_isDexOptNeeded file /system/priv-app/ProxyHandler/x86/ProxyHandler.odex needs to be relocated for /system/priv-app/ProxyHandler/ProxyHandler.apk
08-08 20:55:35.783 I/PackageManager(  988): Running patchoat on: com.android.proxyhandler
08-08 20:55:35.784 E/installd( 1076): Running /system/bin/patchoat isa=x86 in-fd=5 (/system/priv-app/ProxyHandler/x86/ProxyHandler.odex) out-fd=6 (/data/dalvik-cache/x86/system@priv-app@ProxyHandler@ProxyHandler.apk@classes.dex)
08-08 20:55:35.792 I/art     (  988): DexFile_isDexOptNeeded failed to open oat file '/data/dalvik-cache/x86/system@priv-app@DefaultContainerService@DefaultContainerService.apk@classes.dex' for file location '/system/priv-app/DefaultContainerService/DefaultContainerService.apk': Failed to open oat filename for reading: No such file or directory
08-08 20:55:35.792 I/art     (  988): DexFile_isDexOptNeeded file /system/priv-app/DefaultContainerService/x86/DefaultContainerService.odex needs to be relocated for /system/priv-app/DefaultContainerService/DefaultContainerService.apk
08-08 20:55:35.792 I/PackageManager(  988): Running patchoat on: com.android.defcontainer
08-08 20:55:35.793 E/installd( 1077): Running /system/bin/patchoat isa=x86 in-fd=5 (/system/priv-app/DefaultContainerService/x86/DefaultContainerService.odex) out-fd=6 (/data/dalvik-cache/x86/system@priv-app@DefaultContainerService@DefaultContainerService.apk@classes.dex)
08-08 20:55:35.802 I/art     (  988): DexFile_isDexOptNeeded failed to open oat file '/data/dalvik-cache/x86/system@priv-app@Telecom@Telecom.apk@classes.dex' for file location '/system/priv-app/Telecom/Telecom.apk': Failed to open oat filename for reading: No such file or directory
08-08 20:55:35.802 I/art     (  988): DexFile_isDexOptNeeded file /system/priv-app/Telecom/x86/Telecom.odex needs to be relocated for /system/priv-app/Telecom/Telecom.apk
08-08 20:55:35.802 I/PackageManager(  988): Running patchoat on: com.android.server.telecom
08-08 20:55:35.803 E/installd( 1078): Running /system/bin/patchoat isa=x86 in-fd=5 (/system/priv-app/Telecom/x86/Telecom.odex) out-fd=6 (/data/dalvik-cache/x86/system@priv-app@Telecom@Telecom.apk@classes.dex)
08-08 20:55:35.825 I/art     (  988): DexFile_isDexOptNeeded failed to open oat file '/data/dalvik-cache/x86/system@priv-app@SystemUI@SystemUI.apk@classes.dex' for file location '/system/priv-app/SystemUI/SystemUI.apk': Failed to open oat filename for reading: No such file or directory
08-08 20:55:35.825 I/art     (  988): DexFile_isDexOptNeeded file /system/priv-app/SystemUI/x86/SystemUI.odex needs to be relocated for /system/priv-app/SystemUI/SystemUI.apk
08-08 20:55:35.825 I/PackageManager(  988): Running patchoat on: com.android.systemui
08-08 20:55:35.826 E/installd( 1079): Running /system/bin/patchoat isa=x86 in-fd=5 (/system/priv-app/SystemUI/x86/SystemUI.odex) out-fd=6 (/data/dalvik-cache/x86/system@priv-app@SystemUI@SystemUI.apk@classes.dex)
08-08 20:55:35.846 I/InputReader(  988): Device added: id=-1, name='Virtual', sources=0x00000301
08-08 20:55:35.847 I/InputReader(  988): Device added: id=5, name='AT Translated Set 2 keyboard', sources=0x00000101
08-08 20:55:35.847 I/InputReader(  988): Device added: id=4, name='Power Button', sources=0x00000101
08-08 20:55:35.847 I/InputReader(  988): Device added: id=3, name='Sleep Button', sources=0x00000101
08-08 20:55:35.847 I/InputReader(  988):   Touch device 'Genymotion Virtual Input' could not query the properties of its associated display.  The device will be inoperable until the display size becomes available.
08-08 20:55:35.847 I/InputReader(  988): Device added: id=1, name='Genymotion Virtual Input', sources=0x00001303
08-08 20:55:35.848 I/InputReader(  988): Reconfiguring input devices.  changes=0x00000004
08-08 20:55:35.848 I/InputReader(  988): Device reconfigured: id=1, name='Genymotion Virtual Input', size 1440x2560, orientation 0, mode 1, display id 0
08-08 20:55:35.849 I/ActivityManager(  988): Config changes=78 {1.0 ?mcc?mnc en_US ldltr sw360dp w360dp h615dp 640dpi nrml long port ?uimode ?night finger qwerty/v/v dpad/v s.4}
08-08 20:55:35.892 I/art     (  988): DexFile_isDexOptNeeded failed to open oat file '/data/dalvik-cache/x86/system@priv-app@ContactsProvider@ContactsProvider.apk@classes.dex' for file location '/system/priv-app/ContactsProvider/ContactsProvider.apk': Failed to open oat filename for reading: No such file or directory
08-08 20:55:35.892 I/art     (  988): DexFile_isDexOptNeeded file /system/priv-app/ContactsProvider/x86/ContactsProvider.odex needs to be relocated for /system/priv-app/ContactsProvider/ContactsProvider.apk
08-08 20:55:35.892 I/PackageManager(  988): Running patchoat on: com.android.providers.contacts
08-08 20:55:35.893 E/installd( 1080): Running /system/bin/patchoat isa=x86 in-fd=5 (/system/priv-app/ContactsProvider/x86/ContactsProvider.odex) out-fd=6 (/data/dalvik-cache/x86/system@priv-app@ContactsProvider@ContactsProvider.apk@classes.dex)
08-08 20:55:35.919 I/art     (  988): DexFile_isDexOptNeeded failed to open oat file '/data/dalvik-cache/x86/system@priv-app@CalendarProvider@CalendarProvider.apk@classes.dex' for file location '/system/priv-app/CalendarProvider/CalendarProvider.apk': Failed to open oat filename for reading: No such file or directory
08-08 20:55:35.919 I/art     (  988): DexFile_isDexOptNeeded file /system/priv-app/CalendarProvider/x86/CalendarProvider.odex needs to be relocated for /system/priv-app/CalendarProvider/CalendarProvider.apk
08-08 20:55:35.919 I/PackageManager(  988): Running patchoat on: com.android.providers.calendar
08-08 20:55:35.920 E/installd( 1081): Running /system/bin/patchoat isa=x86 in-fd=5 (/system/priv-app/CalendarProvider/x86/CalendarProvider.odex) out-fd=6 (/data/dalvik-cache/x86/system@priv-app@CalendarProvider@CalendarProvider.apk@classes.dex)
08-08 20:55:35.944 I/art     (  988): DexFile_isDexOptNeeded failed to open oat file '/data/dalvik-cache/x86/system@priv-app@MediaProvider@MediaProvider.apk@classes.dex' for file location '/system/priv-app/MediaProvider/MediaProvider.apk': Failed to open oat filename for reading: No such file or directory
08-08 20:55:35.944 I/art     (  988): DexFile_isDexOptNeeded file /system/priv-app/MediaProvider/x86/MediaProvider.odex needs to be relocated for /system/priv-app/MediaProvider/MediaProvider.apk
08-08 20:55:35.944 I/PackageManager(  988): Running patchoat on: com.android.providers.media
08-08 20:55:35.945 E/installd( 1082): Running /system/bin/patchoat isa=x86 in-fd=5 (/system/priv-app/MediaProvider/x86/MediaProvider.odex) out-fd=6 (/data/dalvik-cache/x86/system@priv-app@MediaProvider@MediaProvider.apk@classes.dex)
08-08 20:55:35.953 I/art     (  988): DexFile_isDexOptNeeded failed to open oat file '/data/dalvik-cache/x86/system@priv-app@ManagedProvisioning@ManagedProvisioning.apk@classes.dex' for file location '/system/priv-app/ManagedProvisioning/ManagedProvisioning.apk': Failed to open oat filename for reading: No such file or directory
08-08 20:55:35.953 I/art     (  988): DexFile_isDexOptNeeded file /system/priv-app/ManagedProvisioning/x86/ManagedProvisioning.odex needs to be relocated for /system/priv-app/ManagedProvisioning/ManagedProvisioning.apk
08-08 20:55:35.953 I/PackageManager(  988): Running patchoat on: com.android.managedprovisioning
08-08 20:55:35.954 E/installd( 1083): Running /system/bin/patchoat isa=x86 in-fd=5 (/system/priv-app/ManagedProvisioning/x86/ManagedProvisioning.odex) out-fd=6 (/data/dalvik-cache/x86/system@priv-app@ManagedProvisioning@ManagedProvisioning.apk@classes.dex)
08-08 20:55:35.979 I/art     (  988): DexFile_isDexOptNeeded failed to open oat file '/data/dalvik-cache/x86/system@app@Calculator@Calculator.apk@classes.dex' for file location '/system/app/Calculator/Calculator.apk': Failed to open oat filename for reading: No such file or directory
08-08 20:55:35.980 I/art     (  988): DexFile_isDexOptNeeded file /system/app/Calculator/x86/Calculator.odex needs to be relocated for /system/app/Calculator/Calculator.apk
08-08 20:55:35.981 I/PackageManager(  988): Running patchoat on: com.android.calculator2
08-08 20:55:35.981 E/installd( 1084): Running /system/bin/patchoat isa=x86 in-fd=5 (/system/app/Calculator/x86/Calculator.odex) out-fd=6 (/data/dalvik-cache/x86/system@app@Calculator@Calculator.apk@classes.dex)
08-08 20:55:36.002 I/art     (  988): DexFile_isDexOptNeeded failed to open oat file '/data/dalvik-cache/x86/system@priv-app@ExternalStorageProvider@ExternalStorageProvider.apk@classes.dex' for file location '/system/priv-app/ExternalStorageProvider/ExternalStorageProvider.apk': Failed to open oat filename for reading: No such file or directory
08-08 20:55:36.002 I/art     (  988): DexFile_isDexOptNeeded file /system/priv-app/ExternalStorageProvider/x86/ExternalStorageProvider.odex needs to be relocated for /system/priv-app/ExternalStorageProvider/ExternalStorageProvider.apk
08-08 20:55:36.002 I/PackageManager(  988): Running patchoat on: com.android.externalstorage
08-08 20:55:36.003 E/installd( 1085): Running /system/bin/patchoat isa=x86 in-fd=5 (/system/priv-app/ExternalStorageProvider/x86/ExternalStorageProvider.odex) out-fd=6 (/data/dalvik-cache/x86/system@priv-app@ExternalStorageProvider@ExternalStorageProvider.apk@classes.dex)
08-08 20:55:36.013 I/art     (  988): DexFile_isDexOptNeeded failed to open oat file '/data/dalvik-cache/x86/system@app@PrintSpooler@PrintSpooler.apk@classes.dex' for file location '/system/app/PrintSpooler/PrintSpooler.apk': Failed to open oat filename for reading: No such file or directory
08-08 20:55:36.013 I/art     (  988): DexFile_isDexOptNeeded file /system/app/PrintSpooler/x86/PrintSpooler.odex needs to be relocated for /system/app/PrintSpooler/PrintSpooler.apk
08-08 20:55:36.013 I/PackageManager(  988): Running patchoat on: com.android.printspooler
08-08 20:55:36.014 E/installd( 1086): Running /system/bin/patchoat isa=x86 in-fd=5 (/system/app/PrintSpooler/x86/PrintSpooler.odex) out-fd=6 (/data/dalvik-cache/x86/system@app@PrintSpooler@PrintSpooler.apk@classes.dex)
08-08 20:55:36.042 I/art     (  988): DexFile_isDexOptNeeded failed to open oat file '/data/dalvik-cache/x86/system@app@CMFileManager@CMFileManager.apk@classes.dex' for file location '/system/app/CMFileManager/CMFileManager.apk': Failed to open oat filename for reading: No such file or directory
08-08 20:55:36.042 I/art     (  988): DexFile_isDexOptNeeded file /system/app/CMFileManager/x86/CMFileManager.odex needs to be relocated for /system/app/CMFileManager/CMFileManager.apk
08-08 20:55:36.042 I/PackageManager(  988): Running patchoat on: com.cyanogenmod.filemanager
08-08 20:55:36.043 E/installd( 1087): Running /system/bin/patchoat isa=x86 in-fd=5 (/system/app/CMFileManager/x86/CMFileManager.odex) out-fd=6 (/data/dalvik-cache/x86/system@app@CMFileManager@CMFileManager.apk@classes.dex)
08-08 20:55:36.081 I/AudioFlinger(  707): Using module 1 has the primary audio interface
08-08 20:55:36.081 I/AudioFlinger(  707): AudioFlinger's thread 0xf3701000 ready to run
08-08 20:55:36.086 I/AudioFlinger(  707): AudioFlinger's thread 0xf3783000 ready to run
08-08 20:55:36.086 I/art     (  988): DexFile_isDexOptNeeded failed to open oat file '/data/dalvik-cache/x86/system@app@Galaxy4@Galaxy4.apk@classes.dex' for file location '/system/app/Galaxy4/Galaxy4.apk': Failed to open oat filename for reading: No such file or directory
08-08 20:55:36.087 E/SoundTriggerHwService(  707): couldn't load sound trigger module sound_trigger.primary (No such file or directory)
08-08 20:55:36.087 I/art     (  988): DexFile_isDexOptNeeded file /system/app/Galaxy4/x86/Galaxy4.odex needs to be relocated for /system/app/Galaxy4/Galaxy4.apk
08-08 20:55:36.087 I/PackageManager(  988): Running patchoat on: com.android.galaxy4
08-08 20:55:36.087 E/installd( 1091): Running /system/bin/patchoat isa=x86 in-fd=5 (/system/app/Galaxy4/x86/Galaxy4.odex) out-fd=6 (/data/dalvik-cache/x86/system@app@Galaxy4@Galaxy4.apk@classes.dex)
08-08 20:55:36.097 I/art     (  988): DexFile_isDexOptNeeded failed to open oat file '/data/dalvik-cache/x86/system@app@PacProcessor@PacProcessor.apk@classes.dex' for file location '/system/app/PacProcessor/PacProcessor.apk': Failed to open oat filename for reading: No such file or directory
08-08 20:55:36.097 I/art     (  988): DexFile_isDexOptNeeded file /system/app/PacProcessor/x86/PacProcessor.odex needs to be relocated for /system/app/PacProcessor/PacProcessor.apk
08-08 20:55:36.097 I/PackageManager(  988): Running patchoat on: com.android.pacprocessor
08-08 20:55:36.098 E/installd( 1092): Running /system/bin/patchoat isa=x86 in-fd=5 (/system/app/PacProcessor/x86/PacProcessor.odex) out-fd=6 (/data/dalvik-cache/x86/system@app@PacProcessor@PacProcessor.apk@classes.dex)
08-08 20:55:36.108 I/art     (  988): DexFile_isDexOptNeeded failed to open oat file '/data/dalvik-cache/x86/system@app@QuickSearchBox@QuickSearchBox.apk@classes.dex' for file location '/system/app/QuickSearchBox/QuickSearchBox.apk': Failed to open oat filename for reading: No such file or directory
08-08 20:55:36.108 I/art     (  988): DexFile_isDexOptNeeded file /system/app/QuickSearchBox/x86/QuickSearchBox.odex needs to be relocated for /system/app/QuickSearchBox/QuickSearchBox.apk
08-08 20:55:36.108 I/PackageManager(  988): Running patchoat on: com.android.quicksearchbox
08-08 20:55:36.109 E/installd( 1093): Running /system/bin/patchoat isa=x86 in-fd=5 (/system/app/QuickSearchBox/x86/QuickSearchBox.odex) out-fd=6 (/data/dalvik-cache/x86/system@app@QuickSearchBox@QuickSearchBox.apk@classes.dex)
08-08 20:55:36.126 I/art     (  988): DexFile_isDexOptNeeded failed to open oat file '/data/dalvik-cache/x86/system@app@PhaseBeam@PhaseBeam.apk@classes.dex' for file location '/system/app/PhaseBeam/PhaseBeam.apk': Failed to open oat filename for reading: No such file or directory
08-08 20:55:36.126 I/art     (  988): DexFile_isDexOptNeeded file /system/app/PhaseBeam/x86/PhaseBeam.odex needs to be relocated for /system/app/PhaseBeam/PhaseBeam.apk
08-08 20:55:36.126 I/PackageManager(  988): Running patchoat on: com.android.phasebeam
08-08 20:55:36.127 E/installd( 1094): Running /system/bin/patchoat isa=x86 in-fd=5 (/system/app/PhaseBeam/x86/PhaseBeam.odex) out-fd=6 (/data/dalvik-cache/x86/system@app@PhaseBeam@PhaseBeam.apk@classes.dex)
08-08 20:55:36.137 I/art     (  988): DexFile_isDexOptNeeded failed to open oat file '/data/dalvik-cache/x86/system@app@PackageInstaller@PackageInstaller.apk@classes.dex' for file location '/system/app/PackageInstaller/PackageInstaller.apk': Failed to open oat filename for reading: No such file or directory
08-08 20:55:36.137 I/art     (  988): DexFile_isDexOptNeeded file /system/app/PackageInstaller/x86/PackageInstaller.odex needs to be relocated for /system/app/PackageInstaller/PackageInstaller.apk
08-08 20:55:36.138 I/PackageManager(  988): Running patchoat on: com.android.packageinstaller
08-08 20:55:36.139 E/installd( 1095): Running /system/bin/patchoat isa=x86 in-fd=5 (/system/app/PackageInstaller/x86/PackageInstaller.odex) out-fd=6 (/data/dalvik-cache/x86/system@app@PackageInstaller@PackageInstaller.apk@classes.dex)
08-08 20:55:36.152 I/art     (  988): DexFile_isDexOptNeeded failed to open oat file '/data/dalvik-cache/x86/system@app@Calendar@Calendar.apk@classes.dex' for file location '/system/app/Calendar/Calendar.apk': Failed to open oat filename for reading: No such file or directory
08-08 20:55:36.152 I/art     (  988): DexFile_isDexOptNeeded file /system/app/Calendar/x86/Calendar.odex needs to be relocated for /system/app/Calendar/Calendar.apk
08-08 20:55:36.152 I/PackageManager(  988): Running patchoat on: com.android.calendar
08-08 20:55:36.153 E/installd( 1096): Running /system/bin/patchoat isa=x86 in-fd=5 (/system/app/Calendar/x86/Calendar.odex) out-fd=6 (/data/dalvik-cache/x86/system@app@Calendar@Calendar.apk@classes.dex)
08-08 20:55:36.208 I/art     (  988): DexFile_isDexOptNeeded failed to open oat file '/data/dalvik-cache/x86/system@app@Exchange2@Exchange2.apk@classes.dex' for file location '/system/app/Exchange2/Exchange2.apk': Failed to open oat filename for reading: No such file or directory
08-08 20:55:36.208 I/art     (  988): DexFile_isDexOptNeeded file /system/app/Exchange2/x86/Exchange2.odex needs to be relocated for /system/app/Exchange2/Exchange2.apk
08-08 20:55:36.208 I/PackageManager(  988): Running patchoat on: com.android.exchange
08-08 20:55:36.209 E/installd( 1097): Running /system/bin/patchoat isa=x86 in-fd=5 (/system/app/Exchange2/x86/Exchange2.odex) out-fd=6 (/data/dalvik-cache/x86/system@app@Exchange2@Exchange2.apk@classes.dex)
08-08 20:55:36.290 I/art     (  988): DexFile_isDexOptNeeded failed to open oat file '/data/dalvik-cache/x86/system@app@Provision@Provision.apk@classes.dex' for file location '/system/app/Provision/Provision.apk': Failed to open oat filename for reading: No such file or directory
08-08 20:55:36.290 I/art     (  988): DexFile_isDexOptNeeded file /system/app/Provision/x86/Provision.odex needs to be relocated for /system/app/Provision/Provision.apk
08-08 20:55:36.290 I/PackageManager(  988): Running patchoat on: com.android.provision
08-08 20:55:36.291 E/installd( 1098): Running /system/bin/patchoat isa=x86 in-fd=5 (/system/app/Provision/x86/Provision.odex) out-fd=6 (/data/dalvik-cache/x86/system@app@Provision@Provision.apk@classes.dex)
08-08 20:55:36.300 I/art     (  988): DexFile_isDexOptNeeded failed to open oat file '/data/dalvik-cache/x86/system@app@CubeLiveWallpapers@CubeLiveWallpapers.apk@classes.dex' for file location '/system/app/CubeLiveWallpapers/CubeLiveWallpapers.apk': Failed to open oat filename for reading: No such file or directory
08-08 20:55:36.301 I/art     (  988): DexFile_isDexOptNeeded file /system/app/CubeLiveWallpapers/x86/CubeLiveWallpapers.odex needs to be relocated for /system/app/CubeLiveWallpapers/CubeLiveWallpapers.apk
08-08 20:55:36.301 I/PackageManager(  988): Running patchoat on: com.example.android.livecubes
08-08 20:55:36.302 E/installd( 1099): Running /system/bin/patchoat isa=x86 in-fd=5 (/system/app/CubeLiveWallpapers/x86/CubeLiveWallpapers.odex) out-fd=6 (/data/dalvik-cache/x86/system@app@CubeLiveWallpapers@CubeLiveWallpapers.apk@classes.dex)
08-08 20:55:36.310 I/art     (  988): DexFile_isDexOptNeeded failed to open oat file '/data/dalvik-cache/x86/system@app@webview@webview.apk@classes.dex' for file location '/system/app/webview/webview.apk': Failed to open oat filename for reading: No such file or directory
08-08 20:55:36.310 I/art     (  988): DexFile_isDexOptNeeded file /system/app/webview/x86/webview.odex needs to be relocated for /system/app/webview/webview.apk
08-08 20:55:36.310 I/PackageManager(  988): Running patchoat on: com.android.webview
08-08 20:55:36.311 E/installd( 1100): Running /system/bin/patchoat isa=x86 in-fd=5 (/system/app/webview/x86/webview.odex) out-fd=6 (/data/dalvik-cache/x86/system@app@webview@webview.apk@classes.dex)
08-08 20:55:36.339 I/art     (  988): DexFile_isDexOptNeeded failed to open oat file '/data/dalvik-cache/x86/system@priv-app@MusicFX@MusicFX.apk@classes.dex' for file location '/system/priv-app/MusicFX/MusicFX.apk': Failed to open oat filename for reading: No such file or directory
08-08 20:55:36.339 I/art     (  988): DexFile_isDexOptNeeded file /system/priv-app/MusicFX/x86/MusicFX.odex needs to be relocated for /system/priv-app/MusicFX/MusicFX.apk
08-08 20:55:36.339 I/PackageManager(  988): Running patchoat on: com.android.musicfx
08-08 20:55:36.340 E/installd( 1101): Running /system/bin/patchoat isa=x86 in-fd=5 (/system/priv-app/MusicFX/x86/MusicFX.odex) out-fd=6 (/data/dalvik-cache/x86/system@priv-app@MusicFX@MusicFX.apk@classes.dex)
08-08 20:55:36.351 I/art     (  988): DexFile_isDexOptNeeded failed to open oat file '/data/dalvik-cache/x86/system@app@GenymotionLayout@GenymotionLayout.apk@classes.dex' for file location '/system/app/GenymotionLayout/GenymotionLayout.apk': Failed to open oat filename for reading: No such file or directory
08-08 20:55:36.351 I/art     (  988): DexFile_isDexOptNeeded file /system/app/GenymotionLayout/x86/GenymotionLayout.odex needs to be relocated for /system/app/GenymotionLayout/GenymotionLayout.apk
08-08 20:55:36.351 I/PackageManager(  988): Running patchoat on: com.google.android.launcher.layouts.genymotion
08-08 20:55:36.352 E/installd( 1102): Running /system/bin/patchoat isa=x86 in-fd=5 (/system/app/GenymotionLayout/x86/GenymotionLayout.odex) out-fd=6 (/data/dalvik-cache/x86/system@app@GenymotionLayout@GenymotionLayout.apk@classes.dex)
08-08 20:55:36.360 I/art     (  988): DexFile_isDexOptNeeded failed to open oat file '/data/dalvik-cache/x86/system@priv-app@SharedStorageBackup@SharedStorageBackup.apk@classes.dex' for file location '/system/priv-app/SharedStorageBackup/SharedStorageBackup.apk': Failed to open oat filename for reading: No such file or directory
08-08 20:55:36.360 I/art     (  988): DexFile_isDexOptNeeded file /system/priv-app/SharedStorageBackup/x86/SharedStorageBackup.odex needs to be relocated for /system/priv-app/SharedStorageBackup/SharedStorageBackup.apk
08-08 20:55:36.360 I/PackageManager(  988): Running patchoat on: com.android.sharedstoragebackup
08-08 20:55:36.361 E/installd( 1103): Running /system/bin/patchoat isa=x86 in-fd=5 (/system/priv-app/SharedStorageBackup/x86/SharedStorageBackup.odex) out-fd=6 (/data/dalvik-cache/x86/system@priv-app@SharedStorageBackup@SharedStorageBackup.apk@classes.dex)
08-08 20:55:36.375 I/art     (  988): DexFile_isDexOptNeeded failed to open oat file '/data/dalvik-cache/x86/system@app@DocumentsUI@DocumentsUI.apk@classes.dex' for file location '/system/app/DocumentsUI/DocumentsUI.apk': Failed to open oat filename for reading: No such file or directory
08-08 20:55:36.376 I/art     (  988): DexFile_isDexOptNeeded file /system/app/DocumentsUI/x86/DocumentsUI.odex needs to be relocated for /system/app/DocumentsUI/DocumentsUI.apk
08-08 20:55:36.376 I/PackageManager(  988): Running patchoat on: com.android.documentsui
08-08 20:55:36.376 E/installd( 1104): Running /system/bin/patchoat isa=x86 in-fd=5 (/system/app/DocumentsUI/x86/DocumentsUI.odex) out-fd=6 (/data/dalvik-cache/x86/system@app@DocumentsUI@DocumentsUI.apk@classes.dex)
08-08 20:55:36.407 I/art     (  988): DexFile_isDexOptNeeded failed to open oat file '/data/dalvik-cache/x86/system@app@Superuser@Superuser.apk@classes.dex' for file location '/system/app/Superuser/Superuser.apk': Failed to open oat filename for reading: No such file or directory
08-08 20:55:36.408 I/art     (  988): DexFile_isDexOptNeeded file /system/app/Superuser/x86/Superuser.odex needs to be relocated for /system/app/Superuser/Superuser.apk
08-08 20:55:36.408 I/PackageManager(  988): Running patchoat on: com.genymotion.superuser
08-08 20:55:36.409 E/installd( 1105): Running /system/bin/patchoat isa=x86 in-fd=5 (/system/app/Superuser/x86/Superuser.odex) out-fd=6 (/data/dalvik-cache/x86/system@app@Superuser@Superuser.apk@classes.dex)
08-08 20:55:36.422 I/art     (  988): DexFile_isDexOptNeeded failed to open oat file '/data/dalvik-cache/x86/system@app@DeskClock@DeskClock.apk@classes.dex' for file location '/system/app/DeskClock/DeskClock.apk': Failed to open oat filename for reading: No such file or directory
08-08 20:55:36.422 I/art     (  988): DexFile_isDexOptNeeded file /system/app/DeskClock/x86/DeskClock.odex needs to be relocated for /system/app/DeskClock/DeskClock.apk
08-08 20:55:36.422 I/PackageManager(  988): Running patchoat on: com.android.deskclock
08-08 20:55:36.423 E/installd( 1106): Running /system/bin/patchoat isa=x86 in-fd=5 (/system/app/DeskClock/x86/DeskClock.odex) out-fd=6 (/data/dalvik-cache/x86/system@app@DeskClock@DeskClock.apk@classes.dex)
08-08 20:55:36.454 I/art     (  988): DexFile_isDexOptNeeded failed to open oat file '/data/dalvik-cache/x86/system@app@DownloadProviderUi@DownloadProviderUi.apk@classes.dex' for file location '/system/app/DownloadProviderUi/DownloadProviderUi.apk': Failed to open oat filename for reading: No such file or directory
08-08 20:55:36.454 I/art     (  988): DexFile_isDexOptNeeded file /system/app/DownloadProviderUi/x86/DownloadProviderUi.odex needs to be relocated for /system/app/DownloadProviderUi/DownloadProviderUi.apk
08-08 20:55:36.454 I/PackageManager(  988): Running patchoat on: com.android.providers.downloads.ui
08-08 20:55:36.455 E/installd( 1107): Running /system/bin/patchoat isa=x86 in-fd=5 (/system/app/DownloadProviderUi/x86/DownloadProviderUi.odex) out-fd=6 (/data/dalvik-cache/x86/system@app@DownloadProviderUi@DownloadProviderUi.apk@classes.dex)
08-08 20:55:36.463 I/art     (  988): DexFile_isDexOptNeeded failed to open oat file '/data/dalvik-cache/x86/system@priv-app@BackupRestoreConfirmation@BackupRestoreConfirmation.apk@classes.dex' for file location '/system/priv-app/BackupRestoreConfirmation/BackupRestoreConfirmation.apk': Failed to open oat filename for reading: No such file or directory
08-08 20:55:36.464 I/art     (  988): DexFile_isDexOptNeeded file /system/priv-app/BackupRestoreConfirmation/x86/BackupRestoreConfirmation.odex needs to be relocated for /system/priv-app/BackupRestoreConfirmation/BackupRestoreConfirmation.apk
08-08 20:55:36.465 I/PackageManager(  988): Running patchoat on: com.android.backupconfirm
08-08 20:55:36.466 E/installd( 1108): Running /system/bin/patchoat isa=x86 in-fd=5 (/system/priv-app/BackupRestoreConfirmation/x86/BackupRestoreConfirmation.odex) out-fd=6 (/data/dalvik-cache/x86/system@priv-app@BackupRestoreConfirmation@BackupRestoreConfirmation.apk@classes.dex)
08-08 20:55:36.476 I/art     (  988): DexFile_isDexOptNeeded failed to open oat file '/data/dalvik-cache/x86/system@app@Music@Music.apk@classes.dex' for file location '/system/app/Music/Music.apk': Failed to open oat filename for reading: No such file or directory
08-08 20:55:36.476 I/art     (  988): DexFile_isDexOptNeeded file /system/app/Music/x86/Music.odex needs to be relocated for /system/app/Music/Music.apk
08-08 20:55:36.476 I/PackageManager(  988): Running patchoat on: com.android.music
08-08 20:55:36.478 E/installd( 1109): Running /system/bin/patchoat isa=x86 in-fd=5 (/system/app/Music/x86/Music.odex) out-fd=6 (/data/dalvik-cache/x86/system@app@Music@Music.apk@classes.dex)
08-08 20:55:36.490 I/art     (  988): DexFile_isDexOptNeeded failed to open oat file '/data/dalvik-cache/x86/system@app@SoundRecorder@SoundRecorder.apk@classes.dex' for file location '/system/app/SoundRecorder/SoundRecorder.apk': Failed to open oat filename for reading: No such file or directory
08-08 20:55:36.491 I/art     (  988): DexFile_isDexOptNeeded file /system/app/SoundRecorder/x86/SoundRecorder.odex needs to be relocated for /system/app/SoundRecorder/SoundRecorder.apk
08-08 20:55:36.491 I/PackageManager(  988): Running patchoat on: com.android.soundrecorder
08-08 20:55:36.492 E/installd( 1110): Running /system/bin/patchoat isa=x86 in-fd=5 (/system/app/SoundRecorder/x86/SoundRecorder.odex) out-fd=6 (/data/dalvik-cache/x86/system@app@SoundRecorder@SoundRecorder.apk@classes.dex)
08-08 20:55:36.500 I/art     (  988): DexFile_isDexOptNeeded failed to open oat file '/data/dalvik-cache/x86/system@app@BasicDreams@BasicDreams.apk@classes.dex' for file location '/system/app/BasicDreams/BasicDreams.apk': Failed to open oat filename for reading: No such file or directory
08-08 20:55:36.500 I/art     (  988): DexFile_isDexOptNeeded file /system/app/BasicDreams/x86/BasicDreams.odex needs to be relocated for /system/app/BasicDreams/BasicDreams.apk
08-08 20:55:36.500 I/PackageManager(  988): Running patchoat on: com.android.dreams.basic
08-08 20:55:36.501 E/installd( 1111): Running /system/bin/patchoat isa=x86 in-fd=5 (/system/app/BasicDreams/x86/BasicDreams.odex) out-fd=6 (/data/dalvik-cache/x86/system@app@BasicDreams@BasicDreams.apk@classes.dex)
08-08 20:55:36.509 I/art     (  988): DexFile_isDexOptNeeded failed to open oat file '/data/dalvik-cache/x86/system@app@CaptivePortalLogin@CaptivePortalLogin.apk@classes.dex' for file location '/system/app/CaptivePortalLogin/CaptivePortalLogin.apk': Failed to open oat filename for reading: No such file or directory
08-08 20:55:36.510 I/art     (  988): DexFile_isDexOptNeeded file /system/app/CaptivePortalLogin/x86/CaptivePortalLogin.odex needs to be relocated for /system/app/CaptivePortalLogin/CaptivePortalLogin.apk
08-08 20:55:36.510 I/PackageManager(  988): Running patchoat on: com.android.captiveportallogin
08-08 20:55:36.511 E/installd( 1112): Running /system/bin/patchoat isa=x86 in-fd=5 (/system/app/CaptivePortalLogin/x86/CaptivePortalLogin.odex) out-fd=6 (/data/dalvik-cache/x86/system@app@CaptivePortalLogin@CaptivePortalLogin.apk@classes.dex)
08-08 20:55:36.518 I/art     (  988): DexFile_isDexOptNeeded failed to open oat file '/data/dalvik-cache/x86/system@app@CustomLocale@CustomLocale.apk@classes.dex' for file location '/system/app/CustomLocale/CustomLocale.apk': Failed to open oat filename for reading: No such file or directory
08-08 20:55:36.518 I/art     (  988): DexFile_isDexOptNeeded file /system/app/CustomLocale/x86/CustomLocale.odex needs to be relocated for /system/app/CustomLocale/CustomLocale.apk
08-08 20:55:36.518 I/PackageManager(  988): Running patchoat on: com.android.customlocale2
08-08 20:55:36.519 E/installd( 1113): Running /system/bin/patchoat isa=x86 in-fd=5 (/system/app/CustomLocale/x86/CustomLocale.odex) out-fd=6 (/data/dalvik-cache/x86/system@app@CustomLocale@CustomLocale.apk@classes.dex)
08-08 20:55:36.533 I/art     (  988): DexFile_isDexOptNeeded failed to open oat file '/data/dalvik-cache/x86/system@app@OpenWnn@OpenWnn.apk@classes.dex' for file location '/system/app/OpenWnn/OpenWnn.apk': Failed to open oat filename for reading: No such file or directory
08-08 20:55:36.533 I/art     (  988): DexFile_isDexOptNeeded file /system/app/OpenWnn/x86/OpenWnn.odex needs to be relocated for /system/app/OpenWnn/OpenWnn.apk
08-08 20:55:36.533 I/PackageManager(  988): Running patchoat on: jp.co.omronsoft.openwnn
08-08 20:55:36.534 E/installd( 1114): Running /system/bin/patchoat isa=x86 in-fd=5 (/system/app/OpenWnn/x86/OpenWnn.odex) out-fd=6 (/data/dalvik-cache/x86/system@app@OpenWnn@OpenWnn.apk@classes.dex)
08-08 20:55:36.546 I/art     (  988): DexFile_isDexOptNeeded failed to open oat file '/data/dalvik-cache/x86/system@app@LiveWallpapers@LiveWallpapers.apk@classes.dex' for file location '/system/app/LiveWallpapers/LiveWallpapers.apk': Failed to open oat filename for reading: No such file or directory
08-08 20:55:36.546 I/art     (  988): DexFile_isDexOptNeeded file /system/app/LiveWallpapers/x86/LiveWallpapers.odex needs to be relocated for /system/app/LiveWallpapers/LiveWallpapers.apk
08-08 20:55:36.546 I/PackageManager(  988): Running patchoat on: com.android.wallpaper
08-08 20:55:36.546 E/installd( 1115): Running /system/bin/patchoat isa=x86 in-fd=5 (/system/app/LiveWallpapers/x86/LiveWallpapers.odex) out-fd=6 (/data/dalvik-cache/x86/system@app@LiveWallpapers@LiveWallpapers.apk@classes.dex)
08-08 20:55:36.556 I/art     (  988): DexFile_isDexOptNeeded failed to open oat file '/data/dalvik-cache/x86/system@priv-app@Contacts@Contacts.apk@classes.dex' for file location '/system/priv-app/Contacts/Contacts.apk': Failed to open oat filename for reading: No such file or directory
08-08 20:55:36.557 I/art     (  988): DexFile_isDexOptNeeded file /system/priv-app/Contacts/x86/Contacts.odex needs to be relocated for /system/priv-app/Contacts/Contacts.apk
08-08 20:55:36.557 I/PackageManager(  988): Running patchoat on: com.android.contacts
08-08 20:55:36.558 E/installd( 1116): Running /system/bin/patchoat isa=x86 in-fd=5 (/system/priv-app/Contacts/x86/Contacts.odex) out-fd=6 (/data/dalvik-cache/x86/system@priv-app@Contacts@Contacts.apk@classes.dex)
08-08 20:55:36.622 I/art     (  988): DexFile_isDexOptNeeded failed to open oat file '/data/dalvik-cache/x86/system@app@HoloSpiralWallpaper@HoloSpiralWallpaper.apk@classes.dex' for file location '/system/app/HoloSpiralWallpaper/HoloSpiralWallpaper.apk': Failed to open oat filename for reading: No such file or directory
08-08 20:55:36.622 I/art     (  988): DexFile_isDexOptNeeded file /system/app/HoloSpiralWallpaper/x86/HoloSpiralWallpaper.odex needs to be relocated for /system/app/HoloSpiralWallpaper/HoloSpiralWallpaper.apk
08-08 20:55:36.622 I/PackageManager(  988): Running patchoat on: com.android.wallpaper.holospiral
08-08 20:55:36.623 E/installd( 1117): Running /system/bin/patchoat isa=x86 in-fd=5 (/system/app/HoloSpiralWallpaper/x86/HoloSpiralWallpaper.odex) out-fd=6 (/data/dalvik-cache/x86/system@app@HoloSpiralWallpaper@HoloSpiralWallpaper.apk@classes.dex)
08-08 20:55:36.631 I/art     (  988): DexFile_isDexOptNeeded failed to open oat file '/data/dalvik-cache/x86/system@app@CertInstaller@CertInstaller.apk@classes.dex' for file location '/system/app/CertInstaller/CertInstaller.apk': Failed to open oat filename for reading: No such file or directory
08-08 20:55:36.631 I/art     (  988): DexFile_isDexOptNeeded file /system/app/CertInstaller/x86/CertInstaller.odex needs to be relocated for /system/app/CertInstaller/CertInstaller.apk
08-08 20:55:36.631 I/PackageManager(  988): Running patchoat on: com.android.certinstaller
08-08 20:55:36.632 E/installd( 1118): Running /system/bin/patchoat isa=x86 in-fd=5 (/system/app/CertInstaller/x86/CertInstaller.odex) out-fd=6 (/data/dalvik-cache/x86/system@app@CertInstaller@CertInstaller.apk@classes.dex)
08-08 20:55:36.640 I/art     (  988): DexFile_isDexOptNeeded failed to open oat file '/data/dalvik-cache/x86/system@app@Launcher3@Launcher3.apk@classes.dex' for file location '/system/app/Launcher3/Launcher3.apk': Failed to open oat filename for reading: No such file or directory
08-08 20:55:36.641 I/art     (  988): DexFile_isDexOptNeeded file /system/app/Launcher3/x86/Launcher3.odex needs to be relocated for /system/app/Launcher3/Launcher3.apk
08-08 20:55:36.641 I/PackageManager(  988): Running patchoat on: com.android.launcher3
08-08 20:55:36.642 E/installd( 1119): Running /system/bin/patchoat isa=x86 in-fd=5 (/system/app/Launcher3/x86/Launcher3.odex) out-fd=6 (/data/dalvik-cache/x86/system@app@Launcher3@Launcher3.apk@classes.dex)
08-08 20:55:36.684 I/art     (  988): DexFile_isDexOptNeeded failed to open oat file '/data/dalvik-cache/x86/system@priv-app@DownloadProvider@DownloadProvider.apk@classes.dex' for file location '/system/priv-app/DownloadProvider/DownloadProvider.apk': Failed to open oat filename for reading: No such file or directory
08-08 20:55:36.684 I/art     (  988): DexFile_isDexOptNeeded file /system/priv-app/DownloadProvider/x86/DownloadProvider.odex needs to be relocated for /system/priv-app/DownloadProvider/DownloadProvider.apk
08-08 20:55:36.684 I/PackageManager(  988): Running patchoat on: com.android.providers.downloads
08-08 20:55:36.685 E/installd( 1120): Running /system/bin/patchoat isa=x86 in-fd=5 (/system/priv-app/DownloadProvider/x86/DownloadProvider.odex) out-fd=6 (/data/dalvik-cache/x86/system@priv-app@DownloadProvider@DownloadProvider.apk@classes.dex)
08-08 20:55:36.696 I/art     (  988): DexFile_isDexOptNeeded failed to open oat file '/data/dalvik-cache/x86/system@priv-app@VpnDialogs@VpnDialogs.apk@classes.dex' for file location '/system/priv-app/VpnDialogs/VpnDialogs.apk': Failed to open oat filename for reading: No such file or directory
08-08 20:55:36.697 I/art     (  988): DexFile_isDexOptNeeded file /system/priv-app/VpnDialogs/x86/VpnDialogs.odex needs to be relocated for /system/priv-app/VpnDialogs/VpnDialogs.apk
08-08 20:55:36.697 I/PackageManager(  988): Running patchoat on: com.android.vpndialogs
08-08 20:55:36.697 E/installd( 1121): Running /system/bin/patchoat isa=x86 in-fd=5 (/system/priv-app/VpnDialogs/x86/VpnDialogs.odex) out-fd=6 (/data/dalvik-cache/x86/system@priv-app@VpnDialogs@VpnDialogs.apk@classes.dex)
