08-08 20:55:36.705 I/art     (  988): DexFile_isDexOptNeeded failed to open oat file '/data/dalvik-cache/x86/system@priv-app@WallpaperCropper@WallpaperCropper.apk@classes.dex' for file location '/system/priv-app/WallpaperCropper/WallpaperCropper.apk': Failed to open oat filename for reading: No such file or directory
08-08 20:55:36.706 I/art     (  988): DexFile_isDexOptNeeded file /system/priv-app/WallpaperCropper/x86/WallpaperCropper.odex needs to be relocated for /system/priv-app/WallpaperCropper/WallpaperCropper.apk
08-08 20:55:36.706 I/PackageManager(  988): Running patchoat on: com.android.wallpapercropper
08-08 20:55:36.707 E/installd( 1122): Running /system/bin/patchoat isa=x86 in-fd=5 (/system/priv-app/WallpaperCropper/x86/WallpaperCropper.odex) out-fd=6 (/data/dalvik-cache/x86/system@priv-app@WallpaperCropper@WallpaperCropper.apk@classes.dex)
08-08 20:55:36.728 I/art     (  988): DexFile_isDexOptNeeded failed to open oat file '/data/dalvik-cache/x86/system@priv-app@VoiceDialer@VoiceDialer.apk@classes.dex' for file location '/system/priv-app/VoiceDialer/VoiceDialer.apk': Failed to open oat filename for reading: No such file or directory
08-08 20:55:36.728 I/art     (  988): DexFile_isDexOptNeeded file /system/priv-app/VoiceDialer/x86/VoiceDialer.odex needs to be relocated for /system/priv-app/VoiceDialer/VoiceDialer.apk
08-08 20:55:36.728 I/PackageManager(  988): Running patchoat on: com.android.voicedialer
08-08 20:55:36.729 E/installd( 1123): Running /system/bin/patchoat isa=x86 in-fd=5 (/system/priv-app/VoiceDialer/x86/VoiceDialer.odex) out-fd=6 (/data/dalvik-cache/x86/system@priv-app@VoiceDialer@VoiceDialer.apk@classes.dex)
08-08 20:55:36.736 I/art     (  988): DexFile_isDexOptNeeded failed to open oat file '/data/dalvik-cache/x86/system@priv-app@Mms@Mms.apk@classes.dex' for file location '/system/priv-app/Mms/Mms.apk': Failed to open oat filename for reading: No such file or directory
08-08 20:55:36.737 I/art     (  988): DexFile_isDexOptNeeded file /system/priv-app/Mms/x86/Mms.odex needs to be relocated for /system/priv-app/Mms/Mms.apk
08-08 20:55:36.737 I/PackageManager(  988): Running patchoat on: com.android.mms
08-08 20:55:36.738 E/installd( 1124): Running /system/bin/patchoat isa=x86 in-fd=5 (/system/priv-app/Mms/x86/Mms.odex) out-fd=6 (/data/dalvik-cache/x86/system@priv-app@Mms@Mms.apk@classes.dex)
08-08 20:55:36.763 I/art     (  988): DexFile_isDexOptNeeded failed to open oat file '/data/dalvik-cache/x86/system@app@HTMLViewer@HTMLViewer.apk@classes.dex' for file location '/system/app/HTMLViewer/HTMLViewer.apk': Failed to open oat filename for reading: No such file or directory
08-08 20:55:36.763 I/art     (  988): DexFile_isDexOptNeeded file /system/app/HTMLViewer/x86/HTMLViewer.odex needs to be relocated for /system/app/HTMLViewer/HTMLViewer.apk
08-08 20:55:36.763 I/PackageManager(  988): Running patchoat on: com.android.htmlviewer
08-08 20:55:36.764 E/installd( 1125): Running /system/bin/patchoat isa=x86 in-fd=5 (/system/app/HTMLViewer/x86/HTMLViewer.odex) out-fd=6 (/data/dalvik-cache/x86/system@app@HTMLViewer@HTMLViewer.apk@classes.dex)
08-08 20:55:36.771 I/art     (  988): DexFile_isDexOptNeeded failed to open oat file '/data/dalvik-cache/x86/system@app@Bluetooth@Bluetooth.apk@classes.dex' for file location '/system/app/Bluetooth/Bluetooth.apk': Failed to open oat filename for reading: No such file or directory
08-08 20:55:36.772 I/art     (  988): DexFile_isDexOptNeeded file /system/app/Bluetooth/x86/Bluetooth.odex needs to be relocated for /system/app/Bluetooth/Bluetooth.apk
08-08 20:55:36.772 I/PackageManager(  988): Running patchoat on: com.android.bluetooth
08-08 20:55:36.773 E/installd( 1126): Running /system/bin/patchoat isa=x86 in-fd=5 (/system/app/Bluetooth/x86/Bluetooth.odex) out-fd=6 (/data/dalvik-cache/x86/system@app@Bluetooth@Bluetooth.apk@classes.dex)
08-08 20:55:36.807 I/art     (  988): DexFile_isDexOptNeeded failed to open oat file '/data/dalvik-cache/x86/system@app@UserDictionaryProvider@UserDictionaryProvider.apk@classes.dex' for file location '/system/app/UserDictionaryProvider/UserDictionaryProvider.apk': Failed to open oat filename for reading: No such file or directory
08-08 20:55:36.807 I/art     (  988): DexFile_isDexOptNeeded file /system/app/UserDictionaryProvider/x86/UserDictionaryProvider.odex needs to be relocated for /system/app/UserDictionaryProvider/UserDictionaryProvider.apk
08-08 20:55:36.807 I/PackageManager(  988): Running patchoat on: com.android.providers.userdictionary
08-08 20:55:36.809 E/installd( 1127): Running /system/bin/patchoat isa=x86 in-fd=5 (/system/app/UserDictionaryProvider/x86/UserDictionaryProvider.odex) out-fd=6 (/data/dalvik-cache/x86/system@app@UserDictionaryProvider@UserDictionaryProvider.apk@classes.dex)
08-08 20:55:36.818 I/art     (  988): DexFile_isDexOptNeeded failed to open oat file '/data/dalvik-cache/x86/system@app@PicoTts@PicoTts.apk@classes.dex' for file location '/system/app/PicoTts/PicoTts.apk': Failed to open oat filename for reading: No such file or directory
08-08 20:55:36.818 I/art     (  988): DexFile_isDexOptNeeded file /system/app/PicoTts/x86/PicoTts.odex needs to be relocated for /system/app/PicoTts/PicoTts.apk
08-08 20:55:36.818 I/PackageManager(  988): Running patchoat on: com.svox.pico
08-08 20:55:36.819 E/installd( 1128): Running /system/bin/patchoat isa=x86 in-fd=5 (/system/app/PicoTts/x86/PicoTts.odex) out-fd=6 (/data/dalvik-cache/x86/system@app@PicoTts@PicoTts.apk@classes.dex)
08-08 20:55:36.827 I/art     (  988): DexFile_isDexOptNeeded failed to open oat file '/data/dalvik-cache/x86/system@app@VisualizationWallpapers@VisualizationWallpapers.apk@classes.dex' for file location '/system/app/VisualizationWallpapers/VisualizationWallpapers.apk': Failed to open oat filename for reading: No such file or directory
08-08 20:55:36.827 I/art     (  988): DexFile_isDexOptNeeded file /system/app/VisualizationWallpapers/x86/VisualizationWallpapers.odex needs to be relocated for /system/app/VisualizationWallpapers/VisualizationWallpapers.apk
08-08 20:55:36.827 I/PackageManager(  988): Running patchoat on: com.android.musicvis
08-08 20:55:36.828 E/installd( 1129): Running /system/bin/patchoat isa=x86 in-fd=5 (/system/app/VisualizationWallpapers/x86/VisualizationWallpapers.odex) out-fd=6 (/data/dalvik-cache/x86/system@app@VisualizationWallpapers@VisualizationWallpapers.apk@classes.dex)
08-08 20:55:36.835 I/art     (  988): DexFile_isDexOptNeeded failed to open oat file '/data/dalvik-cache/x86/system@app@Development@Development.apk@classes.dex' for file location '/system/app/Development/Development.apk': Failed to open oat filename for reading: No such file or directory
08-08 20:55:36.835 I/art     (  988): DexFile_isDexOptNeeded file /system/app/Development/x86/Development.odex needs to be relocated for /system/app/Development/Development.apk
08-08 20:55:36.835 I/PackageManager(  988): Running patchoat on: com.android.development
08-08 20:55:36.836 E/installd( 1130): Running /system/bin/patchoat isa=x86 in-fd=5 (/system/app/Development/x86/Development.odex) out-fd=6 (/data/dalvik-cache/x86/system@app@Development@Development.apk@classes.dex)
08-08 20:55:36.846 I/art     (  988): DexFile_isDexOptNeeded failed to open oat file '/data/dalvik-cache/x86/system@app@Gallery2@Gallery2.apk@classes.dex' for file location '/system/app/Gallery2/Gallery2.apk': Failed to open oat filename for reading: No such file or directory
08-08 20:55:36.846 I/art     (  988): DexFile_isDexOptNeeded file /system/app/Gallery2/x86/Gallery2.odex needs to be relocated for /system/app/Gallery2/Gallery2.apk
08-08 20:55:36.846 I/PackageManager(  988): Running patchoat on: com.android.gallery3d
08-08 20:55:36.847 E/installd( 1131): Running /system/bin/patchoat isa=x86 in-fd=5 (/system/app/Gallery2/x86/Gallery2.odex) out-fd=6 (/data/dalvik-cache/x86/system@app@Gallery2@Gallery2.apk@classes.dex)
08-08 20:55:36.924 I/art     (  988): DexFile_isDexOptNeeded failed to open oat file '/data/dalvik-cache/x86/system@priv-app@OneTimeInitializer@OneTimeInitializer.apk@classes.dex' for file location '/system/priv-app/OneTimeInitializer/OneTimeInitializer.apk': Failed to open oat filename for reading: No such file or directory
08-08 20:55:36.924 I/art     (  988): DexFile_isDexOptNeeded file /system/priv-app/OneTimeInitializer/x86/OneTimeInitializer.odex needs to be relocated for /system/priv-app/OneTimeInitializer/OneTimeInitializer.apk
08-08 20:55:36.924 I/PackageManager(  988): Running patchoat on: com.android.onetimeinitializer
08-08 20:55:36.925 E/installd( 1132): Running /system/bin/patchoat isa=x86 in-fd=5 (/system/priv-app/OneTimeInitializer/x86/OneTimeInitializer.odex) out-fd=6 (/data/dalvik-cache/x86/system@priv-app@OneTimeInitializer@OneTimeInitializer.apk@classes.dex)
08-08 20:55:36.933 I/art     (  988): DexFile_isDexOptNeeded failed to open oat file '/data/dalvik-cache/x86/system@app@Browser@Browser.apk@classes.dex' for file location '/system/app/Browser/Browser.apk': Failed to open oat filename for reading: No such file or directory
08-08 20:55:36.933 I/art     (  988): DexFile_isDexOptNeeded file /system/app/Browser/x86/Browser.odex needs to be relocated for /system/app/Browser/Browser.apk
08-08 20:55:36.933 I/PackageManager(  988): Running patchoat on: com.android.browser
08-08 20:55:36.934 E/installd( 1133): Running /system/bin/patchoat isa=x86 in-fd=5 (/system/app/Browser/x86/Browser.odex) out-fd=6 (/data/dalvik-cache/x86/system@app@Browser@Browser.apk@classes.dex)
08-08 20:55:36.968 I/art     (  988): DexFile_isDexOptNeeded failed to open oat file '/data/dalvik-cache/x86/system@app@NoiseField@NoiseField.apk@classes.dex' for file location '/system/app/NoiseField/NoiseField.apk': Failed to open oat filename for reading: No such file or directory
08-08 20:55:36.969 I/art     (  988): DexFile_isDexOptNeeded file /system/app/NoiseField/x86/NoiseField.odex needs to be relocated for /system/app/NoiseField/NoiseField.apk
08-08 20:55:36.969 I/PackageManager(  988): Running patchoat on: com.android.noisefield
08-08 20:55:36.969 E/installd( 1134): Running /system/bin/patchoat isa=x86 in-fd=5 (/system/app/NoiseField/x86/NoiseField.odex) out-fd=6 (/data/dalvik-cache/x86/system@app@NoiseField@NoiseField.apk@classes.dex)
08-08 20:55:36.978 I/art     (  988): DexFile_isDexOptNeeded failed to open oat file '/data/dalvik-cache/x86/system@app@PhotoTable@PhotoTable.apk@classes.dex' for file location '/system/app/PhotoTable/PhotoTable.apk': Failed to open oat filename for reading: No such file or directory
08-08 20:55:36.979 I/art     (  988): DexFile_isDexOptNeeded file /system/app/PhotoTable/x86/PhotoTable.odex needs to be relocated for /system/app/PhotoTable/PhotoTable.apk
08-08 20:55:36.979 I/PackageManager(  988): Running patchoat on: com.android.dreams.phototable
08-08 20:55:36.979 E/installd( 1135): Running /system/bin/patchoat isa=x86 in-fd=5 (/system/app/PhotoTable/x86/PhotoTable.odex) out-fd=6 (/data/dalvik-cache/x86/system@app@PhotoTable@PhotoTable.apk@classes.dex)
08-08 20:55:36.988 I/art     (  988): DexFile_isDexOptNeeded failed to open oat file '/data/dalvik-cache/x86/system@app@WAPPushManager@WAPPushManager.apk@classes.dex' for file location '/system/app/WAPPushManager/WAPPushManager.apk': Failed to open oat filename for reading: No such file or directory
08-08 20:55:36.988 I/art     (  988): DexFile_isDexOptNeeded file /system/app/WAPPushManager/x86/WAPPushManager.odex needs to be relocated for /system/app/WAPPushManager/WAPPushManager.apk
08-08 20:55:36.988 I/PackageManager(  988): Running patchoat on: com.android.smspush
08-08 20:55:36.990 E/installd( 1136): Running /system/bin/patchoat isa=x86 in-fd=5 (/system/app/WAPPushManager/x86/WAPPushManager.odex) out-fd=6 (/data/dalvik-cache/x86/system@app@WAPPushManager@WAPPushManager.apk@classes.dex)
08-08 20:55:36.998 I/art     (  988): DexFile_isDexOptNeeded failed to open oat file '/data/dalvik-cache/x86/system@app@LiveWallpapersPicker@LiveWallpapersPicker.apk@classes.dex' for file location '/system/app/LiveWallpapersPicker/LiveWallpapersPicker.apk': Failed to open oat filename for reading: No such file or directory
08-08 20:55:36.998 I/art     (  988): DexFile_isDexOptNeeded file /system/app/LiveWallpapersPicker/x86/LiveWallpapersPicker.odex needs to be relocated for /system/app/LiveWallpapersPicker/LiveWallpapersPicker.apk
08-08 20:55:36.998 I/PackageManager(  988): Running patchoat on: com.android.wallpaper.livepicker
08-08 20:55:36.999 E/installd( 1137): Running /system/bin/patchoat isa=x86 in-fd=5 (/system/app/LiveWallpapersPicker/x86/LiveWallpapersPicker.odex) out-fd=6 (/data/dalvik-cache/x86/system@app@LiveWallpapersPicker@LiveWallpapersPicker.apk@classes.dex)
08-08 20:55:37.007 I/art     (  988): DexFile_isDexOptNeeded failed to open oat file '/data/dalvik-cache/x86/system@app@Camera2@Camera2.apk@classes.dex' for file location '/system/app/Camera2/Camera2.apk': Failed to open oat filename for reading: No such file or directory
08-08 20:55:37.008 I/art     (  988): DexFile_isDexOptNeeded file /system/app/Camera2/x86/Camera2.odex needs to be relocated for /system/app/Camera2/Camera2.apk
08-08 20:55:37.008 I/PackageManager(  988): Running patchoat on: com.android.camera2
08-08 20:55:37.010 E/installd( 1138): Running /system/bin/patchoat isa=x86 in-fd=5 (/system/app/Camera2/x86/Camera2.odex) out-fd=6 (/data/dalvik-cache/x86/system@app@Camera2@Camera2.apk@classes.dex)
08-08 20:55:37.063 I/art     (  988): DexFile_isDexOptNeeded failed to open oat file '/data/dalvik-cache/x86/system@app@Email@Email.apk@classes.dex' for file location '/system/app/Email/Email.apk': Failed to open oat filename for reading: No such file or directory
08-08 20:55:37.063 I/art     (  988): DexFile_isDexOptNeeded file /system/app/Email/x86/Email.odex needs to be relocated for /system/app/Email/Email.apk
08-08 20:55:37.063 I/PackageManager(  988): Running patchoat on: com.android.email
08-08 20:55:37.065 E/installd( 1139): Running /system/bin/patchoat isa=x86 in-fd=5 (/system/app/Email/x86/Email.odex) out-fd=6 (/data/dalvik-cache/x86/system@app@Email@Email.apk@classes.dex)
08-08 20:55:37.177 I/art     (  988): DexFile_isDexOptNeeded failed to open oat file '/data/dalvik-cache/x86/data@app@GestureBuilder@GestureBuilder.apk@classes.dex' for file location '/data/app/GestureBuilder/GestureBuilder.apk': Failed to open oat filename for reading: No such file or directory
08-08 20:55:37.177 I/art     (  988): DexFile_isDexOptNeeded failed to open oat file '/data/app/GestureBuilder/x86/GestureBuilder.odex' for file location '/data/app/GestureBuilder/GestureBuilder.apk': Failed to open oat filename for reading: No such file or directory
08-08 20:55:37.177 I/PackageManager(  988): Running dexopt on: /data/app/GestureBuilder/GestureBuilder.apk pkg=com.android.gesture.builder isa=x86 vmSafeMode=false
08-08 20:55:37.195 I/dex2oat ( 1140): /system/bin/dex2oat --zip-fd=5 --zip-location=/data/app/GestureBuilder/GestureBuilder.apk --oat-fd=6 --oat-location=/data/dalvik-cache/x86/data@app@GestureBuilder@GestureBuilder.apk@classes.dex --instruction-set=x86 --instruction-set-features=default --runtime-arg -Xms64m --runtime-arg -Xmx512m
08-08 20:55:37.283 I/dex2oat ( 1140): dex2oat took 86.519ms (threads: 4)
08-08 20:55:37.285 I/art     (  988): DexFile_isDexOptNeeded failed to open oat file '/data/dalvik-cache/x86/data@app@ApiDemos@ApiDemos.apk@classes.dex' for file location '/data/app/ApiDemos/ApiDemos.apk': Failed to open oat filename for reading: No such file or directory
08-08 20:55:37.285 I/art     (  988): DexFile_isDexOptNeeded failed to open oat file '/data/app/ApiDemos/x86/ApiDemos.odex' for file location '/data/app/ApiDemos/ApiDemos.apk': Failed to open oat filename for reading: No such file or directory
08-08 20:55:37.285 I/PackageManager(  988): Running dexopt on: /data/app/ApiDemos/ApiDemos.apk pkg=com.example.android.apis isa=x86 vmSafeMode=false
08-08 20:55:37.296 I/dex2oat ( 1145): /system/bin/dex2oat --zip-fd=5 --zip-location=/data/app/ApiDemos/ApiDemos.apk --oat-fd=6 --oat-location=/data/dalvik-cache/x86/data@app@ApiDemos@ApiDemos.apk@classes.dex --instruction-set=x86 --instruction-set-features=default --runtime-arg -Xms64m --runtime-arg -Xmx512m
08-08 20:55:38.158 I/dex2oat ( 1145): dex2oat took 861.025ms (threads: 4)
08-08 20:55:38.162 I/SystemServer(  988): Mount Service
08-08 20:55:38.164 D/MountService(  988): got storage path: /mnt/sdcard description: Internal storage primary: true removable: false emulated: true mtpReserve: 100 allowMassStorage: false maxFileSize: 0
08-08 20:55:38.165 D/MountService(  988): addVolumeLocked() StorageVolume:
08-08 20:55:38.165 D/MountService(  988):     mStorageId=65537 mPath=/storage/emulated/0 mDescriptionId=17040782 
08-08 20:55:38.165 D/MountService(  988):     mPrimary=true mRemovable=false mEmulated=true mMtpReserveSpace=100 
08-08 20:55:38.165 D/MountService(  988):     mAllowMassStorage=false mMaxFileSize=0 mOwner=UserHandle{0} mUuid=null 
08-08 20:55:38.165 D/MountService(  988):     mUserLabel=null mState=null 
08-08 20:55:38.167 I/SystemServer(  988): LockSettingsService
08-08 20:55:38.170 I/SystemServiceManager(  988): Starting com.android.server.devicepolicy.DevicePolicyManagerService$Lifecycle
08-08 20:55:38.178 I/SystemServer(  988): Status Bar
08-08 20:55:38.180 I/PackageManager(  988): No secure containers found
08-08 20:55:38.180 I/SystemServer(  988): Clipboard Service
08-08 20:55:38.180 W/PackageManager(  988): Unknown permission com.google.android.googleapps.permission.GOOGLE_AUTH.mail in package com.android.calendar
08-08 20:55:38.180 W/PackageManager(  988): Unknown permission com.cyanogenmod.filemanager.permissions.READ_THEME in package com.cyanogenmod.filemanager
08-08 20:55:38.180 W/PackageManager(  988): Unknown permission com.google.android.gallery3d.permission.PICASA_STORE in package com.android.dreams.phototable
08-08 20:55:38.180 W/PackageManager(  988): Unknown permission com.google.android.googleapps.permission.GOOGLE_AUTH in package com.android.settings
08-08 20:55:38.181 W/PackageManager(  988): Unknown permission com.android.launcher.permission.READ_SETTINGS in package com.android.settings
08-08 20:55:38.181 W/PackageManager(  988): Unknown permission com.android.launcher.permission.WRITE_SETTINGS in package com.android.settings
08-08 20:55:38.181 W/PackageManager(  988): Not granting permission android.permission.DELETE_PACKAGES to package com.svox.pico (protectionLevel=18 flags=0x8be45)
08-08 20:55:38.181 W/PackageManager(  988): Not granting permission android.permission.BIND_WALLPAPER to package com.android.camera2 (protectionLevel=18 flags=0x58bc45)
08-08 20:55:38.181 W/PackageManager(  988): Unknown permission com.google.android.gallery3d.permission.GALLERY_PROVIDER in package com.android.bluetooth
08-08 20:55:38.181 W/PackageManager(  988): Unknown permission com.android.launcher.permission.READ_SETTINGS in package com.android.onetimeinitializer
08-08 20:55:38.181 W/PackageManager(  988): Unknown permission com.android.launcher.permission.WRITE_SETTINGS in package com.android.onetimeinitializer
08-08 20:55:38.181 W/PackageManager(  988): Not granting permission android.permission.BIND_APPWIDGET to package com.android.launcher3 (protectionLevel=18 flags=0x483e45)
08-08 20:55:38.181 W/PackageManager(  988): Unknown permission com.android.launcher.permission.READ_SETTINGS in package com.android.launcher3
08-08 20:55:38.181 W/PackageManager(  988): Unknown permission com.android.launcher.permission.WRITE_SETTINGS in package com.android.launcher3
08-08 20:55:38.181 W/PackageManager(  988): Not granting permission android.permission.DEVICE_POWER to package com.android.deskclock (protectionLevel=2 flags=0x48be45)
08-08 20:55:38.181 W/PackageManager(  988): Not granting permission android.permission.GLOBAL_SEARCH to package com.android.quicksearchbox (protectionLevel=18 flags=0x8be45)
08-08 20:55:38.182 I/SystemServer(  988): NetworkManagement Service
08-08 20:55:38.182 W/PackageManager(  988): Unknown permission com.google.android.googleapps.permission.GOOGLE_AUTH in package com.android.providers.calendar
08-08 20:55:38.182 W/PackageManager(  988): Unknown permission com.google.android.googleapps.permission.GOOGLE_AUTH.cl in package com.android.providers.calendar
08-08 20:55:38.182 W/PackageManager(  988): Unknown permission android.permission.INSTALL_DRM in package com.android.mms
08-08 20:55:38.182 W/PackageManager(  988): Not granting permission android.permission.ACCESS_DOWNLOAD_MANAGER to package com.android.browser (protectionLevel=18 flags=0x9be45)
08-08 20:55:38.182 W/PackageManager(  988): Not granting permission android.permission.SEND_DOWNLOAD_COMPLETED_INTENTS to package com.android.browser (protectionLevel=2 flags=0x9be45)
08-08 20:55:38.182 W/PackageManager(  988): Unknown permission com.google.android.googleapps.permission.ACCESS_GOOGLE_PASSWORD in package com.android.development
08-08 20:55:38.182 W/PackageManager(  988): Unknown permission com.google.android.googleapps.permission.GOOGLE_AUTH in package com.android.development
08-08 20:55:38.182 W/PackageManager(  988): Unknown permission com.google.android.googleapps.permission.GOOGLE_AUTH.ALL_SERVICES in package com.android.development
08-08 20:55:38.182 W/PackageManager(  988): Unknown permission com.google.android.googleapps.permission.GOOGLE_AUTH.YouTubeUser in package com.android.development
08-08 20:55:38.190 I/SystemServer(  988): Text Service Manager Service
08-08 20:55:38.208 I/SystemServer(  988): Network Score Service
08-08 20:55:38.209 I/SystemServer(  988): NetworkStats Service
08-08 20:55:38.214 I/SystemServer(  988): NetworkPolicy Service
08-08 20:55:38.220 I/SystemServiceManager(  988): Starting com.android.server.wifi.p2p.WifiP2pService
08-08 20:55:38.231 I/WifiP2pService(  988): Registering wifip2p
08-08 20:55:38.232 I/SystemServiceManager(  988): Starting com.android.server.wifi.WifiService
08-08 20:55:38.293 E/WifiConfigStore(  988): associatedPartialScanPeriodMilli set to 20000
08-08 20:55:38.303 D/WifiController(  988): isAirplaneModeOn = false, isWifiEnabled = true, isScanningAvailable = false
08-08 20:55:38.306 I/WifiService(  988): Registering wifi
08-08 20:55:38.308 I/SystemServiceManager(  988): Starting com.android.server.wifi.WifiScanningService
08-08 20:55:38.308 I/WifiScanningService(  988): Creating wifiscanner
08-08 20:55:38.308 I/WifiScanningService(  988): Starting wifiscanner
08-08 20:55:38.310 I/SystemServiceManager(  988): Starting com.android.server.wifi.RttService
08-08 20:55:38.311 I/RttService(  988): Creating rttmanager
08-08 20:55:38.311 I/RttService(  988): Starting rttmanager
08-08 20:55:38.311 I/SystemServer(  988): Connectivity Service
08-08 20:55:38.315 D/ConnectivityService(  988): ConnectivityService starting up
08-08 20:55:38.319 D/ConnectivityService(  988): wifiOnly=false
08-08 20:55:38.326 I/SystemServer(  988): Network Service Discovery Service
08-08 20:55:38.328 D/NsdService(  988): Network service discovery enabled true
08-08 20:55:38.330 I/SystemServer(  988): UpdateLock Service
08-08 20:55:38.331 I/SystemServiceManager(  988): Starting com.android.server.notification.NotificationManagerService
08-08 20:55:38.345 I/SystemServiceManager(  988): Starting com.android.server.storage.DeviceStorageMonitorService
08-08 20:55:38.346 I/SystemServer(  988): Location Manager
08-08 20:55:38.348 I/SystemServer(  988): Country Detector
08-08 20:55:38.349 I/SystemServer(  988): Search Service
08-08 20:55:38.350 I/SystemServer(  988): DropBox Service
08-08 20:55:38.351 I/SystemServer(  988): Wallpaper Service
08-08 20:55:38.353 W/WallpaperManagerService(  988): no current wallpaper -- first boot?
08-08 20:55:38.353 I/SystemServer(  988): Audio Service
08-08 20:55:38.362 W/TelecomManager(  988): Telecom Service not found.
08-08 20:55:38.384 I/SystemServiceManager(  988): Starting com.android.server.DockObserver
08-08 20:55:38.385 W/DockObserver(  988): This kernel does not have dock station support
08-08 20:55:38.400 I/SystemServer(  988): Wired Accessory Manager
08-08 20:55:38.401 W/WiredAccessoryManager(  988): This kernel does not have wired headset support
08-08 20:55:38.402 W/WiredAccessoryManager(  988): This kernel does not have usb audio support
08-08 20:55:38.402 W/WiredAccessoryManager(  988): This kernel does not have HDMI audio support
08-08 20:55:38.402 I/SystemServiceManager(  988): Starting com.android.server.usb.UsbService$Lifecycle
08-08 20:55:38.406 I/SystemServer(  988): Serial Service
08-08 20:55:38.406 I/SystemServiceManager(  988): Starting com.android.server.twilight.TwilightService
08-08 20:55:38.412 I/SystemServiceManager(  988): Starting com.android.server.UiModeManagerService
08-08 20:55:38.414 I/SystemServiceManager(  988): Starting com.android.server.job.JobSchedulerService
08-08 20:55:38.419 I/SystemServiceManager(  988): Starting com.android.server.backup.BackupManagerService$Lifecycle
08-08 20:55:38.427 V/BackupManagerService(  988): No ancestral data
08-08 20:55:38.434 D/BackupManagerService(  988): Now staging backup of com.android.calendar
08-08 20:55:38.440 D/BackupManagerService(  988): Now staging backup of com.android.dialer
08-08 20:55:38.443 D/BackupManagerService(  988): Now staging backup of com.android.providers.userdictionary
08-08 20:55:38.445 D/BackupManagerService(  988): Now staging backup of com.android.sharedstoragebackup
08-08 20:55:38.446 D/BackupManagerService(  988): Now staging backup of com.android.providers.settings
08-08 20:55:38.448 D/BackupManagerService(  988): Now staging backup of android
08-08 20:55:38.450 D/BackupManagerService(  988): Now staging backup of com.android.browser
08-08 20:55:38.452 V/BackupManagerService(  988): Starting with transport android/com.android.internal.backup.LocalTransport
08-08 20:55:38.452 V/BackupManagerService(  988): Found transports: 1
08-08 20:55:38.452 I/BackupManagerService(  988): Binding to transport host ComponentInfo{android/com.android.internal.backup.LocalTransportService}
08-08 20:55:38.457 I/SystemServiceManager(  988): Starting com.android.server.appwidget.AppWidgetService
08-08 20:55:38.459 I/SystemServiceManager(  988): Starting com.android.server.voiceinteraction.VoiceInteractionManagerService
08-08 20:55:38.461 W/SoundTriggerHelper(  988): listModules status=0, # of modules=0
08-08 20:55:38.461 I/SystemServer(  988): DiskStats Service
08-08 20:55:38.462 I/SystemServer(  988): SamplingProfiler Service
08-08 20:55:38.465 I/SystemServer(  988): NetworkTimeUpdateService
08-08 20:55:38.465 I/SystemServer(  988): CommonTimeManagementService
08-08 20:55:38.466 I/SystemServer(  988): CertBlacklister
08-08 20:55:38.467 I/SystemServiceManager(  988): Starting com.android.server.dreams.DreamManagerService
08-08 20:55:38.468 I/SystemServer(  988): Assets Atlas Service
08-08 20:55:38.469 I/SystemServiceManager(  988): Starting com.android.server.print.PrintManagerService
08-08 20:55:38.470 D/Atlas   (  988): Computing best atlas configuration...
08-08 20:55:38.475 D/Atlas   (  988): Running Atlas Worker #2
08-08 20:55:38.475 I/SystemServiceManager(  988): Starting com.android.server.restrictions.RestrictionsManagerService
08-08 20:55:38.478 I/SystemServiceManager(  988): Starting com.android.server.media.MediaSessionService
08-08 20:55:38.479 D/Atlas   (  988): Running Atlas Worker #1
08-08 20:55:38.481 D/Atlas   (  988): Running Atlas Worker #3
08-08 20:55:38.483 I/SystemServer(  988): Media Router Service
08-08 20:55:38.485 D/Atlas   (  988): Running Atlas Worker #4
08-08 20:55:38.485 I/SystemServer(  988): Genyd Service
08-08 20:55:38.486 D/GenydService(  988): GenydService startup
08-08 20:55:38.486 D/Atlas   (  988): Found best atlas configuration in 0.02s
08-08 20:55:38.487 D/Atlas   (  988): Loaded configuration: SliceMinArea (768x768) flags=0x2 count=2
08-08 20:55:38.488 D/        (  973): HostConnection::get() New Host Connection established 0xf6a11080, tid 976
08-08 20:55:38.490 I/SystemServiceManager(  988): Starting com.android.server.trust.TrustManagerService
08-08 20:55:38.494 I/SystemServiceManager(  988): Starting com.android.server.fingerprint.FingerprintService
08-08 20:55:38.494 V/Fingerprint-JNI(  988): nativeInit()
08-08 20:55:38.495 V/Fingerprint-JNI(  988): nativeOpenHal()
08-08 20:55:38.495 E/Fingerprint-JNI(  988): Can't open fingerprint HW Module, error: -2
08-08 20:55:38.495 I/SystemServer(  988): BackgroundDexOptService
08-08 20:55:38.496 I/SystemServiceManager(  988): Starting com.android.server.pm.LauncherAppsService
08-08 20:55:38.498 I/SystemServiceManager(  988): Starting com.android.server.media.projection.MediaProjectionManagerService
08-08 20:55:38.506 I/WindowManager(  988): SAFE MODE not enabled
08-08 20:55:38.510 I/SystemServiceManager(  988): Starting com.android.server.MmsServiceBroker
08-08 20:55:38.531 D/        (  988): HostConnection::get() New Host Connection established 0xe20b0d60, tid 1167
08-08 20:55:38.538 D/libEGL  (  988): loaded /system/lib/egl/libEGL_emulation.so
08-08 20:55:38.538 D/libEGL  (  988): loaded /system/lib/egl/libGLESv1_CM_emulation.so
08-08 20:55:38.539 E/SQLiteLog(  988): (1) no such table: locksettings
08-08 20:55:38.546 I/LockSettingsService(  988): Migrated lock settings to new location
08-08 20:55:38.546 D/libEGL  (  988): loaded /system/lib/egl/libGLESv2_emulation.so
08-08 20:55:38.553 I/LockSettingsService(  988): Migrated per-user lock settings to new location
08-08 20:55:38.553 I/SystemServiceManager(  988): Starting phase 480
08-08 20:55:38.558 I/SystemServiceManager(  988): Starting phase 500
08-08 20:55:38.559 I/WifiService(  988): WifiService starting up with Wi-Fi enabled
08-08 20:55:38.561 D/WifiService(  988): setWifiEnabled: true pid=988, uid=1000
08-08 20:55:38.561 E/WifiService(  988): Invoking mWifiStateMachine.setWifiEnabled
08-08 20:55:38.562 D/WifiController(  988): WifiController msg { when=0 what=155656 target=com.android.internal.util.StateMachine$SmHandler } deferred for 499ms
08-08 20:55:38.571 D/WifiService(  988): New client listening to asynchronous messages
08-08 20:55:38.572 I/WifiScanningService(  988): Registering wifiscanner
08-08 20:55:38.577 D/WifiScanningService(  988): New client, channel: null messenger: null
08-08 20:55:38.577 I/RttService(  988): Registering rttmanager
08-08 20:55:38.578 D/WifiChangeStateMachine(  988): Entering IdleState
08-08 20:55:38.578 D/WifiScanningService(  988): DefaultState
08-08 20:55:38.581 I/ActivityManager(  988): Config changes=200 {1.0 ?mcc?mnc en_US ldltr sw360dp w360dp h615dp 640dpi nrml long port finger qwerty/v/v dpad/v s.5}
08-08 20:55:38.603 I/ActivityManager(  988): Sending system update to ComponentInfo{com.android.providers.calendar/com.android.providers.calendar.CalendarUpgradeReceiver} for user 0
08-08 20:55:38.605 I/ActivityManager(  988): Sending system update to ComponentInfo{com.android.providers.contacts/com.android.providers.contacts.ContactsUpgradeReceiver} for user 0
08-08 20:55:38.605 I/ActivityManager(  988): Sending system update to ComponentInfo{com.android.managedprovisioning/com.android.managedprovisioning.PreBootListener} for user 0
08-08 20:55:38.605 I/ActivityManager(  988): Sending system update to ComponentInfo{com.android.providers.media/com.android.providers.media.MediaUpgradeReceiver} for user 0
08-08 20:55:38.607 I/ActivityManager(  988): Sending system update to ComponentInfo{com.android.settings/com.android.settings.ManagedProfileSetup} for user 0
08-08 20:55:38.614 I/SystemServer(  988): Enabled StrictMode for system server main thread.
08-08 20:55:38.614 D/SurfaceFlinger(  973): Set power mode=2, type=0 flinger=0xf705e000
08-08 20:55:38.614 D/SurfaceFlinger(  973): Screen type=0 is already mode=2
08-08 20:55:38.614 I/DisplayManagerService(  988): Display device changed: DisplayDeviceInfo{"Built-in Screen": 1440 x 2560, 60.000004 fps, supportedRefreshRates [60.000004], density 640, 640.0 x 640.0 dpi, appVsyncOff 0, presDeadline 17666666, touch INTERNAL, rotation 0, type BUILT_IN, state ON, FLAG_DEFAULT_DISPLAY, FLAG_ROTATES_WITH_CONTENT, FLAG_SECURE, FLAG_SUPPORTS_PROTECTED_BUFFERS}
08-08 20:55:38.637 I/Zygote  (  988): Process: zygote socket opened, supported ABIS: x86
08-08 20:55:38.681 I/ActivityManager(  988): Start proc com.android.providers.calendar for broadcast com.android.providers.calendar/.CalendarUpgradeReceiver: pid=1183 uid=10001 gids={50001, 9997, 3003, 1028, 1015} abi=x86
08-08 20:55:38.681 V/ActivityManager(  988): Display changed displayId=0
08-08 20:55:38.682 V/ActivityManager(  988): Display changed displayId=0
08-08 20:55:38.682 V/ActivityManager(  988): Display changed displayId=0
08-08 20:55:38.686 D/Atlas   (  988): Rendered atlas in 149.20ms (0.10+149.10ms)
08-08 20:55:38.703 D/WifiScanningService(  988): SCAN_AVAILABLE : 1
08-08 20:55:38.703 D/RttService(  988): SCAN_AVAILABLE : 1
08-08 20:55:38.708 D/WifiScanningService(  988): DefaultState got{ when=0 what=160007 target=com.android.internal.util.StateMachine$SmHandler }
08-08 20:55:38.709 D/RttService(  988): DefaultState got{ when=-4ms what=160513 target=com.android.internal.util.StateMachine$SmHandler }
08-08 20:55:38.711 W/InputMethodManagerService(  988): Focus gain on non-focused client android.view.inputmethod.InputMethodManager$1@3d491bcf (uid=1000 pid=988)
08-08 20:55:38.711 V/ActivityManager(  988): Display changed displayId=0
08-08 20:55:38.713 V/BackupManagerService(  988): Connected to transport ComponentInfo{android/com.android.internal.backup.LocalTransportService}
08-08 20:55:38.713 V/BackupManagerService(  988): Registering transport android/com.android.internal.backup.LocalTransportService::android/com.android.internal.backup.LocalTransport = android.app.backup.BackupTransport$TransportImpl@28cc00ea
08-08 20:55:38.718 I/ActivityManager(  988): Launching preboot mode app: ProcessRecord{261fdfdb 1183:com.android.providers.calendar/u0a1}
08-08 20:55:38.727 W/ResourcesManager( 1183): Asset path '/system/framework/android.test.runner.jar' does not exist or contains no resources.
08-08 20:55:38.766 I/ActivityManager(  988): Start proc android.process.acore for broadcast com.android.providers.contacts/.ContactsUpgradeReceiver: pid=1211 uid=10002 gids={50002, 9997, 3003, 1028, 1015} abi=x86
08-08 20:55:38.791 I/ActivityManager(  988): Launching preboot mode app: ProcessRecord{30293a78 1211:android.process.acore/u0a2}
08-08 20:55:38.808 I/ContactsUpgradeReceiver( 1211): Creating or opening contacts database
08-08 20:55:38.821 I/ContactsDatabaseHelper( 1211): Bootstrapping database version: 910
08-08 20:55:38.876 I/ContactsProviderV1( 1211): Bootstrapping database legacy support
08-08 20:55:38.947 I/ContactsDatabaseHelper( 1211): Bootstrapping database version: 910
08-08 20:55:39.004 I/ContactsProviderV1( 1211): Bootstrapping database legacy support
08-08 20:55:39.066 D/WifiController(  988): DEFERRED_TOGGLE handled
08-08 20:55:39.068 E/WifiStateMachine(  988): Failed to reload STA firmware java.lang.IllegalArgumentException: command '2 softap fwreload eth1 STA' failed with '501 2 SoftAP command has failed'
08-08 20:55:39.070 D/CommandListener(  706): Setting iface cfg
08-08 20:55:39.070 D/CommandListener(  706): Trying to bring down eth1
08-08 20:55:39.070 D/CommandListener(  706): Clearing all IP addresses on eth1
08-08 20:55:39.071 I/ContactsProvider( 1211): Locale has changed from null to en-US
08-08 20:55:39.074 I/ContactsDatabaseHelper( 1211): Switching to locale en-US (ICU v53.1.0.1)
08-08 20:55:39.108 I/wpa_supplicant( 1232): Successfully initialized wpa_supplicant
08-08 20:55:39.131 I/ContactsDatabaseHelper( 1211): Locale change completed in 57ms
08-08 20:55:39.131 I/ContactsDatabaseHelper( 1211): Switching to locale en-US (ICU v53.1.0.1)
08-08 20:55:39.165 I/ContactsDatabaseHelper( 1211): Locale change completed in 34ms
08-08 20:55:39.177 D/WifiMonitor(  988): startMonitoring(eth1) with mConnected = false
08-08 20:55:39.180 D/WifiConfigStore(  988): Loading config and enabling all networks 
08-08 20:55:39.191 E/WifiConfigStore(  988): Error parsing configuration: java.io.FileNotFoundException: /data/misc/wifi/ipconfig.txt: open failed: ENOENT (No such file or directory)
08-08 20:55:39.192 E/WifiConfigStore(  988): readNetworkHistory: No config file, revert to defaultjava.io.FileNotFoundException: /data/misc/wifi/networkHistory.txt: open failed: ENOENT (No such file or directory)
08-08 20:55:39.193 E/wpa_supplicant( 1232): Line -1: too long model_name (len=46 max_len=32)
08-08 20:55:39.193 E/wpa_supplicant( 1232): Line -1: failed to parse 'model_name=Samsung Galaxy S6 - 5.0.0 - API 21 - 1440x2560'.
08-08 20:55:39.193 E/WifiStateMachine(  988): Failed to set model name Samsung Galaxy S6 - 5.0.0 - API 21 - 1440x2560
08-08 20:55:39.194 E/wpa_supplicant( 1232): Line -1: too long model_number (len=46 max_len=32)
08-08 20:55:39.194 E/wpa_supplicant( 1232): Line -1: failed to parse 'model_number=Samsung Galaxy S6 - 5.0.0 - API 21 - 1440x2560'.
08-08 20:55:39.194 E/WifiStateMachine(  988): Failed to set model number Samsung Galaxy S6 - 5.0.0 - API 21 - 1440x2560
08-08 20:55:39.195 D/WifiNative-HAL(  988): Setting external_sim to 1
08-08 20:55:39.196 D/WifiStateMachine(  988): Setting OUI to DA-A1-19
08-08 20:55:39.196 I/WifiNative-HAL(  988): startHal
08-08 20:55:39.197 E/wifi    (  988): getStaticLongField sWifiHalHandle 0xdfbf184c
08-08 20:55:39.197 D/wifi    (  988): halHandle = 0x0, mVM = 0xf4381200, mCls = 0x30046a
08-08 20:55:39.197 I/WifiNative-HAL(  988): Could not start hal
08-08 20:55:39.199 I/WifiNative-HAL(  988): startHal
08-08 20:55:39.200 E/wifi    (  988): getStaticLongField sWifiHalHandle 0xdfbf181c
08-08 20:55:39.200 D/wifi    (  988): halHandle = 0x0, mVM = 0xf4381200, mCls = 0x10056a
08-08 20:55:39.200 I/WifiNative-HAL(  988): Could not start hal
08-08 20:55:39.201 D/WifiScanningService(  988): SCAN_AVAILABLE : 3
08-08 20:55:39.201 D/RttService(  988): SCAN_AVAILABLE : 3
08-08 20:55:39.201 D/RttService(  988): DefaultState got{ when=0 what=160512 target=com.android.internal.util.StateMachine$SmHandler }
08-08 20:55:39.201 D/WifiScanningService(  988): DefaultState got{ when=0 what=160006 target=com.android.internal.util.StateMachine$SmHandler }
08-08 20:55:39.201 I/WifiNative-HAL(  988): startHal
08-08 20:55:39.201 E/wifi    (  988): getStaticLongField sWifiHalHandle 0xde8f795c
08-08 20:55:39.201 D/wifi    (  988): halHandle = 0x0, mVM = 0xf4381200, mCls = 0x10056e
08-08 20:55:39.201 I/WifiNative-HAL(  988): Could not start hal
08-08 20:55:39.201 E/WifiScanningService(  988): could not start HAL
08-08 20:55:39.201 E/WifiStateMachine(  988): Failed to set frequency band 0
08-08 20:55:39.202 E/native  (  988): do suspend false
08-08 20:55:39.236 I/wpa_supplicant( 1232): eth1: Trying to associate with SSID 'WiredSSID'
08-08 20:55:39.236 I/wpa_supplicant( 1232): eth1: Associated with 01:80:c2:00:00:03
08-08 20:55:39.237 I/wpa_supplicant( 1232): eth1: CTRL-EVENT-CONNECTED - Connection to 01:80:c2:00:00:03 completed [id=0 id_str=]
08-08 20:55:39.237 D/WifiMonitor(  988): didn't find BSSID Trying to associate with SSID 'WiredSSID'
08-08 20:55:39.251 D/ConnectivityService(  988): registerNetworkAgent NetworkAgentInfo{ ni{[type: WIFI[], state: CONNECTING/CONNECTING, reason: (unspecified), extra: 0x, roaming: false, failover: false, isAvailable: true, isConnectedToProvisioningNetwork: false]}  network{null}  lp{{LinkAddresses: []  Routes: [] DnsAddresses: [] Domains: null MTU: 0 TcpBufferSizes: 524288,1048576,2097152,262144,524288,1048576}}  nc{[ Transports: WIFI Capabilities: INTERNET&NOT_RESTRICTED&TRUSTED&NOT_VPN LinkUpBandwidth>=1048576Kbps LinkDnBandwidth>=1048576Kbps]}  Score{20} validated{false} created{false} explicitlySelected{false} }
08-08 20:55:39.252 E/WifiConfigStore(  988): saveWifiConfigBSSID Setting BSSID for "WiredSSID"NONE to any
08-08 20:55:39.252 D/ConnectivityService(  988): NetworkAgentInfo [WIFI () - 100] EVENT_NETWORK_INFO_CHANGED, going from null to CONNECTING
08-08 20:55:39.253 E/WifiConfigStore(  988): saveWifiConfigBSSID Setting BSSID for "WiredSSID"NONE to any
08-08 20:55:39.255 D/CommandListener(  706): Setting iface cfg
08-08 20:55:39.258 E/WifiStateMachine(  988): Start Dhcp Watchdog 1
08-08 20:55:39.260 I/WifiNative-HAL(  988): startHal
08-08 20:55:39.260 E/wifi    (  988): getStaticLongField sWifiHalHandle 0xdfbf18bc
08-08 20:55:39.261 D/wifi    (  988): halHandle = 0x0, mVM = 0xf4381200, mCls = 0x300572
08-08 20:55:39.261 I/WifiNative-HAL(  988): Could not start hal
08-08 20:55:39.263 D/ConnectivityService(  988): updateNetworkScore for NetworkAgentInfo [WIFI () - 100] to 56
08-08 20:55:39.264 E/native  (  988): do suspend false
08-08 20:55:39.265 E/WifiStateMachine(  988): Unexpected BatchedScanResults :null
08-08 20:55:39.391 I/ActivityManager(  988): Start proc com.android.managedprovisioning for broadcast com.android.managedprovisioning/.PreBootListener: pid=1236 uid=10007 gids={50007, 9997, 1028, 3003} abi=x86
08-08 20:55:39.421 I/ActivityManager(  988): Launching preboot mode app: ProcessRecord{4b80f2 1236:com.android.managedprovisioning/u0a7}
08-08 20:55:39.463 I/ActivityManager(  988): Start proc android.process.media for broadcast com.android.providers.media/.MediaUpgradeReceiver: pid=1254 uid=10005 gids={50005, 9997, 1028, 1015, 1023, 1024, 2001, 3003, 3007} abi=x86
08-08 20:55:39.483 I/dhcpcd  ( 1269): version 5.5.6 starting
08-08 20:55:39.493 I/ActivityManager(  988): Launching preboot mode app: ProcessRecord{e9bd343 1254:android.process.media/u0a5}
08-08 20:55:39.513 I/dhcpcd  ( 1269): eth1: broadcasting for a lease
08-08 20:55:39.534 I/dhcpcd  ( 1269): eth1: offered 10.0.3.15 from 10.0.3.2
08-08 20:55:39.535 I/dhcpcd  ( 1269): eth1: acknowledged 10.0.3.15 from 10.0.3.2
08-08 20:55:39.552 I/ActivityManager(  988): Start proc com.android.settings for broadcast com.android.settings/.ManagedProfileSetup: pid=1280 uid=1000 gids={41000, 9997, 1028, 1015, 3002, 3001, 3003} abi=x86
08-08 20:55:39.552 I/dhcpcd  ( 1269): eth1: leased 10.0.3.15 for 86400 seconds
08-08 20:55:39.587 I/ActivityManager(  988): Launching preboot mode app: ProcessRecord{1b898dc0 1280:com.android.settings/1000}
08-08 20:55:39.601 I/ActivityManager(  988): Removing system update proc: ProcessRecord{261fdfdb 1183:com.android.providers.calendar/u0a1}
08-08 20:55:39.601 I/ActivityManager(  988): Killing 1183:com.android.providers.calendar/u0a1 (adj 15): system update done
08-08 20:55:39.630 I/ActivityManager(  988): Removing system update proc: ProcessRecord{30293a78 1211:android.process.acore/u0a2}
08-08 20:55:39.630 I/ActivityManager(  988): Killing 1211:android.process.acore/u0a2 (adj 15): system update done
08-08 20:55:39.660 I/ActivityManager(  988): Removing system update proc: ProcessRecord{4b80f2 1236:com.android.managedprovisioning/u0a7}
08-08 20:55:39.660 I/ActivityManager(  988): Killing 1236:com.android.managedprovisioning/u0a7 (adj 13): system update done
08-08 20:55:39.694 I/ActivityManager(  988): Removing system update proc: ProcessRecord{e9bd343 1254:android.process.media/u0a5}
08-08 20:55:39.694 I/ActivityManager(  988): Killing 1254:android.process.media/u0a5 (adj 11): system update done
08-08 20:55:39.722 I/ActivityManager(  988): Removing system update proc: ProcessRecord{1b898dc0 1280:com.android.settings/1000}
08-08 20:55:39.722 I/ActivityManager(  988): Killing 1280:com.android.settings/1000 (adj 9): system update done
08-08 20:55:39.776 I/ActivityManager(  988): System now ready
08-08 20:55:39.777 W/ActivityManager(  988): Spurious death for ProcessRecord{261fdfdb 1183:com.android.providers.calendar/u0a1}, curProc for 1183: null
08-08 20:55:39.777 W/ActivityManager(  988): Spurious death for ProcessRecord{30293a78 1211:android.process.acore/u0a2}, curProc for 1211: null
08-08 20:55:39.777 W/ActivityManager(  988): Spurious death for ProcessRecord{4b80f2 1236:com.android.managedprovisioning/u0a7}, curProc for 1236: null
08-08 20:55:39.777 W/ActivityManager(  988): Spurious death for ProcessRecord{e9bd343 1254:android.process.media/u0a5}, curProc for 1254: null
08-08 20:55:39.777 W/ActivityManager(  988): Spurious death for ProcessRecord{1b898dc0 1280:com.android.settings/1000}, curProc for 1280: null
08-08 20:55:39.780 I/SystemServer(  988): Making services ready
08-08 20:55:39.780 I/SystemServiceManager(  988): Starting phase 550
08-08 20:55:39.782 I/SystemServer(  988): WebViewFactory preparation
08-08 20:55:39.814 I/ActivityManager(  988): Start proc WebViewLoader-x86 [android.webkit.WebViewFactory$RelroFileCreator] for : pid=1324 uid=1037 gids={} abi=x86
08-08 20:55:39.827 V/WebViewFactory( 1324): RelroFileCreator (64bit = false),  32-bit lib: /system/app/webview/lib/x86/libwebviewchromium.so, 64-bit lib: 
08-08 20:55:39.850 I/ActivityManager(  988): Start proc com.android.systemui for service com.android.systemui/.SystemUIService: pid=1342 uid=10013 gids={50013, 9997, 1028, 1015, 1035, 3002, 3001, 3006} abi=x86
08-08 20:55:39.850 W/MountService(  988): Duplicate state transition (mounted -> mounted) for /storage/emulated/0
08-08 20:55:39.859 D/NetworkManagementService(  988): enabling bandwidth control
08-08 20:55:39.875 E/WifiStateMachine(  988): WifiStateMachine: handleSuccessfulIpConfiguration and no scan results"WiredSSID"NONE
08-08 20:55:39.877 D/ConnectivityService(  988): NetworkAgentInfo [WIFI () - 100] EVENT_NETWORK_INFO_CHANGED, going from CONNECTING to CONNECTED
08-08 20:55:39.877 E/WifiStateMachine(  988): Did not find remoteAddress {10.0.3.2} in /proc/net/arp
08-08 20:55:39.881 I/art     ( 1324): System.exit called, status: 0
08-08 20:55:39.881 I/AndroidRuntime( 1324): VM exiting with result code 0, cleanup skipped.
08-08 20:55:39.914 V/SystemUIService( 1342): Starting SystemUI services.
08-08 20:55:39.936 V/FingerprintService(  988): startListening(android.service.fingerprint.IFingerprintServiceReceiver$Stub$Proxy@200d77a1)
08-08 20:55:39.955 W/linker  (  707): libswresample.so has text relocations. This is wasting memory and prevents security hardening. Please fix.
08-08 20:55:39.955 W/linker  (  707): libavcodec.so has text relocations. This is wasting memory and prevents security hardening. Please fix.
08-08 20:55:39.964 E/WVMExtractor(  707): Failed to open libwvm.so: dlopen failed: library "libwvm.so" not found
08-08 20:55:39.964 V/FFmpegExtractor(  707): SniffFFMPEG
08-08 20:55:39.964 I/FFmpegExtractor(  707): android-source:0xf1505040
08-08 20:55:39.980 D/FFMPEG  (  707): android source begin open
08-08 20:55:39.980 D/FFMPEG  (  707): android open, url: android-source:0xf1505040
08-08 20:55:39.980 D/FFMPEG  (  707): ffmpeg open android data source success, source ptr: 0xf1505040
08-08 20:55:39.980 D/FFMPEG  (  707): android source open success
08-08 20:55:39.987 D/ConnectivityService(  988): Adding iface eth1 to network 100
08-08 20:55:39.990 I/FFMPEG  (  707): Input #0, ogg, from 'android-source:0xf1505040':
08-08 20:55:39.990 I/FFMPEG  (  707):   Duration: 00: