08-08 20:55:29.145 I/art     (  708): Explicit concurrent mark sweep GC freed 1982(88KB) AllocSpace objects, 0(0B) LOS objects, 82% free, 212KB/1236KB, paused 128us total 2.115ms
08-08 20:55:29.149 I/art     (  708): Explicit concurrent mark sweep GC freed 410(29KB) AllocSpace objects, 0(0B) LOS objects, 80% free, 248KB/1272KB, paused 113us total 1.856ms
08-08 20:55:29.169 I/art     (  708): Thread[1,tid=708,WaitingForJniOnLoad,Thread*=0xf4306800,peer=0x12c33140,"main"] recursive attempt to load library "/system/lib/libmedia_jni.so"
08-08 20:55:29.170 D/MtpDeviceJNI(  708): register_android_mtp_MtpDevice
08-08 20:55:29.170 I/art     (  708): Thread[1,tid=708,WaitingForJniOnLoad,Thread*=0xf4306800,peer=0x12c33140,"main"] recursive attempt to load library "/system/lib/libmedia_jni.so"
08-08 20:55:29.170 I/art     (  708): Thread[1,tid=708,WaitingForJniOnLoad,Thread*=0xf4306800,peer=0x12c33140,"main"] recursive attempt to load library "/system/lib/libmedia_jni.so"
08-08 20:55:29.174 W/linker  (  708): libswresample.so has text relocations. This is wasting memory and prevents security hardening. Please fix.
08-08 20:55:29.174 W/linker  (  708): libavcodec.so has text relocations. This is wasting memory and prevents security hardening. Please fix.
08-08 20:55:29.181 I/art     (  708): Explicit concurrent mark sweep GC freed 668(38KB) AllocSpace objects, 0(0B) LOS objects, 79% free, 259KB/1283KB, paused 112us total 2.256ms
08-08 20:55:29.193 I/art     (  708): Explicit concurrent mark sweep GC freed 520(26KB) AllocSpace objects, 0(0B) LOS objects, 78% free, 288KB/1312KB, paused 119us total 2.565ms
08-08 20:55:29.205 I/art     (  708): Explicit concurrent mark sweep GC freed 540(31KB) AllocSpace objects, 0(0B) LOS objects, 76% free, 315KB/1339KB, paused 167us total 3.824ms
08-08 20:55:29.222 I/art     (  708): Explicit concurrent mark sweep GC freed 1850(109KB) AllocSpace objects, 0(0B) LOS objects, 68% free, 480KB/1504KB, paused 141us total 2.590ms
08-08 20:55:29.226 E/EmojiFactory_jni(  708): Failed to load libemoji.so: dlopen failed: library "libemoji.so" not found
08-08 20:55:29.254 I/art     (  708): Explicit concurrent mark sweep GC freed 361(46KB) AllocSpace objects, 0(0B) LOS objects, 56% free, 779KB/1803KB, paused 139us total 3.382ms
08-08 20:55:29.261 I/iptables(  706): iptables v1.4.20: can't initialize iptables table `nat': Table does not exist (do you need to insmod?)
08-08 20:55:29.261 I/iptables(  706): Perhaps iptables or your kernel needs to be upgraded.
08-08 20:55:29.261 I/iptables(  706): iptables terminated by exit(3)
08-08 20:55:29.261 E/Netd    (  706): exec() res=0, status=768 for /system/bin/iptables -t nat -N oem_nat_pre 
08-08 20:55:29.263 I/art     (  708): Explicit concurrent mark sweep GC freed 438(30KB) AllocSpace objects, 0(0B) LOS objects, 56% free, 797KB/1821KB, paused 130us total 2.649ms
08-08 20:55:29.263 I/iptables(  706): iptables v1.4.20: can't initialize iptables table `nat': Table does not exist (do you need to insmod?)
08-08 20:55:29.264 I/iptables(  706): Perhaps iptables or your kernel needs to be upgraded.
08-08 20:55:29.264 I/iptables(  706): iptables terminated by exit(3)
08-08 20:55:29.264 E/Netd    (  706): exec() res=0, status=768 for /system/bin/iptables -t nat -A PREROUTING -j oem_nat_pre 
08-08 20:55:29.270 I/art     (  708): Explicit concurrent mark sweep GC freed 778(49KB) AllocSpace objects, 0(0B) LOS objects, 56% free, 798KB/1822KB, paused 122us total 3.057ms
08-08 20:55:29.277 I/iptables(  706): iptables v1.4.20: can't initialize iptables table `nat': Table does not exist (do you need to insmod?)
08-08 20:55:29.277 I/iptables(  706): Perhaps iptables or your kernel needs to be upgraded.
08-08 20:55:29.277 I/iptables(  706): iptables terminated by exit(3)
08-08 20:55:29.277 E/Netd    (  706): exec() res=0, status=768 for /system/bin/iptables -t nat -N natctrl_nat_POSTROUTING 
08-08 20:55:29.280 I/iptables(  706): iptables v1.4.20: can't initialize iptables table `nat': Table does not exist (do you need to insmod?)
08-08 20:55:29.280 I/iptables(  706): Perhaps iptables or your kernel needs to be upgraded.
08-08 20:55:29.280 I/iptables(  706): iptables terminated by exit(3)
08-08 20:55:29.280 E/Netd    (  706): exec() res=0, status=768 for /system/bin/iptables -t nat -A POSTROUTING -j natctrl_nat_POSTROUTING 
08-08 20:55:29.283 V/NatController(  706): runCmd(/system/bin/iptables -F natctrl_FORWARD) res=0
08-08 20:55:29.285 V/NatController(  706): runCmd(/system/bin/iptables -A natctrl_FORWARD -j DROP) res=0
08-08 20:55:29.286 I/art     (  708): Explicit concurrent mark sweep GC freed 875(101KB) AllocSpace objects, 0(0B) LOS objects, 55% free, 825KB/1849KB, paused 119us total 3.441ms
08-08 20:55:29.289 V/NatController(  706): runCmd(/system/bin/iptables -t nat -F natctrl_nat_POSTROUTING) res=3
08-08 20:55:29.289 E/sdcard  (   95): missing packages.list; retrying
08-08 20:55:29.300 I/art     (  708): Explicit concurrent mark sweep GC freed 623(44KB) AllocSpace objects, 0(0B) LOS objects, 55% free, 830KB/1854KB, paused 112us total 6.629ms
08-08 20:55:29.311 I/art     (  708): Explicit concurrent mark sweep GC freed 259(20KB) AllocSpace objects, 0(0B) LOS objects, 54% free, 858KB/1882KB, paused 118us total 2.567ms
08-08 20:55:29.333 I/art     (  708): Explicit concurrent mark sweep GC freed 20(848B) AllocSpace objects, 0(0B) LOS objects, 45% free, 1243KB/2MB, paused 151us total 4.087ms
08-08 20:55:29.339 I/art     (  708): Explicit concurrent mark sweep GC freed 585(34KB) AllocSpace objects, 0(0B) LOS objects, 44% free, 1258KB/2MB, paused 154us total 3.586ms
08-08 20:55:29.348 I/art     (  708): Explicit concurrent mark sweep GC freed 744(44KB) AllocSpace objects, 0(0B) LOS objects, 44% free, 1262KB/2MB, paused 151us total 2.903ms
08-08 20:55:29.369 I/System  (  708): Loaded time zone names for "" in 20ms (19ms in ICU)
08-08 20:55:29.383 I/System  (  708): Loaded time zone names for "en_US" in 14ms (13ms in ICU)
08-08 20:55:29.391 I/art     (  708): Explicit concurrent mark sweep GC freed 2400(181KB) AllocSpace objects, 0(0B) LOS objects, 41% free, 1420KB/2MB, paused 418us total 6.254ms
08-08 20:55:29.401 I/art     (  708): Explicit concurrent mark sweep GC freed 136(12KB) AllocSpace objects, 0(0B) LOS objects, 40% free, 1486KB/2MB, paused 131us total 3.289ms
08-08 20:55:29.408 I/art     (  708): Explicit concurrent mark sweep GC freed 289(24KB) AllocSpace objects, 0(0B) LOS objects, 39% free, 1538KB/2MB, paused 124us total 3.797ms
08-08 20:55:29.417 I/art     (  708): Explicit concurrent mark sweep GC freed 678(47KB) AllocSpace objects, 0(0B) LOS objects, 39% free, 1539KB/2MB, paused 114us total 3.284ms
08-08 20:55:29.417 I/Zygote  (  708): ...preloaded 3005 classes in 367ms.
08-08 20:55:29.417 I/art     (  708): VMRuntime.preloadDexCaches starting
08-08 20:55:29.444 D/MDnsDS  (  706): MDnsSdListener::Hander starting up
08-08 20:55:29.446 D/MDnsDS  (  706): MDnsSdListener starting to monitor
08-08 20:55:29.446 D/MDnsDS  (  706): Going to poll with pollCount 1
08-08 20:55:29.446 I/art     (  708): VMRuntime.preloadDexCaches strings total=212231 before=38189 after=38189
08-08 20:55:29.446 I/art     (  708): VMRuntime.preloadDexCaches types total=18349 before=6377 after=6409
08-08 20:55:29.446 I/art     (  708): VMRuntime.preloadDexCaches fields total=84632 before=32059 after=32384
08-08 20:55:29.446 I/art     (  708): VMRuntime.preloadDexCaches methods total=150279 before=66177 after=67054
08-08 20:55:29.447 I/art     (  708): VMRuntime.preloadDexCaches finished
08-08 20:55:29.447 I/art     (  708): Counter: 0
08-08 20:55:29.447 I/art     (  708): Counter: 1
08-08 20:55:29.451 I/art     (  708): Explicit concurrent mark sweep GC freed 71(16KB) AllocSpace objects, 0(0B) LOS objects, 40% free, 1524KB/2MB, paused 124us total 4.239ms
08-08 20:55:29.460 D/idmap   (  972): error: no read access to /vendor/overlay: No such file or directory
08-08 20:55:29.463 I/Zygote  (  708): Preloading resources...
08-08 20:55:29.466 W/Resources(  708): Preloaded drawable resource #0x1080096 (android:drawable/toast_frame) that varies with configuration!!
08-08 20:55:29.470 I/art     (  708): Explicit concurrent mark sweep GC freed 61(2688B) AllocSpace objects, 0(0B) LOS objects, 39% free, 1683KB/2MB, paused 135us total 3.811ms
08-08 20:55:29.471 W/Resources(  708): Preloaded drawable resource #0x1080111 (android:drawable/btn_check_on_pressed_holo_light) that varies with configuration!!
08-08 20:55:29.475 I/art     (  708): Explicit concurrent mark sweep GC freed 38(209KB) AllocSpace objects, 0(0B) LOS objects, 39% free, 1540KB/2MB, paused 138us total 3.873ms
08-08 20:55:29.476 W/Resources(  708): Preloaded drawable resource #0x1080110 (android:drawable/btn_check_on_pressed_holo_dark) that varies with configuration!!
08-08 20:55:29.480 I/art     (  708): Explicit concurrent mark sweep GC freed 32(65KB) AllocSpace objects, 0(0B) LOS objects, 39% free, 1540KB/2MB, paused 141us total 4.179ms
08-08 20:55:29.481 W/Resources(  708): Preloaded drawable resource #0x108010d (android:drawable/btn_check_on_holo_light) that varies with configuration!!
08-08 20:55:29.484 I/art     (  708): Explicit concurrent mark sweep GC freed 32(65KB) AllocSpace objects, 0(0B) LOS objects, 39% free, 1540KB/2MB, paused 110us total 2.929ms
08-08 20:55:29.485 W/Resources(  708): Preloaded drawable resource #0x108010c (android:drawable/btn_check_on_holo_dark) that varies with configuration!!
08-08 20:55:29.490 I/art     (  708): Explicit concurrent mark sweep GC freed 32(65KB) AllocSpace objects, 0(0B) LOS objects, 39% free, 1540KB/2MB, paused 170us total 4.196ms
08-08 20:55:29.491 W/Resources(  708): Preloaded drawable resource #0x108010a (android:drawable/btn_check_on_focused_holo_light) that varies with configuration!!
08-08 20:55:29.495 I/art     (  708): Explicit concurrent mark sweep GC freed 32(65KB) AllocSpace objects, 0(0B) LOS objects, 40% free, 1540KB/2MB, paused 125us total 3.281ms
08-08 20:55:29.496 W/Resources(  708): Preloaded drawable resource #0x1080109 (android:drawable/btn_check_on_focused_holo_dark) that varies with configuration!!
08-08 20:55:29.499 I/art     (  708): Explicit concurrent mark sweep GC freed 32(65KB) AllocSpace objects, 0(0B) LOS objects, 39% free, 1541KB/2MB, paused 111us total 3.269ms
08-08 20:55:29.500 W/Resources(  708): Preloaded drawable resource #0x1080108 (android:drawable/btn_check_on_disabled_holo_light) that varies with configuration!!
08-08 20:55:29.503 I/art     (  708): Explicit concurrent mark sweep GC freed 32(65KB) AllocSpace objects, 0(0B) LOS objects, 40% free, 1541KB/2MB, paused 112us total 3.041ms
08-08 20:55:29.507 W/Resources(  708): Preloaded drawable resource #0x1080107 (android:drawable/btn_check_on_disabled_holo_dark) that varies with configuration!!
08-08 20:55:29.511 I/art     (  708): Explicit concurrent mark sweep GC freed 32(65KB) AllocSpace objects, 0(0B) LOS objects, 39% free, 1541KB/2MB, paused 113us total 4.143ms
08-08 20:55:29.512 W/Resources(  708): Preloaded drawable resource #0x1080106 (android:drawable/btn_check_on_disabled_focused_holo_light) that varies with configuration!!
08-08 20:55:29.515 I/art     (  708): Explicit concurrent mark sweep GC freed 32(65KB) AllocSpace objects, 0(0B) LOS objects, 39% free, 1541KB/2MB, paused 122us total 3.297ms
08-08 20:55:29.516 W/Resources(  708): Preloaded drawable resource #0x1080105 (android:drawable/btn_check_on_disabled_focused_holo_dark) that varies with configuration!!
08-08 20:55:29.519 I/art     (  708): Explicit concurrent mark sweep GC freed 32(65KB) AllocSpace objects, 0(0B) LOS objects, 40% free, 1541KB/2MB, paused 122us total 2.938ms
08-08 20:55:29.520 W/Resources(  708): Preloaded drawable resource #0x10800fd (android:drawable/btn_check_off_pressed_holo_light) that varies with configuration!!
08-08 20:55:29.524 I/art     (  708): Explicit concurrent mark sweep GC freed 32(65KB) AllocSpace objects, 0(0B) LOS objects, 39% free, 1542KB/2MB, paused 136us total 3.581ms
08-08 20:55:29.525 W/Resources(  708): Preloaded drawable resource #0x10800fc (android:drawable/btn_check_off_pressed_holo_dark) that varies with configuration!!
08-08 20:55:29.528 I/art     (  708): Explicit concurrent mark sweep GC freed 32(65KB) AllocSpace objects, 0(0B) LOS objects, 40% free, 1542KB/2MB, paused 140us total 3.382ms
08-08 20:55:29.529 W/Resources(  708): Preloaded drawable resource #0x10800f7 (android:drawable/btn_check_off_holo_light) that varies with configuration!!
08-08 20:55:29.532 I/art     (  708): Explicit concurrent mark sweep GC freed 34(65KB) AllocSpace objects, 0(0B) LOS objects, 40% free, 1542KB/2MB, paused 131us total 3.149ms
08-08 20:55:29.533 W/Resources(  708): Preloaded drawable resource #0x10800f6 (android:drawable/btn_check_off_holo_dark) that varies with configuration!!
08-08 20:55:29.536 I/art     (  708): Explicit concurrent mark sweep GC freed 32(65KB) AllocSpace objects, 0(0B) LOS objects, 40% free, 1542KB/2MB, paused 113us total 2.960ms
08-08 20:55:29.537 W/Resources(  708): Preloaded drawable resource #0x10800f4 (android:drawable/btn_check_off_focused_holo_light) that varies with configuration!!
08-08 20:55:29.541 I/art     (  708): Explicit concurrent mark sweep GC freed 32(65KB) AllocSpace objects, 0(0B) LOS objects, 39% free, 1542KB/2MB, paused 108us total 3.674ms
08-08 20:55:29.542 W/Resources(  708): Preloaded drawable resource #0x10800f3 (android:drawable/btn_check_off_focused_holo_dark) that varies with configuration!!
08-08 20:55:29.546 I/art     (  708): Explicit concurrent mark sweep GC freed 32(65KB) AllocSpace objects, 0(0B) LOS objects, 40% free, 1542KB/2MB, paused 148us total 3.898ms
08-08 20:55:29.547 W/Resources(  708): Preloaded drawable resource #0x10800f2 (android:drawable/btn_check_off_disabled_holo_light) that varies with configuration!!
08-08 20:55:29.550 I/art     (  708): Explicit concurrent mark sweep GC freed 32(65KB) AllocSpace objects, 0(0B) LOS objects, 39% free, 1543KB/2MB, paused 123us total 3.118ms
08-08 20:55:29.551 W/Resources(  708): Preloaded drawable resource #0x10800f1 (android:drawable/btn_check_off_disabled_holo_dark) that varies with configuration!!
08-08 20:55:29.554 I/art     (  708): Explicit concurrent mark sweep GC freed 32(65KB) AllocSpace objects, 0(0B) LOS objects, 39% free, 1543KB/2MB, paused 150us total 3.307ms
08-08 20:55:29.556 W/Resources(  708): Preloaded drawable resource #0x10800f0 (android:drawable/btn_check_off_disabled_focused_holo_light) that varies with configuration!!
08-08 20:55:29.560 I/art     (  708): Explicit concurrent mark sweep GC freed 32(65KB) AllocSpace objects, 0(0B) LOS objects, 39% free, 1543KB/2MB, paused 172us total 3.686ms
08-08 20:55:29.561 W/Resources(  708): Preloaded drawable resource #0x10800ef (android:drawable/btn_check_off_disabled_focused_holo_dark) that varies with configuration!!
08-08 20:55:29.564 I/art     (  708): Explicit concurrent mark sweep GC freed 32(65KB) AllocSpace objects, 0(0B) LOS objects, 39% free, 1543KB/2MB, paused 203us total 3.185ms
08-08 20:55:29.565 W/Resources(  708): Preloaded drawable resource #0x108010d (android:drawable/btn_check_on_holo_light) that varies with configuration!!
08-08 20:55:29.566 W/Resources(  708): Preloaded drawable resource #0x10800f7 (android:drawable/btn_check_off_holo_light) that varies with configuration!!
08-08 20:55:29.566 W/Resources(  708): Preloaded drawable resource #0x1080111 (android:drawable/btn_check_on_pressed_holo_light) that varies with configuration!!
08-08 20:55:29.566 W/Resources(  708): Preloaded drawable resource #0x10800fd (android:drawable/btn_check_off_pressed_holo_light) that varies with configuration!!
08-08 20:55:29.567 W/Resources(  708): Preloaded drawable resource #0x108010a (android:drawable/btn_check_on_focused_holo_light) that varies with configuration!!
08-08 20:55:29.568 W/Resources(  708): Preloaded drawable resource #0x10800f4 (android:drawable/btn_check_off_focused_holo_light) that varies with configuration!!
08-08 20:55:29.568 W/Resources(  708): Preloaded drawable resource #0x10800f7 (android:drawable/btn_check_off_holo_light) that varies with configuration!!
08-08 20:55:29.569 W/Resources(  708): Preloaded drawable resource #0x108010d (android:drawable/btn_check_on_holo_light) that varies with configuration!!
08-08 20:55:29.569 W/Resources(  708): Preloaded drawable resource #0x1080108 (android:drawable/btn_check_on_disabled_holo_light) that varies with configuration!!
08-08 20:55:29.570 W/Resources(  708): Preloaded drawable resource #0x10800f2 (android:drawable/btn_check_off_disabled_holo_light) that varies with configuration!!
08-08 20:55:29.570 W/Resources(  708): Preloaded drawable resource #0x1080106 (android:drawable/btn_check_on_disabled_focused_holo_light) that varies with configuration!!
08-08 20:55:29.571 W/Resources(  708): Preloaded drawable resource #0x10800f0 (android:drawable/btn_check_off_disabled_focused_holo_light) that varies with configuration!!
08-08 20:55:29.571 W/Resources(  708): Preloaded drawable resource #0x10800f2 (android:drawable/btn_check_off_disabled_holo_light) that varies with configuration!!
08-08 20:55:29.572 W/Resources(  708): Preloaded drawable resource #0x1080108 (android:drawable/btn_check_on_disabled_holo_light) that varies with configuration!!
08-08 20:55:29.572 W/Resources(  708): Preloaded drawable resource #0x10800e5 (android:drawable/btn_check_holo_light) that varies with configuration!!
08-08 20:55:29.579 I/art     (  708): Explicit concurrent mark sweep GC freed 145(902KB) AllocSpace objects, 0(0B) LOS objects, 40% free, 1547KB/2MB, paused 127us total 5.628ms
08-08 20:55:29.581 W/Resources(  708): Preloaded drawable resource #0x108010c (android:drawable/btn_check_on_holo_dark) that varies with configuration!!
08-08 20:55:29.582 W/Resources(  708): Preloaded drawable resource #0x10800f6 (android:drawable/btn_check_off_holo_dark) that varies with configuration!!
08-08 20:55:29.582 W/Resources(  708): Preloaded drawable resource #0x1080110 (android:drawable/btn_check_on_pressed_holo_dark) that varies with configuration!!
08-08 20:55:29.583 W/Resources(  708): Preloaded drawable resource #0x10800fc (android:drawable/btn_check_off_pressed_holo_dark) that varies with configuration!!
08-08 20:55:29.584 W/Resources(  708): Preloaded drawable resource #0x1080109 (android:drawable/btn_check_on_focused_holo_dark) that varies with configuration!!
08-08 20:55:29.584 W/Resources(  708): Preloaded drawable resource #0x10800f3 (android:drawable/btn_check_off_focused_holo_dark) that varies with configuration!!
08-08 20:55:29.584 W/Resources(  708): Preloaded drawable resource #0x10800f6 (android:drawable/btn_check_off_holo_dark) that varies with configuration!!
08-08 20:55:29.585 W/Resources(  708): Preloaded drawable resource #0x108010c (android:drawable/btn_check_on_holo_dark) that varies with configuration!!
08-08 20:55:29.586 W/Resources(  708): Preloaded drawable resource #0x1080107 (android:drawable/btn_check_on_disabled_holo_dark) that varies with configuration!!
08-08 20:55:29.587 W/Resources(  708): Preloaded drawable resource #0x10800f1 (android:drawable/btn_check_off_disabled_holo_dark) that varies with configuration!!
08-08 20:55:29.589 W/Resources(  708): Preloaded drawable resource #0x1080105 (android:drawable/btn_check_on_disabled_focused_holo_dark) that varies with configuration!!
08-08 20:55:29.590 W/Resources(  708): Preloaded drawable resource #0x10800ef (android:drawable/btn_check_off_disabled_focused_holo_dark) that varies with configuration!!
08-08 20:55:29.592 W/Resources(  708): Preloaded drawable resource #0x10800f1 (android:drawable/btn_check_off_disabled_holo_dark) that varies with configuration!!
08-08 20:55:29.593 W/Resources(  708): Preloaded drawable resource #0x1080107 (android:drawable/btn_check_on_disabled_holo_dark) that varies with configuration!!
08-08 20:55:29.593 W/Resources(  708): Preloaded drawable resource #0x10800e4 (android:drawable/btn_check_holo_dark) that varies with configuration!!
08-08 20:55:29.600 I/art     (  708): Explicit concurrent mark sweep GC freed 120(901KB) AllocSpace objects, 0(0B) LOS objects, 39% free, 1547KB/2MB, paused 111us total 3.176ms
08-08 20:55:29.601 W/Resources(  708): Preloaded drawable resource #0x10801c3 (android:drawable/btn_radio_on_pressed_holo_light) that varies with configuration!!
08-08 20:55:29.604 I/art     (  708): Explicit concurrent mark sweep GC freed 86(68KB) AllocSpace objects, 0(0B) LOS objects, 39% free, 1545KB/2MB, paused 247us total 3.224ms
08-08 20:55:29.606 W/Resources(  708): Preloaded drawable resource #0x10801c2 (android:drawable/btn_radio_on_pressed_holo_dark) that varies with configuration!!
08-08 20:55:29.610 I/art     (  708): Explicit concurrent mark sweep GC freed 32(65KB) AllocSpace objects, 0(0B) LOS objects, 39% free, 1545KB/2MB, paused 167us total 3.589ms
08-08 20:55:29.611 W/Resources(  708): Preloaded drawable resource #0x10801bf (android:drawable/btn_radio_on_holo_light) that varies with configuration!!
08-08 20:55:29.616 I/art     (  708): Explicit concurrent mark sweep GC freed 32(65KB) AllocSpace objects, 0(0B) LOS objects, 39% free, 1545KB/2MB, paused 152us total 4.546ms
08-08 20:55:29.617 W/Resources(  708): Preloaded drawable resource #0x10801be (android:drawable/btn_radio_on_holo_dark) that varies with configuration!!
08-08 20:55:29.620 I/art     (  708): Explicit concurrent mark sweep GC freed 32(65KB) AllocSpace objects, 0(0B) LOS objects, 39% free, 1545KB/2MB, paused 136us total 3.182ms
08-08 20:55:29.621 W/Resources(  708): Preloaded drawable resource #0x10801bc (android:drawable/btn_radio_on_focused_holo_light) that varies with configuration!!
08-08 20:55:29.625 I/art     (  708): Explicit concurrent mark sweep GC freed 32(65KB) AllocSpace objects, 0(0B) LOS objects, 40% free, 1545KB/2MB, paused 151us total 3.445ms
08-08 20:55:29.626 W/Resources(  708): Preloaded drawable resource #0x10801bb (android:drawable/btn_radio_on_focused_holo_dark) that varies with configuration!!
08-08 20:55:29.630 I/art     (  708): Explicit concurrent mark sweep GC freed 32(65KB) AllocSpace objects, 0(0B) LOS objects, 39% free, 1545KB/2MB, paused 126us total 3.445ms
08-08 20:55:29.631 W/Resources(  708): Preloaded drawable resource #0x10801ba (android:drawable/btn_radio_on_disabled_holo_light) that varies with configuration!!
08-08 20:55:29.634 I/art     (  708): Explicit concurrent mark sweep GC freed 34(66KB) AllocSpace objects, 0(0B) LOS objects, 39% free, 1546KB/2MB, paused 125us total 3.215ms
08-08 20:55:29.635 W/Resources(  708): Preloaded drawable resource #0x10801b9 (android:drawable/btn_radio_on_disabled_holo_dark) that varies with configuration!!
08-08 20:55:29.639 I/art     (  708): Explicit concurrent mark sweep GC freed 32(65KB) AllocSpace objects, 0(0B) LOS objects, 39% free, 1546KB/2MB, paused 134us total 3.520ms
08-08 20:55:29.640 W/Resources(  708): Preloaded drawable resource #0x10801b8 (android:drawable/btn_radio_on_disabled_focused_holo_light) that varies with configuration!!
08-08 20:55:29.644 I/art     (  708): Explicit concurrent mark sweep GC freed 32(65KB) AllocSpace objects, 0(0B) LOS objects, 39% free, 1546KB/2MB, paused 247us total 3.752ms
08-08 20:55:29.645 W/Resources(  708): Preloaded drawable resource #0x10801b7 (android:drawable/btn_radio_on_disabled_focused_holo_dark) that varies with configuration!!
08-08 20:55:29.648 I/art     (  708): Explicit concurrent mark sweep GC freed 32(65KB) AllocSpace objects, 0(0B) LOS objects, 39% free, 1546KB/2MB, paused 110us total 2.968ms
08-08 20:55:29.649 W/Resources(  708): Preloaded drawable resource #0x10801b3 (android:drawable/btn_radio_off_pressed_holo_light) that varies with configuration!!
08-08 20:55:29.652 I/art     (  708): Explicit concurrent mark sweep GC freed 32(65KB) AllocSpace objects, 0(0B) LOS objects, 40% free, 1546KB/2MB, paused 125us total 3.095ms
08-08 20:55:29.653 W/Resources(  708): Preloaded drawable resource #0x10801b2 (android:drawable/btn_radio_off_pressed_holo_dark) that varies with configuration!!
08-08 20:55:29.657 I/art     (  708): Explicit concurrent mark sweep GC freed 32(65KB) AllocSpace objects, 0(0B) LOS objects, 39% free, 1547KB/2MB, paused 125us total 3.696ms
08-08 20:55:29.658 W/Resources(  708): Preloaded drawable resource #0x10801af (android:drawable/btn_radio_off_holo_light) that varies with configuration!!
08-08 20:55:29.661 I/art     (  708): Explicit concurrent mark sweep GC freed 32(65KB) AllocSpace objects, 0(0B) LOS objects, 39% free, 1547KB/2MB, paused 124us total 3.207ms
08-08 20:55:29.662 W/Resources(  708): Preloaded drawable resource #0x10801ae (android:drawable/btn_radio_off_holo_dark) that varies with configuration!!
08-08 20:55:29.666 I/art     (  708): Explicit concurrent mark sweep GC freed 32(65KB) AllocSpace objects, 0(0B) LOS objects, 39% free, 1547KB/2MB, paused 112us total 3.659ms
08-08 20:55:29.666 W/Resources(  708): Preloaded drawable resource #0x10801ac (android:drawable/btn_radio_off_focused_holo_light) that varies with configuration!!
08-08 20:55:29.669 I/art     (  708): Explicit concurrent mark sweep GC freed 32(65KB) AllocSpace objects, 0(0B) LOS objects, 39% free, 1547KB/2MB, paused 121us total 2.782ms
08-08 20:55:29.670 W/Resources(  708): Preloaded drawable resource #0x10801ab (android:drawable/btn_radio_off_focused_holo_dark) that varies with configuration!!
08-08 20:55:29.674 I/art     (  708): Explicit concurrent mark sweep GC freed 32(65KB) AllocSpace objects, 0(0B) LOS objects, 39% free, 1547KB/2MB, paused 112us total 3.426ms
08-08 20:55:29.675 W/Resources(  708): Preloaded drawable resource #0x10801aa (android:drawable/btn_radio_off_disabled_holo_light) that varies with configuration!!
08-08 20:55:29.679 I/art     (  708): Explicit concurrent mark sweep GC freed 32(65KB) AllocSpace objects, 0(0B) LOS objects, 39% free, 1547KB/2MB, paused 154us total 3.875ms
08-08 20:55:29.680 W/Resources(  708): Preloaded drawable resource #0x10801a9 (android:drawable/btn_radio_off_disabled_holo_dark) that varies with configuration!!
08-08 20:55:29.683 I/art     (  708): Explicit concurrent mark sweep GC freed 32(65KB) AllocSpace objects, 0(0B) LOS objects, 40% free, 1548KB/2MB, paused 111us total 3.053ms
08-08 20:55:29.684 W/Resources(  708): Preloaded drawable resource #0x10801a8 (android:drawable/btn_radio_off_disabled_focused_holo_light) that varies with configuration!!
08-08 20:55:29.687 I/art     (  708): Explicit concurrent mark sweep GC freed 32(65KB) AllocSpace objects, 0(0B) LOS objects, 40% free, 1548KB/2MB, paused 125us total 2.983ms
08-08 20:55:29.688 W/Resources(  708): Preloaded drawable resource #0x10801a7 (android:drawable/btn_radio_off_disabled_focused_holo_dark) that varies with configuration!!
08-08 20:55:29.692 I/art     (  708): Explicit concurrent mark sweep GC freed 32(65KB) AllocSpace objects, 0(0B) LOS objects, 40% free, 1548KB/2MB, paused 151us total 3.827ms
08-08 20:55:29.693 W/Resources(  708): Preloaded drawable resource #0x1080152 (android:drawable/btn_default_pressed_holo_light) that varies with configuration!!
08-08 20:55:29.696 I/art     (  708): Explicit concurrent mark sweep GC freed 31(1856B) AllocSpace objects, 0(0B) LOS objects, 39% free, 1600KB/2MB, paused 124us total 3.024ms
08-08 20:55:29.697 W/Resources(  708): Preloaded drawable resource #0x1080151 (android:drawable/btn_default_pressed_holo_dark) that varies with configuration!!
08-08 20:55:29.701 I/art     (  708): Explicit concurrent mark sweep GC freed 37(54KB) AllocSpace objects, 0(0B) LOS objects, 40% free, 1600KB/2MB, paused 149us total 3.426ms
08-08 20:55:29.701 W/Resources(  708): Preloaded drawable resource #0x108014e (android:drawable/btn_default_normal_holo_light) that varies with configuration!!
08-08 20:55:29.706 I/art     (  708): Explicit concurrent mark sweep GC freed 37(54KB) AllocSpace objects, 0(0B) LOS objects, 39% free, 1601KB/2MB, paused 169us total 4.023ms
08-08 20:55:29.707 W/Resources(  708): Preloaded drawable resource #0x108014d (android:drawable/btn_default_normal_holo_dark) that varies with configuration!!
08-08 20:55:29.711 I/art     (  708): Explicit concurrent mark sweep GC freed 37(54KB) AllocSpace objects, 0(0B) LOS objects, 39% free, 1601KB/2MB, paused 164us total 4.067ms
08-08 20:55:29.712 W/Resources(  708): Preloaded drawable resource #0x1080144 (android:drawable/btn_default_focused_holo_light) that varies with configuration!!
08-08 20:55:29.715 I/art     (  708): Explicit concurrent mark sweep GC freed 37(54KB) AllocSpace objects, 0(0B) LOS objects, 39% free, 1601KB/2MB, paused 120us total 3.228ms
08-08 20:55:29.721 W/Resources(  708): Preloaded drawable resource #0x1080143 (android:drawable/btn_default_focused_holo_dark) that varies with configuration!!
08-08 20:55:29.726 I/art     (  708): Explicit concurrent mark sweep GC freed 37(54KB) AllocSpace objects, 0(0B) LOS objects, 39% free, 1601KB/2MB, paused 131us total 3.923ms
08-08 20:55:29.727 W/Resources(  708): Preloaded drawable resource #0x1080141 (android:drawable/btn_default_disabled_holo_light) that varies with configuration!!
08-08 20:55:29.730 I/art     (  708): Explicit concurrent mark sweep GC freed 37(54KB) AllocSpace objects, 0(0B) LOS objects, 39% free, 1601KB/2MB, paused 125us total 3.428ms
08-08 20:55:29.731 W/Resources(  708): Preloaded drawable resource #0x1080140 (android:drawable/btn_default_disabled_holo_dark) that varies with configuration!!
08-08 20:55:29.734 I/art     (  708): Explicit concurrent mark sweep GC freed 37(54KB) AllocSpace objects, 0(0B) LOS objects, 40% free, 1601KB/2MB, paused 121us total 3.079ms
08-08 20:55:29.735 W/Resources(  708): Preloaded drawable resource #0x108013e (android:drawable/btn_default_disabled_focused_holo_light) that varies with configuration!!
08-08 20:55:29.738 I/art     (  708): Explicit concurrent mark sweep GC freed 37(54KB) AllocSpace objects, 0(0B) LOS objects, 40% free, 1602KB/2MB, paused 217us total 3.171ms
08-08 20:55:29.740 W/Resources(  708): Preloaded drawable resource #0x108013d (android:drawable/btn_default_disabled_focused_holo_dark) that varies with configuration!!
08-08 20:55:29.744 I/art     (  708): Explicit concurrent mark sweep GC freed 37(54KB) AllocSpace objects, 0(0B) LOS objects, 40% free, 1602KB/2MB, paused 148us total 3.181ms
08-08 20:55:29.745 W/Resources(  708): Preloaded drawable resource #0x108014d (android:drawable/btn_default_normal_holo_dark) that varies with configuration!!
08-08 20:55:29.745 W/Resources(  708): Preloaded drawable resource #0x1080140 (android:drawable/btn_default_disabled_holo_dark) that varies with configuration!!
08-08 20:55:29.746 W/Resources(  708): Preloaded drawable resource #0x1080151 (android:drawable/btn_default_pressed_holo_dark) that varies with configuration!!
08-08 20:55:29.747 W/Resources(  708): Preloaded drawable resource #0x1080143 (android:drawable/btn_default_focused_holo_dark) that varies with configuration!!
08-08 20:55:29.747 W/Resources(  708): Preloaded drawable resource #0x108014d (android:drawable/btn_default_normal_holo_dark) that varies with configuration!!
08-08 20:55:29.748 W/Resources(  708): Preloaded drawable resource #0x108013d (android:drawable/btn_default_disabled_focused_holo_dark) that varies with configuration!!
08-08 20:55:29.748 W/Resources(  708): Preloaded drawable resource #0x1080140 (android:drawable/btn_default_disabled_holo_dark) that varies with configuration!!
08-08 20:55:29.748 W/Resources(  708): Preloaded drawable resource #0x1080145 (android:drawable/btn_default_holo_dark) that varies with configuration!!
08-08 20:55:29.752 I/art     (  708): Explicit concurrent mark sweep GC freed 197(64KB) AllocSpace objects, 0(0B) LOS objects, 40% free, 1918KB/3MB, paused 132us total 3.448ms
08-08 20:55:29.753 W/Resources(  708): Preloaded drawable resource #0x108014e (android:drawable/btn_default_normal_holo_light) that varies with configuration!!
08-08 20:55:29.754 W/Resources(  708): Preloaded drawable resource #0x1080141 (android:drawable/btn_default_disabled_holo_light) that varies with configuration!!
08-08 20:55:29.755 W/Resources(  708): Preloaded drawable resource #0x1080152 (android:drawable/btn_default_pressed_holo_light) that varies with configuration!!
08-08 20:55:29.755 W/Resources(  708): Preloaded drawable resource #0x1080144 (android:drawable/btn_default_focused_holo_light) that varies with configuration!!
08-08 20:55:29.756 W/Resources(  708): Preloaded drawable resource #0x108014e (android:drawable/btn_default_normal_holo_light) that varies with configuration!!
08-08 20:55:29.757 W/Resources(  708): Preloaded drawable resource #0x108013e (android:drawable/btn_default_disabled_focused_holo_light) that varies with configuration!!
08-08 20:55:29.757 W/Resources(  708): Preloaded drawable resource #0x1080141 (android:drawable/btn_default_disabled_holo_light) that varies with configuration!!
08-08 20:55:29.757 W/Resources(  708): Preloaded drawable resource #0x1080146 (android:drawable/btn_default_holo_light) that varies with configuration!!
08-08 20:55:29.762 I/art     (  708): Explicit concurrent mark sweep GC freed 273(379KB) AllocSpace objects, 0(0B) LOS objects, 39% free, 1918KB/3MB, paused 154us total 4.287ms
08-08 20:55:29.763 W/Resources(  708): Preloaded drawable resource #0x1080224 (android:drawable/btn_star_off_normal_holo_light) that varies with configuration!!
08-08 20:55:29.767 I/art     (  708): Explicit concurrent mark sweep GC freed 114(433KB) AllocSpace objects, 0(0B) LOS objects, 40% free, 1551KB/2MB, paused 137us total 3.979ms
08-08 20:55:29.768 W/Resources(  708): Preloaded drawable resource #0x108022e (android:drawable/btn_star_on_normal_holo_light) that varies with configuration!!
08-08 20:55:29.771 I/art     (  708): Explicit concurrent mark sweep GC freed 32(65KB) AllocSpace objects, 0(0B) LOS objects, 39% free, 1551KB/2MB, paused 153us total 3.224ms
08-08 20:55:29.773 W/Resources(  708): Preloaded drawable resource #0x108022a (android:drawable/btn_star_on_disabled_holo_light) that varies with configuration!!
08-08 20:55:29.776 I/art     (  708): Explicit concurrent mark sweep GC freed 32(65KB) AllocSpace objects, 0(0B) LOS objects, 39% free, 1551KB/2MB, paused 126us total 3.366ms
08-08 20:55:29.777 W/Resources(  708): Preloaded drawable resource #0x1080220 (android:drawable/btn_star_off_disabled_holo_light) that varies with configuration!!
08-08 20:55:29.780 I/art     (  708): Explicit concurrent mark sweep GC freed 32(65KB) AllocSpace objects, 0(0B) LOS objects, 39% free, 1551KB/2MB, paused 120us total 3.105ms
08-08 20:55:29.782 W/Resources(  708): Preloaded drawable resource #0x1080230 (android:drawable/btn_star_on_pressed_holo_light) that varies with configuration!!
08-08 20:55:29.785 I/art     (  708): Explicit concurrent mark sweep GC freed 32(65KB) AllocSpace objects, 0(0B) LOS objects, 39% free, 1551KB/2MB, paused 115us total 3.036ms
08-08 20:55:29.786 W/Resources(  708): Preloaded drawable resource #0x1080226 (android:drawable/btn_star_off_pressed_holo_light) that varies with configuration!!
08-08 20:55:29.789 I/art     (  708): Explicit concurrent mark sweep GC freed 32(65KB) AllocSpace objects, 0(0B) LOS objects, 40% free, 1552KB/2MB, paused 153us total 3.334ms
08-08 20:55:29.791 W/Resources(  708): Preloaded drawable resource #0x108022c (android:drawable/btn_star_on_focused_holo_light) that varies with configuration!!
08-08 20:55:29.797 I/art     (  708): Explicit concurrent mark sweep GC freed 34(66KB) AllocSpace objects, 0(0B) LOS objects, 40% free, 1552KB/2MB, paused 112us total 6.029ms
08-08 20:55:29.798 W/Resources(  708): Preloaded drawable resource #0x1080222 (android:drawable/btn_star_off_focused_holo_light) that varies with configuration!!
08-08 20:55:29.803 I/art     (  708): Explicit concurrent mark sweep GC freed 32(65KB) AllocSpace objects, 0(0B) LOS objects, 39% free, 1552KB/2MB, paused 122us total 4.959ms
08-08 20:55:29.806 W/Resources(  708): Preloaded drawable resource #0x1080228 (android:drawable/btn_star_on_disabled_focused_holo_light) that varies with configuration!!
08-08 20:55:29.811 I/art     (  708): Explicit concurrent mark sweep GC freed 32(65KB) AllocSpace objects, 0(0B) LOS objects, 40% free, 1553KB/2MB, paused 199us total 4.524ms
08-08 20:55:29.812 W/Resources(  708): Preloaded drawable resource #0x108021e (android:drawable/btn_star_off_disabled_focused_holo_light) that varies with configuration!!
08-08 20:55:29.815 I/art     (  708): Explicit concurrent mark sweep GC freed 32(65KB) AllocSpace objects, 0(0B) LOS objects, 40% free, 1553KB/2MB, paused 111us total 3.080ms
08-08 20:55:29.816 W/Resources(  708): Preloaded drawable resource #0x1080224 (android:drawable/btn_star_off_normal_holo_light) that varies with configuration!!
08-08 20:55:29.816 W/Resources(  708): Preloaded drawable resource #0x108022e (android:drawable/btn_star_on_normal_holo_light) that varies with configuration!!
08-08 20:55:29.816 W/Resources(  708): Preloaded drawable resource #0x108022a (android:drawable/btn_star_on_disabled_holo_light) that varies with configuration!!
08-08 20:55:29.817 W/Resources(  708): Preloaded drawable resource #0x1080220 (android:drawable/btn_star_off_disabled_holo_light) that varies with configuration!!
08-08 20:55:29.818 W/Resources(  708): Preloaded drawable resource #0x1080230 (android:drawable/btn_star_on_pressed_holo_light) that varies with configuration!!
08-08 20:55:29.818 W/Resources(  708): Preloaded drawable resource #0x1080226 (android:drawable/btn_star_off_pressed_holo_light) that varies with configuration!!
08-08 20:55:29.819 W/Resources(  708): Preloaded drawable resource #0x108022c (android:drawable/btn_star_on_focused_holo_light) that varies with configuration!!
08-08 20:55:29.820 W/Resources(  708): Preloaded drawable resource #0x1080222 (android:drawable/btn_star_off_focused_holo_light) that varies with configuration!!
08-08 20:55:29.820 W/Resources(  708): Preloaded drawable resource #0x1080228 (android:drawable/btn_star_on_disabled_focused_holo_light) that varies with configuration!!
08-08 20:55:29.821 W/Resources(  708): Preloaded drawable resource #0x108022a (android:drawable/btn_star_on_disabled_holo_light) that varies with configuration!!
08-08 20:55:29.821 W/Resources(  708): Preloaded drawable resource #0x108021e (android:drawable/btn_star_off_disabled_focused_holo_light) that varies with configuration!!
08-08 20:55:29.822 W/Resources(  708): Preloaded drawable resource #0x1080220 (android:drawable/btn_star_off_disabled_holo_light) that varies with configuration!!
08-08 20:55:29.822 W/Resources(  708): Preloaded drawable resource #0x1080224 (android:drawable/btn_star_off_normal_holo_light) that varies with configuration!!
08-08 20:55:29.823 W/Resources(  708): Preloaded drawable resource #0x108022e (android:drawable/btn_star_on_normal_holo_light) that varies with configuration!!
08-08 20:55:29.823 W/Resources(  708): Preloaded drawable resource #0x1080219 (android:drawable/btn_star_holo_light) that varies with configuration!!
08-08 20:55:29.833 I/art     (  708): Explicit concurrent mark sweep GC freed 98(4KB) AllocSpace objects, 0(0B) LOS objects, 40% free, 1553KB/2MB, paused 128us total 7.324ms
08-08 20:55:29.833 W/Resources(  708): Preloaded drawable resource #0x1080223 (android:drawable/btn_star_off_normal_holo_dark) that varies with configuration!!
08-08 20:55:29.837 I/art     (  708): Explicit concurrent mark sweep GC freed 38(66KB) AllocSpace objects, 0(0B) LOS objects, 40% free, 1553KB/2MB, paused 121us total 3.647ms
08-08 20:55:29.838 W/Resources(  708): Preloaded drawable resource #0x108022d (android:drawable/btn_star_on_normal_holo_dark) that varies with configuration!!
08-08 20:55:29.843 I/art     (  708): Explicit concurrent mark sweep GC freed 32(65KB) AllocSpace objects, 0(0B) LOS objects, 39% free, 1553KB/2MB, paused 233us total 4.383ms
08-08 20:55:29.844 W/Resources(  708): Preloaded drawable resource #0x1080229 (android:drawable/btn_star_on_disabled_holo_dark) that varies with configuration!!
08-08 20:55:29.848 I/art     (  708): Explicit concurrent mark sweep GC freed 32(65KB) AllocSpace objects, 0(0B) LOS objects, 39% free, 1553KB/2MB, paused 129us total 3.397ms
08-08 20:55:29.849 W/Resources(  708): Preloaded drawable resource #0x108021f (android:drawable/btn_star_off_disabled_holo_dark) that varies with configuration!!
08-08 20:55:29.852 I/art     (  708): Explicit concurrent mark sweep GC freed 32(65KB) AllocSpace objects, 0(0B) LOS objects, 40% free, 1553KB/2MB, paused 126us total 3.237ms
08-08 20:55:29.854 W/Resources(  708): Preloaded drawable resource #0x108022f (android:drawable/btn_star_on_pressed_holo_dark) that varies with configuration!!
08-08 20:55:29.858 I/art     (  708): Explicit concurrent mark sweep GC freed 32(65KB) AllocSpace objects, 0(0B) LOS objects, 39% free, 1554KB/2MB, paused 129us total 3.948ms
08-08 20:55:29.859 W/Resources(  708): Preloaded drawable resource #0x1080225 (android:drawable/btn_star_off_pressed_holo_dark) that varies with configuration!!
08-08 20:55:29.863 I/art     (  708): Explicit concurrent mark sweep GC freed 32(65KB) AllocSpace objects, 0(0B) LOS objects, 39% free, 1554KB/2MB, paused 126us total 3.387ms
08-08 20:55:29.864 W/Resources(  708): Preloaded drawable resource #0x108022b (android:drawable/btn_star_on_focused_holo_dark) that varies with configuration!!
08-08 20:55:29.867 I/art     (  708): Explicit concurrent mark sweep GC freed 32(65KB) AllocSpace objects, 0(0B) LOS objects, 40% free, 1554KB/2MB, paused 125us total 2.931ms
08-08 20:55:29.868 W/Resources(  708): Preloaded drawable resource #0x1080221 (android:drawable/btn_star_off_focused_holo_dark) that varies with configuration!!
08-08 20:55:29.871 I/art     (  708): Explicit concurrent mark sweep GC freed 32(65KB) AllocSpace objects, 0(0B) LOS objects, 39% free, 1554KB/2MB, paused 132us total 2.960ms
08-08 20:55:29.873 W/Resources(  708): Preloaded drawable resource #0x1080227 (android:drawable/btn_star_on_disabled_focused_holo_dark) that varies with configuration!!
08-08 20:55:29.876 I/art     (  708): Explicit concurrent mark sweep GC freed 32(65KB) AllocSpace objects, 0(0B) LOS objects, 40% free, 1554KB/2MB, paused 126us total 3.355ms
08-08 20:55:29.877 W/Resources(  708): Preloaded drawable resource #0x108021d (android:drawable/btn_star_off_disabled_focused_holo_dark) that varies with configuration!!
08-08 20:55:29.881 I/art     (  708): Explicit concurrent mark sweep GC freed 32(65KB) AllocSpace objects, 0(0B) LOS objects, 39% free, 1554KB/2MB, paused 133us total 3.390ms
08-08 20:55:29.882 W/Resources(  708): Preloaded drawable resource #0x1080223 (android:drawable/btn_star_off_normal_holo_dark) that varies with configuration!!
08-08 20:55:29.882 W/Resources(  708): Preloaded drawable resource #0x108022d (android:drawable/btn_star_on_normal_holo_dark) that varies with configuration!!
08-08 20:55:29.882 W/Resources(  708): Preloaded drawable resource #0x1080229 (android:drawable/btn_star_on_disabled_holo_dark) that varies with configuration!!
08-08 20:55:29.883 W/Resources(  708): Preloaded drawable resource #0x108021f (android:drawable/btn_star_off_disabled_holo_dark) that varies with configuration!!
08-08 20:55:29.884 W/Resources(  708): Preloaded drawable resource #0x108022f (android:drawable/btn_star_on_pressed_holo_dark) that varies with configuration!!
08-08 20:55:29.884 W/Resources(  708): Preloaded drawable resource #0x1080225 (android:drawable/btn_star_off_pressed_holo_dark) that varies with configuration!!
08-08 20:55:29.885 W/Resources(  708): Preloaded drawable resource #0x108022b (android:drawable/btn_star_on_focused_holo_dark) that varies with configuration!!
08-08 20:55:29.885 W/Resources(  708): Preloaded drawable resource #0x1080221 (android:drawable/btn_star_off_focused_holo_dark) that varies with configuration!!
08-08 20:55:29.886 W/Resources(  708): Preloaded drawable resource #0x1080227 (android:drawable/btn_star_on_disabled_focused_holo_dark) that varies with configuration!!
08-08 20:55:29.886 W/Resources(  708): Preloaded drawable resource #0x1080229 (android:drawable/btn_star_on_disabled_holo_dark) that varies with configuration!!
08-08 20:55:29.887 W/Resources(  708): Preloaded drawable resource #0x108021d (android:drawable/btn_star_off_disabled_focused_holo_dark) that varies with configuration!!
08-08 20:55:29.887 W/Resources(  708): Preloaded drawable resource #0x108021f (android:drawable/btn_star_off_disabled_holo_dark) that varies with configuration!!
08-08 20:55:29.889 W/Resources(  708): Preloaded drawable resource #0x1080223 (android:drawable/btn_star_off_normal_holo_dark) that varies with configuration!!
08-08 20:55:29.890 W/Resources(  708): Preloaded drawable resource #0x108022d (android:drawable/btn_star_on_normal_holo_dark) that varies with configuration!!
08-08 20:55:29.890 W/Resources(  708): Preloaded drawable resource #0x1080218 (android:drawable/btn_star_holo_dark) that varies with configuration!!
08-08 20:55:29.896 I/art     (  708): Explicit concurrent mark sweep GC freed 149(902KB) AllocSpace objects, 0(0B) LOS objects, 39% free, 1558KB/2MB, paused 115us total 4.445ms
08-08 20:55:29.897 W/Resources(  708): Preloaded drawable resource #0x1080264 (android:drawable/btn_toggle_on_pressed_holo_light) that varies with configuration!!
08-08 20:55:29.900 I/art     (  708): Explicit concurrent mark sweep GC freed 94(4KB) AllocSpace objects, 0(0B) LOS objects, 39% free, 1607KB/2MB, paused 125us total 2.829ms
08-08 20:55:29.901 W/Resources(  708): Preloaded drawable resource #0x1080263 (android:drawable/btn_toggle_on_pressed_holo_dark) that varies with configuration!!
08-08 20:55:29.905 I/art     (  708): Explicit concurrent mark sweep GC freed 37(54KB) AllocSpace objects, 0(0B) LOS objects, 40% free, 1607KB/2MB, paused 148us total 4.090ms
08-08 20:55:29.906 W/Resources(  708): Preloaded drawable resource #0x1080262 (android:drawable/btn_toggle_on_normal_holo_light) that varies with configuration!!
08-08 20:55:29.910 I/art     (  708): Explicit concurrent mark sweep GC freed 37(54KB) AllocSpace objects, 0(0B) LOS objects, 39% free, 1607KB/2MB, paused 127us total 3.290ms
08-08 20:55:29.911 W/Resources(  708): Preloaded drawable resource #0x1080261 (android:drawable/btn_toggle_on_normal_holo_dark) that varies with configuration!!
08-08 20:55:29.914 I/art     (  708): Explicit concurrent mark sweep GC freed 37(54KB) AllocSpace objects, 0(0B) LOS objects, 39% free, 1608KB/2MB, paused 160us total 3.216ms
08-08 20:55:29.915 W/Resources(  708): Preloaded drawable resource #0x1080260 (android:drawable/btn_toggle_on_focused_holo_light) that varies with configuration!!
08-08 20:55:29.918 I/art     (  708): Explicit concurrent mark sweep GC freed 37(54KB) AllocSpace objects, 0(0B) LOS objects, 40% free, 1608KB/2MB, paused 126us total 3.117ms
08-08 20:55:29.919 W/Resources(  708): Preloaded drawable resource #0x108025f (android:drawable/btn_toggle_on_focused_holo_dark) that varies with configuration!!
08-08 20:55:29.923 I/art     (  708): Explicit concurrent mark sweep GC freed 37(54KB) AllocSpace objects, 0(0B) LOS objects, 39% free, 1608KB/2MB, paused 168us total 3.388ms
08-08 20:55:29.924 W/Resources(  708): Preloaded drawable resource #0x108025e (android:drawable/btn_toggle_on_disabled_holo_light) that varies with configuration!!
08-08 20:55:29.927 I/art     (  708): Explicit concurrent mark sweep GC freed 37(54KB) AllocSpace objects, 0(0B) LOS objects, 39% free, 1608KB/2MB, paused 127us total 3.431ms
08-08 20:55:29.929 W/Resources(  708): Preloaded drawable resource #0x108025d (android:drawable/btn_toggle_on_disabled_holo_dark) that varies with configuration!!
08-08 20:55:29.932 I/art     (  708): Explicit concurrent mark sweep GC freed 37(54KB) AllocSpace objects, 0(0B) LOS objects, 40% free, 1608KB/2MB, paused 251us total 3.161ms
08-08 20:55:29.933 W/Resources(  708): Preloaded drawable resource #0x108025c (android:drawable/btn_toggle_on_disabled_focused_holo_light) that varies with configuration!!
08-08 20:55:29.936 I/art     (  708): Explicit concurrent mark sweep GC freed 37(54KB) AllocSpace objects, 0(0B) LOS objects, 40% free, 1608KB/2MB, paused 125us total 3.082ms
08-08 20:55:29.937 W/Resources(  708): Preloaded drawable resource #0x108025b (android:drawable/btn_toggle_on_disabled_focused_holo_dark) that varies with configuration!!
08-08 20:55:29.940 I/art     (  708): Explicit concurrent mark sweep GC freed 37(54KB) AllocSpace objects, 0(0B) LOS objects, 40% free, 1609KB/2MB, paused 126us total 3.228ms
08-08 20:55:29.941 W/Resources(  708): Preloaded drawable resource #0x1080259 (android:drawable/btn_toggle_off_pressed_holo_light) that varies with configuration!!
08-08 20:55:29.946 I/art     (  708): Explicit concurrent mark sweep GC freed 37(54KB) AllocSpace objects, 0(0B) LOS objects, 39% free, 1609KB/2MB, paused 111us total 4.203ms
08-08 20:55:29.946 W/Resources(  708): Preloaded drawable resource #0x1080258 (android:drawable/btn_toggle_off_pressed_holo_dark) that varies with configuration!!
08-08 20:55:29.950 I/art     (  708): Explicit concurrent mark sweep GC freed 37(54KB) AllocSpace objects, 0(0B) LOS objects, 39% free, 1609KB/2MB, paused 125us total 2.745ms
08-08 20:55:29.950 W/Resources(  708): Preloaded drawable resource #0x1080257 (android:drawable/btn_toggle_off_normal_holo_light) that varies with configuration!!
08-08 20:55:29.954 I/art     (  708): Explicit concurrent mark sweep GC freed 37(54KB) AllocSpace objects, 0(0B) LOS objects, 40% free, 1609KB/2MB, paused 150us total 3.215ms
