08-08 20:55:25.486 W/Resources(  422): Preloaded drawable resource #0x1080621 (android:drawable/spinner_ab_holo_dark) that varies with configuration!!
08-08 20:55:25.490 I/art     (  422): Explicit concurrent mark sweep GC freed 162(97KB) AllocSpace objects, 0(0B) LOS objects, 39% free, 1762KB/2MB, paused 145us total 4.619ms
08-08 20:55:25.492 W/Resources(  422): Preloaded drawable resource #0x108061b (android:drawable/spinner_ab_disabled_holo_light) that varies with configuration!!
08-08 20:55:25.492 W/Resources(  422): Preloaded drawable resource #0x1080625 (android:drawable/spinner_ab_pressed_holo_light) that varies with configuration!!
08-08 20:55:25.493 W/Resources(  422): Preloaded drawable resource #0x108061f (android:drawable/spinner_ab_focused_holo_light) that varies with configuration!!
08-08 20:55:25.494 W/Resources(  422): Preloaded drawable resource #0x1080617 (android:drawable/spinner_ab_default_holo_light) that varies with configuration!!
08-08 20:55:25.494 W/Resources(  422): Preloaded drawable resource #0x1080622 (android:drawable/spinner_ab_holo_light) that varies with configuration!!
08-08 20:55:25.498 I/art     (  422): Explicit concurrent mark sweep GC freed 208(187KB) AllocSpace objects, 0(0B) LOS objects, 39% free, 1763KB/2MB, paused 132us total 4.465ms
08-08 20:55:25.500 W/Resources(  422): Preloaded drawable resource #0x1080630 (android:drawable/spinner_default_holo_dark) that varies with configuration!!
08-08 20:55:25.500 W/Resources(  422): Preloaded drawable resource #0x1080632 (android:drawable/spinner_default_holo_light) that varies with configuration!!
08-08 20:55:25.504 I/art     (  422): Explicit concurrent mark sweep GC freed 146(183KB) AllocSpace objects, 0(0B) LOS objects, 39% free, 1672KB/2MB, paused 125us total 3.175ms
08-08 20:55:25.505 W/Resources(  422): Preloaded drawable resource #0x1080635 (android:drawable/spinner_disabled_holo_dark) that varies with configuration!!
08-08 20:55:25.505 W/Resources(  422): Preloaded drawable resource #0x1080637 (android:drawable/spinner_disabled_holo_light) that varies with configuration!!
08-08 20:55:25.509 I/art     (  422): Explicit concurrent mark sweep GC freed 89(92KB) AllocSpace objects, 0(0B) LOS objects, 39% free, 1672KB/2MB, paused 149us total 3.421ms
08-08 20:55:25.512 W/Resources(  422): Preloaded drawable resource #0x108063b (android:drawable/spinner_focused_holo_dark) that varies with configuration!!
08-08 20:55:25.512 W/Resources(  422): Preloaded drawable resource #0x108063d (android:drawable/spinner_focused_holo_light) that varies with configuration!!
08-08 20:55:25.516 I/art     (  422): Explicit concurrent mark sweep GC freed 89(92KB) AllocSpace objects, 0(0B) LOS objects, 39% free, 1672KB/2MB, paused 157us total 3.747ms
08-08 20:55:25.517 W/Resources(  422): Preloaded drawable resource #0x1080643 (android:drawable/spinner_pressed_holo_dark) that varies with configuration!!
08-08 20:55:25.518 W/Resources(  422): Preloaded drawable resource #0x1080645 (android:drawable/spinner_pressed_holo_light) that varies with configuration!!
08-08 20:55:25.521 I/art     (  422): Explicit concurrent mark sweep GC freed 89(92KB) AllocSpace objects, 0(0B) LOS objects, 39% free, 1672KB/2MB, paused 145us total 3.426ms
08-08 20:55:25.522 W/Resources(  422): Preloaded drawable resource #0x1080275 (android:drawable/cab_background_bottom_holo_dark) that varies with configuration!!
08-08 20:55:25.523 W/Resources(  422): Preloaded drawable resource #0x108027a (android:drawable/cab_background_top_holo_light) that varies with configuration!!
08-08 20:55:25.527 I/art     (  422): Explicit concurrent mark sweep GC freed 85(92KB) AllocSpace objects, 0(0B) LOS objects, 40% free, 1656KB/2MB, paused 127us total 3.414ms
08-08 20:55:25.528 W/Resources(  422): Preloaded drawable resource #0x1080276 (android:drawable/cab_background_bottom_holo_light) that varies with configuration!!
08-08 20:55:25.528 W/Resources(  422): Preloaded drawable resource #0x1080337 (android:drawable/ic_cab_done_holo_dark) that varies with configuration!!
08-08 20:55:25.532 I/art     (  422): Explicit concurrent mark sweep GC freed 69(139KB) AllocSpace objects, 0(0B) LOS objects, 40% free, 1620KB/2MB, paused 122us total 3.437ms
08-08 20:55:25.533 W/Resources(  422): Preloaded drawable resource #0x1080279 (android:drawable/cab_background_top_holo_dark) that varies with configuration!!
08-08 20:55:25.533 W/Resources(  422): Preloaded drawable resource #0x1080338 (android:drawable/ic_cab_done_holo_light) that varies with configuration!!
08-08 20:55:25.536 I/art     (  422): Explicit concurrent mark sweep GC freed 63(103KB) AllocSpace objects, 0(0B) LOS objects, 39% free, 1620KB/2MB, paused 110us total 3.020ms
08-08 20:55:25.537 W/Resources(  422): Preloaded drawable resource #0x10800d7 (android:drawable/btn_cab_done_default_holo_dark) that varies with configuration!!
08-08 20:55:25.537 W/Resources(  422): Preloaded drawable resource #0x10800da (android:drawable/btn_cab_done_focused_holo_light) that varies with configuration!!
08-08 20:55:25.537 W/Resources(  422): Preloaded drawable resource #0x10800d8 (android:drawable/btn_cab_done_default_holo_light) that varies with configuration!!
08-08 20:55:25.537 W/Resources(  422): Preloaded drawable resource #0x10800df (android:drawable/btn_cab_done_pressed_holo_dark) that varies with configuration!!
08-08 20:55:25.538 W/Resources(  422): Preloaded drawable resource #0x10800d9 (android:drawable/btn_cab_done_focused_holo_dark) that varies with configuration!!
08-08 20:55:25.538 W/Resources(  422): Preloaded drawable resource #0x10800e0 (android:drawable/btn_cab_done_pressed_holo_light) that varies with configuration!!
08-08 20:55:25.538 W/Resources(  422): Preloaded drawable resource #0x10804a3 (android:drawable/list_pressed_holo_light) that varies with configuration!!
08-08 20:55:25.538 W/Resources(  422): Preloaded drawable resource #0x10800da (android:drawable/btn_cab_done_focused_holo_light) that varies with configuration!!
08-08 20:55:25.538 W/Resources(  422): Preloaded drawable resource #0x10800d8 (android:drawable/btn_cab_done_default_holo_light) that varies with configuration!!
08-08 20:55:25.538 W/Resources(  422): Preloaded drawable resource #0x10800dc (android:drawable/btn_cab_done_holo_light) that varies with configuration!!
08-08 20:55:25.539 W/Resources(  422): Preloaded drawable resource #0x10804a2 (android:drawable/list_pressed_holo_dark) that varies with configuration!!
08-08 20:55:25.539 W/Resources(  422): Preloaded drawable resource #0x10800d9 (android:drawable/btn_cab_done_focused_holo_dark) that varies with configuration!!
08-08 20:55:25.539 W/Resources(  422): Preloaded drawable resource #0x10800d7 (android:drawable/btn_cab_done_default_holo_dark) that varies with configuration!!
08-08 20:55:25.539 W/Resources(  422): Preloaded drawable resource #0x10800db (android:drawable/btn_cab_done_holo_dark) that varies with configuration!!
08-08 20:55:25.544 I/art     (  422): Explicit concurrent mark sweep GC freed 301(55KB) AllocSpace objects, 0(0B) LOS objects, 40% free, 1617KB/2MB, paused 188us total 4.734ms
08-08 20:55:25.546 W/Resources(  422): Preloaded drawable resource #0x1080038 (android:drawable/ic_menu_close_clear_cancel) that varies with configuration!!
08-08 20:55:25.551 I/art     (  422): Explicit concurrent mark sweep GC freed 188(97KB) AllocSpace objects, 0(0B) LOS objects, 39% free, 1585KB/2MB, paused 122us total 4.100ms
08-08 20:55:25.552 W/Resources(  422): Preloaded drawable resource #0x10803d9 (android:drawable/ic_menu_copy_holo_dark) that varies with configuration!!
08-08 20:55:25.558 I/art     (  422): Explicit concurrent mark sweep GC freed 32(65KB) AllocSpace objects, 0(0B) LOS objects, 39% free, 1585KB/2MB, paused 334us total 5.890ms
08-08 20:55:25.560 W/Resources(  422): Preloaded drawable resource #0x10803da (android:drawable/ic_menu_copy_holo_light) that varies with configuration!!
08-08 20:55:25.563 I/art     (  422): Explicit concurrent mark sweep GC freed 32(65KB) AllocSpace objects, 0(0B) LOS objects, 39% free, 1586KB/2MB, paused 130us total 3.376ms
08-08 20:55:25.564 W/Resources(  422): Preloaded drawable resource #0x10803dd (android:drawable/ic_menu_cut_holo_dark) that varies with configuration!!
08-08 20:55:25.568 I/art     (  422): Explicit concurrent mark sweep GC freed 32(65KB) AllocSpace objects, 0(0B) LOS objects, 39% free, 1586KB/2MB, paused 111us total 3.073ms
08-08 20:55:25.569 W/Resources(  422): Preloaded drawable resource #0x10803de (android:drawable/ic_menu_cut_holo_light) that varies with configuration!!
08-08 20:55:25.572 I/art     (  422): Explicit concurrent mark sweep GC freed 32(65KB) AllocSpace objects, 0(0B) LOS objects, 39% free, 1586KB/2MB, paused 162us total 3.292ms
08-08 20:55:25.574 W/Resources(  422): Preloaded drawable resource #0x1080045 (android:drawable/ic_menu_more) that varies with configuration!!
08-08 20:55:25.578 I/art     (  422): Explicit concurrent mark sweep GC freed 32(65KB) AllocSpace objects, 0(0B) LOS objects, 40% free, 1586KB/2MB, paused 127us total 3.679ms
08-08 20:55:25.579 W/Resources(  422): Preloaded drawable resource #0x10803f5 (android:drawable/ic_menu_moreoverflow_normal_holo_dark) that varies with configuration!!
08-08 20:55:25.579 W/Resources(  422): Preloaded drawable resource #0x10803f2 (android:drawable/ic_menu_moreoverflow_holo_dark) that varies with configuration!!
08-08 20:55:25.583 I/art     (  422): Explicit concurrent mark sweep GC freed 54(67KB) AllocSpace objects, 0(0B) LOS objects, 39% free, 1587KB/2MB, paused 119us total 4.148ms
08-08 20:55:25.584 W/Resources(  422): Preloaded drawable resource #0x10803f6 (android:drawable/ic_menu_moreoverflow_normal_holo_light) that varies with configuration!!
08-08 20:55:25.584 W/Resources(  422): Preloaded drawable resource #0x10803f3 (android:drawable/ic_menu_moreoverflow_holo_light) that varies with configuration!!
08-08 20:55:25.587 I/art     (  422): Explicit concurrent mark sweep GC freed 65(67KB) AllocSpace objects, 0(0B) LOS objects, 39% free, 1587KB/2MB, paused 110us total 2.995ms
08-08 20:55:25.588 W/Resources(  422): Preloaded drawable resource #0x10803f9 (android:drawable/ic_menu_paste_holo_dark) that varies with configuration!!
08-08 20:55:25.592 I/art     (  422): Explicit concurrent mark sweep GC freed 43(66KB) AllocSpace objects, 0(0B) LOS objects, 40% free, 1587KB/2MB, paused 150us total 3.637ms
08-08 20:55:25.594 W/Resources(  422): Preloaded drawable resource #0x10803fa (android:drawable/ic_menu_paste_holo_light) that varies with configuration!!
08-08 20:55:25.598 I/art     (  422): Explicit concurrent mark sweep GC freed 34(67KB) AllocSpace objects, 0(0B) LOS objects, 40% free, 1589KB/2MB, paused 218us total 4.068ms
08-08 20:55:25.599 W/Resources(  422): Preloaded drawable resource #0x1080403 (android:drawable/ic_menu_selectall_holo_light) that varies with configuration!!
08-08 20:55:25.603 I/art     (  422): Explicit concurrent mark sweep GC freed 32(65KB) AllocSpace objects, 0(0B) LOS objects, 39% free, 1589KB/2MB, paused 141us total 3.625ms
08-08 20:55:25.604 W/Resources(  422): Preloaded drawable resource #0x1080402 (android:drawable/ic_menu_selectall_holo_dark) that varies with configuration!!
08-08 20:55:25.607 I/art     (  422): Explicit concurrent mark sweep GC freed 32(65KB) AllocSpace objects, 0(0B) LOS objects, 39% free, 1589KB/2MB, paused 146us total 3.337ms
08-08 20:55:25.609 W/Resources(  422): Preloaded drawable resource #0x108033c (android:drawable/ic_clear_disabled) that varies with configuration!!
08-08 20:55:25.610 W/Resources(  422): Preloaded drawable resource #0x1080341 (android:drawable/ic_clear_normal) that varies with configuration!!
08-08 20:55:25.610 W/Resources(  422): Preloaded drawable resource #0x108033b (android:drawable/ic_clear) that varies with configuration!!
08-08 20:55:25.613 I/art     (  422): Explicit concurrent mark sweep GC freed 78(132KB) AllocSpace objects, 0(0B) LOS objects, 39% free, 1591KB/2MB, paused 115us total 3.054ms
08-08 20:55:25.614 W/Resources(  422): Preloaded drawable resource #0x108033c (android:drawable/ic_clear_disabled) that varies with configuration!!
08-08 20:55:25.618 I/art     (  422): Explicit concurrent mark sweep GC freed 51(66KB) AllocSpace objects, 0(0B) LOS objects, 40% free, 1590KB/2MB, paused 139us total 3.369ms
08-08 20:55:25.619 W/Resources(  422): Preloaded drawable resource #0x1080341 (android:drawable/ic_clear_normal) that varies with configuration!!
08-08 20:55:25.623 I/art     (  422): Explicit concurrent mark sweep GC freed 32(65KB) AllocSpace objects, 0(0B) LOS objects, 40% free, 1590KB/2MB, paused 142us total 3.956ms
08-08 20:55:25.624 W/Resources(  422): Preloaded drawable resource #0x1080436 (android:drawable/ic_search_api_holo_dark) that varies with configuration!!
08-08 20:55:25.624 W/Resources(  422): Preloaded drawable resource #0x1080437 (android:drawable/ic_search_api_holo_light) that varies with configuration!!
08-08 20:55:25.628 I/art     (  422): Explicit concurrent mark sweep GC freed 53(75KB) AllocSpace objects, 0(0B) LOS objects, 39% free, 1590KB/2MB, paused 224us total 3.844ms
08-08 20:55:25.630 W/Resources(  422): Preloaded drawable resource #0x1080369 (android:drawable/ic_go) that varies with configuration!!
08-08 20:55:25.633 I/art     (  422): Explicit concurrent mark sweep GC freed 38(65KB) AllocSpace objects, 0(0B) LOS objects, 39% free, 1590KB/2MB, paused 134us total 3.048ms
08-08 20:55:25.634 W/Resources(  422): Preloaded drawable resource #0x1080442 (android:drawable/ic_voice_search_api_holo_dark) that varies with configuration!!
08-08 20:55:25.635 W/Resources(  422): Preloaded drawable resource #0x1080443 (android:drawable/ic_voice_search_api_holo_light) that varies with configuration!!
08-08 20:55:25.638 I/art     (  422): Explicit concurrent mark sweep GC freed 53(75KB) AllocSpace objects, 0(0B) LOS objects, 39% free, 1591KB/2MB, paused 129us total 3.491ms
08-08 20:55:25.641 W/Resources(  422): Preloaded drawable resource #0x1080295 (android:drawable/dialog_bottom_holo_dark) that varies with configuration!!
08-08 20:55:25.646 I/art     (  422): Explicit concurrent mark sweep GC freed 37(2096B) AllocSpace objects, 0(0B) LOS objects, 39% free, 1723KB/2MB, paused 144us total 4.421ms
08-08 20:55:25.647 W/Resources(  422): Preloaded drawable resource #0x1080296 (android:drawable/dialog_bottom_holo_light) that varies with configuration!!
08-08 20:55:25.650 I/art     (  422): Explicit concurrent mark sweep GC freed 37(133KB) AllocSpace objects, 0(0B) LOS objects, 39% free, 1723KB/2MB, paused 139us total 2.984ms
08-08 20:55:25.652 W/Resources(  422): Preloaded drawable resource #0x108029a (android:drawable/dialog_full_holo_dark) that varies with configuration!!
08-08 20:55:25.655 I/art     (  422): Explicit concurrent mark sweep GC freed 37(133KB) AllocSpace objects, 0(0B) LOS objects, 39% free, 1831KB/2MB, paused 176us total 3.247ms
08-08 20:55:25.658 W/Resources(  422): Preloaded drawable resource #0x108029b (android:drawable/dialog_full_holo_light) that varies with configuration!!
08-08 20:55:25.663 I/art     (  422): Explicit concurrent mark sweep GC freed 37(241KB) AllocSpace objects, 0(0B) LOS objects, 40% free, 1831KB/2MB, paused 123us total 4.644ms
08-08 20:55:25.664 W/Resources(  422): Preloaded drawable resource #0x10802a3 (android:drawable/dialog_middle_holo_dark) that varies with configuration!!
08-08 20:55:25.667 I/art     (  422): Explicit concurrent mark sweep GC freed 37(241KB) AllocSpace objects, 0(0B) LOS objects, 40% free, 1687KB/2MB, paused 125us total 3.338ms
08-08 20:55:25.668 W/Resources(  422): Preloaded drawable resource #0x10802a4 (android:drawable/dialog_middle_holo_light) that varies with configuration!!
08-08 20:55:25.672 I/art     (  422): Explicit concurrent mark sweep GC freed 37(97KB) AllocSpace objects, 0(0B) LOS objects, 39% free, 1688KB/2MB, paused 146us total 3.229ms
08-08 20:55:25.674 W/Resources(  422): Preloaded drawable resource #0x10802a5 (android:drawable/dialog_top_holo_dark) that varies with configuration!!
08-08 20:55:25.680 I/art     (  422): Explicit concurrent mark sweep GC freed 37(97KB) AllocSpace objects, 0(0B) LOS objects, 39% free, 1724KB/2MB, paused 399us total 5.277ms
08-08 20:55:25.682 W/Resources(  422): Preloaded drawable resource #0x10802a6 (android:drawable/dialog_top_holo_light) that varies with configuration!!
08-08 20:55:25.686 I/art     (  422): Explicit concurrent mark sweep GC freed 37(133KB) AllocSpace objects, 0(0B) LOS objects, 39% free, 1724KB/2MB, paused 122us total 3.592ms
08-08 20:55:25.687 W/Resources(  422): Preloaded drawable resource #0x1080358 (android:drawable/ic_dialog_alert_holo_dark) that varies with configuration!!
08-08 20:55:25.691 I/art     (  422): Explicit concurrent mark sweep GC freed 38(198KB) AllocSpace objects, 0(0B) LOS objects, 39% free, 1592KB/2MB, paused 112us total 3.363ms
08-08 20:55:25.692 W/Resources(  422): Preloaded drawable resource #0x1080359 (android:drawable/ic_dialog_alert_holo_light) that varies with configuration!!
08-08 20:55:25.695 I/art     (  422): Explicit concurrent mark sweep GC freed 32(65KB) AllocSpace objects, 0(0B) LOS objects, 39% free, 1592KB/2MB, paused 140us total 3.165ms
08-08 20:55:25.696 W/Resources(  422): Preloaded drawable resource #0x1080496 (android:drawable/list_divider_holo_dark) that varies with configuration!!
08-08 20:55:25.696 W/Resources(  422): Preloaded drawable resource #0x1080497 (android:drawable/list_divider_holo_light) that varies with configuration!!
08-08 20:55:25.696 W/Resources(  422): Preloaded drawable resource #0x1080497 (android:drawable/list_divider_holo_light) that varies with configuration!!
08-08 20:55:25.696 W/Resources(  422): Preloaded drawable resource #0x10800c2 (android:drawable/ab_transparent_dark_holo) that varies with configuration!!
08-08 20:55:25.697 W/Resources(  422): Preloaded drawable resource #0x10800c0 (android:drawable/ab_stacked_transparent_dark_holo) that varies with configuration!!
08-08 20:55:25.700 I/art     (  422): Explicit concurrent mark sweep GC freed 106(6KB) AllocSpace objects, 0(0B) LOS objects, 39% free, 1667KB/2MB, paused 142us total 3.326ms
08-08 20:55:25.701 W/Resources(  422): Preloaded drawable resource #0x10800a1 (android:drawable/ab_bottom_transparent_dark_holo) that varies with configuration!!
08-08 20:55:25.701 W/Resources(  422): Preloaded drawable resource #0x10800b7 (android:drawable/ab_solid_dark_holo) that varies with configuration!!
08-08 20:55:25.706 I/art     (  422): Explicit concurrent mark sweep GC freed 103(77KB) AllocSpace objects, 0(0B) LOS objects, 39% free, 1666KB/2MB, paused 146us total 3.917ms
08-08 20:55:25.707 W/Resources(  422): Preloaded drawable resource #0x10800bd (android:drawable/ab_stacked_solid_dark_holo) that varies with configuration!!
08-08 20:55:25.707 W/Resources(  422): Preloaded drawable resource #0x108009e (android:drawable/ab_bottom_solid_dark_holo) that varies with configuration!!
08-08 20:55:25.711 I/art     (  422): Explicit concurrent mark sweep GC freed 67(75KB) AllocSpace objects, 0(0B) LOS objects, 39% free, 1666KB/2MB, paused 130us total 3.700ms
08-08 20:55:25.712 W/Resources(  422): Preloaded drawable resource #0x10800c3 (android:drawable/ab_transparent_light_holo) that varies with configuration!!
08-08 20:55:25.713 W/Resources(  422): Preloaded drawable resource #0x10800c1 (android:drawable/ab_stacked_transparent_light_holo) that varies with configuration!!
08-08 20:55:25.716 I/art     (  422): Explicit concurrent mark sweep GC freed 67(75KB) AllocSpace objects, 0(0B) LOS objects, 39% free, 1666KB/2MB, paused 125us total 3.186ms
08-08 20:55:25.717 W/Resources(  422): Preloaded drawable resource #0x10800a2 (android:drawable/ab_bottom_transparent_light_holo) that varies with configuration!!
08-08 20:55:25.718 W/Resources(  422): Preloaded drawable resource #0x10800b8 (android:drawable/ab_solid_light_holo) that varies with configuration!!
08-08 20:55:25.721 I/art     (  422): Explicit concurrent mark sweep GC freed 67(75KB) AllocSpace objects, 0(0B) LOS objects, 40% free, 1667KB/2MB, paused 162us total 3.629ms
08-08 20:55:25.722 W/Resources(  422): Preloaded drawable resource #0x10800bf (android:drawable/ab_stacked_solid_light_holo) that varies with configuration!!
08-08 20:55:25.723 W/Resources(  422): Preloaded drawable resource #0x10800a0 (android:drawable/ab_bottom_solid_light_holo) that varies with configuration!!
08-08 20:55:25.727 I/art     (  422): Explicit concurrent mark sweep GC freed 67(75KB) AllocSpace objects, 0(0B) LOS objects, 39% free, 1667KB/2MB, paused 143us total 3.723ms
08-08 20:55:25.728 W/Resources(  422): Preloaded drawable resource #0x10800b9 (android:drawable/ab_solid_shadow_holo) that varies with configuration!!
08-08 20:55:25.728 W/Resources(  422): Preloaded drawable resource #0x10804c3 (android:drawable/list_selector_disabled_holo_dark) that varies with configuration!!
08-08 20:55:25.728 W/Resources(  422): Preloaded drawable resource #0x10804c3 (android:drawable/list_selector_disabled_holo_dark) that varies with configuration!!
08-08 20:55:25.729 W/Resources(  422): Preloaded drawable resource #0x10804a2 (android:drawable/list_pressed_holo_dark) that varies with configuration!!
08-08 20:55:25.729 W/Resources(  422): Preloaded drawable resource #0x10804a0 (android:drawable/list_longpressed_holo_dark) that varies with configuration!!
08-08 20:55:25.729 W/Resources(  422): Preloaded drawable resource #0x10804c0 (android:drawable/list_selector_background_transition_holo_dark) that varies with configuration!!
08-08 20:55:25.729 W/Resources(  422): Preloaded drawable resource #0x10804a2 (android:drawable/list_pressed_holo_dark) that varies with configuration!!
08-08 20:55:25.729 W/Resources(  422): Preloaded drawable resource #0x10804a0 (android:drawable/list_longpressed_holo_dark) that varies with configuration!!
08-08 20:55:25.729 W/Resources(  422): Preloaded drawable resource #0x10804c0 (android:drawable/list_selector_background_transition_holo_dark) that varies with configuration!!
08-08 20:55:25.729 W/Resources(  422): Preloaded drawable resource #0x108049b (android:drawable/list_focused_holo) that varies with configuration!!
08-08 20:55:25.729 W/Resources(  422): Preloaded drawable resource #0x1080454 (android:drawable/item_background_holo_dark) that varies with configuration!!
08-08 20:55:25.732 I/art     (  422): Explicit concurrent mark sweep GC freed 269(88KB) AllocSpace objects, 0(0B) LOS objects, 40% free, 1700KB/2MB, paused 110us total 2.778ms
08-08 20:55:25.733 W/Resources(  422): Preloaded drawable resource #0x10804c4 (android:drawable/list_selector_disabled_holo_light) that varies with configuration!!
08-08 20:55:25.734 W/Resources(  422): Preloaded drawable resource #0x10804c4 (android:drawable/list_selector_disabled_holo_light) that varies with configuration!!
08-08 20:55:25.734 W/Resources(  422): Preloaded drawable resource #0x10804a3 (android:drawable/list_pressed_holo_light) that varies with configuration!!
08-08 20:55:25.734 W/Resources(  422): Preloaded drawable resource #0x10804a1 (android:drawable/list_longpressed_holo_light) that varies with configuration!!
08-08 20:55:25.734 W/Resources(  422): Preloaded drawable resource #0x10804c1 (android:drawable/list_selector_background_transition_holo_light) that varies with configuration!!
08-08 20:55:25.734 W/Resources(  422): Preloaded drawable resource #0x10804a3 (android:drawable/list_pressed_holo_light) that varies with configuration!!
08-08 20:55:25.734 W/Resources(  422): Preloaded drawable resource #0x10804a1 (android:drawable/list_longpressed_holo_light) that varies with configuration!!
08-08 20:55:25.734 W/Resources(  422): Preloaded drawable resource #0x10804c1 (android:drawable/list_selector_background_transition_holo_light) that varies with configuration!!
08-08 20:55:25.734 W/Resources(  422): Preloaded drawable resource #0x108049b (android:drawable/list_focused_holo) that varies with configuration!!
08-08 20:55:25.735 W/Resources(  422): Preloaded drawable resource #0x1080455 (android:drawable/item_background_holo_light) that varies with configuration!!
08-08 20:55:25.738 I/art     (  422): Explicit concurrent mark sweep GC freed 348(120KB) AllocSpace objects, 0(0B) LOS objects, 39% free, 1684KB/2MB, paused 145us total 3.164ms
08-08 20:55:25.740 W/Resources(  422): Preloaded drawable resource #0x10802f9 (android:drawable/fastscroll_thumb_pressed_holo) that varies with configuration!!
08-08 20:55:25.741 W/Resources(  422): Preloaded drawable resource #0x10802f5 (android:drawable/fastscroll_thumb_default_holo) that varies with configuration!!
08-08 20:55:25.741 W/Resources(  422): Preloaded drawable resource #0x10802f6 (android:drawable/fastscroll_thumb_holo) that varies with configuration!!
08-08 20:55:25.744 I/art     (  422): Explicit concurrent mark sweep GC freed 182(296KB) AllocSpace objects, 0(0B) LOS objects, 40% free, 1596KB/2MB, paused 141us total 3.277ms
08-08 20:55:25.746 W/Resources(  422): Preloaded drawable resource #0x10802f9 (android:drawable/fastscroll_thumb_pressed_holo) that varies with configuration!!
08-08 20:55:25.750 I/art     (  422): Explicit concurrent mark sweep GC freed 51(103KB) AllocSpace objects, 0(0B) LOS objects, 39% free, 1595KB/2MB, paused 113us total 4.313ms
08-08 20:55:25.751 W/Resources(  422): Preloaded drawable resource #0x10802f5 (android:drawable/fastscroll_thumb_default_holo) that varies with configuration!!
08-08 20:55:25.754 I/SurfaceFlinger(  687): SurfaceFlinger is starting
08-08 20:55:25.754 I/SurfaceFlinger(  687): SurfaceFlinger's main thread ready to run. Initializing graphics H/W...
08-08 20:55:25.757 I/art     (  422): Explicit concurrent mark sweep GC freed 32(103KB) AllocSpace objects, 0(0B) LOS objects, 39% free, 1595KB/2MB, paused 210us total 5.560ms
08-08 20:55:25.758 W/Resources(  422): Preloaded drawable resource #0x1080300 (android:drawable/fastscroll_track_pressed_holo_dark) that varies with configuration!!
08-08 20:55:25.758 W/Resources(  422): Preloaded drawable resource #0x10802fa (android:drawable/fastscroll_track_default_holo_dark) that varies with configuration!!
08-08 20:55:25.759 W/Resources(  422): Preloaded drawable resource #0x10802fc (android:drawable/fastscroll_track_holo_dark) that varies with configuration!!
08-08 20:55:25.759 W/Resources(  422): Preloaded drawable resource #0x1080300 (android:drawable/fastscroll_track_pressed_holo_dark) that varies with configuration!!
08-08 20:55:25.759 W/Resources(  422): Preloaded drawable resource #0x10802fa (android:drawable/fastscroll_track_default_holo_dark) that varies with configuration!!
08-08 20:55:25.762 W/Resources(  422): Preloaded drawable resource #0x10802ef (android:drawable/fastscroll_label_left_holo_dark) that varies with configuration!!
08-08 20:55:25.763 D/libEGL  (  687): loaded /system/lib/egl/libEGL_emulation.so
08-08 20:55:25.763 D/libEGL  (  687): loaded /system/lib/egl/libGLESv1_CM_emulation.so
08-08 20:55:25.765 I/art     (  422): Explicit concurrent mark sweep GC freed 131(8KB) AllocSpace objects, 0(0B) LOS objects, 39% free, 1940KB/3MB, paused 138us total 3.671ms
08-08 20:55:25.768 W/Resources(  422): Preloaded drawable resource #0x10802f2 (android:drawable/fastscroll_label_right_holo_dark) that varies with configuration!!
08-08 20:55:25.769 D/libEGL  (  687): loaded /system/lib/egl/libGLESv2_emulation.so
08-08 20:55:25.771 I/art     (  422): Explicit concurrent mark sweep GC freed 97(346KB) AllocSpace objects, 0(0B) LOS objects, 39% free, 1932KB/3MB, paused 123us total 3.354ms
08-08 20:55:25.773 W/Resources(  422): Preloaded drawable resource #0x1080301 (android:drawable/fastscroll_track_pressed_holo_light) that varies with configuration!!
08-08 20:55:25.773 W/Resources(  422): Preloaded drawable resource #0x10802fb (android:drawable/fastscroll_track_default_holo_light) that varies with configuration!!
08-08 20:55:25.773 W/Resources(  422): Preloaded drawable resource #0x10802fd (android:drawable/fastscroll_track_holo_light) that varies with configuration!!
08-08 20:55:25.773 W/Resources(  422): Preloaded drawable resource #0x1080301 (android:drawable/fastscroll_track_pressed_holo_light) that varies with configuration!!
08-08 20:55:25.773 W/Resources(  422): Preloaded drawable resource #0x10802fb (android:drawable/fastscroll_track_default_holo_light) that varies with configuration!!
08-08 20:55:25.776 W/Resources(  422): Preloaded drawable resource #0x10802f0 (android:drawable/fastscroll_label_left_holo_light) that varies with configuration!!
08-08 20:55:25.776 E/        (  687): Failed to connect to host (UnixStream)!!!
08-08 20:55:25.776 E/EGL_emulation(  687): Failed to establish connection with the host
08-08 20:55:25.776 W/libEGL  (  687): eglInitialize(0xf726f040) failed (EGL_SUCCESS)
08-08 20:55:25.776 E/        (  687): Failed to connect to host (UnixStream)!!!
08-08 20:55:25.776 E/gralloc_vbox86(  687): gralloc: Failed to get host connection
08-08 20:55:25.776 E/SurfaceFlinger(  687): hwcomposer module not found
08-08 20:55:25.776 E/SurfaceFlinger(  687): ERROR: failed to open framebuffer (I/O error), aborting
08-08 20:55:25.776 F/libc    (  687): Fatal signal 6 (SIGABRT), code -6 in tid 687 (surfaceflinger)
08-08 20:55:25.779 I/art     (  422): Explicit concurrent mark sweep GC freed 137(345KB) AllocSpace objects, 0(0B) LOS objects, 39% free, 1941KB/3MB, paused 128us total 3.668ms
08-08 20:55:25.782 W/Resources(  422): Preloaded drawable resource #0x10802f3 (android:drawable/fastscroll_label_right_holo_light) that varies with configuration!!
08-08 20:55:25.785 I/art     (  422): Explicit concurrent mark sweep GC freed 97(346KB) AllocSpace objects, 0(0B) LOS objects, 39% free, 1933KB/3MB, paused 125us total 3.119ms
08-08 20:55:25.786 W/Resources(  422): Preloaded drawable resource #0x10802d0 (android:drawable/editbox_dropdown_background_dark) that varies with configuration!!
08-08 20:55:25.790 I/art     (  422): Explicit concurrent mark sweep GC freed 36(338KB) AllocSpace objects, 0(0B) LOS objects, 39% free, 1653KB/2MB, paused 127us total 3.864ms
08-08 20:55:25.791 W/Resources(  422): Preloaded drawable resource #0x108073f (android:drawable/textfield_search_selected_holo_dark) that varies with configuration!!
08-08 20:55:25.791 W/Resources(  422): Preloaded drawable resource #0x1080731 (android:drawable/textfield_search_default_holo_dark) that varies with configuration!!
08-08 20:55:25.791 W/Resources(  422): Preloaded drawable resource #0x1080741 (android:drawable/textfield_searchview_holo_dark) that varies with configuration!!
08-08 20:55:25.791 W/Resources(  422): Preloaded drawable resource #0x108073c (android:drawable/textfield_search_right_selected_holo_dark) that varies with configuration!!
08-08 20:55:25.792 W/Resources(  422): Preloaded drawable resource #0x108073a (android:drawable/textfield_search_right_default_holo_dark) that varies with configuration!!
08-08 20:55:25.792 W/Resources(  422): Preloaded drawable resource #0x1080743 (android:drawable/textfield_searchview_right_holo_dark) that varies with configuration!!
08-08 20:55:25.792 W/Resources(  422): Preloaded drawable resource #0x1080740 (android:drawable/textfield_search_selected_holo_light) that varies with configuration!!
08-08 20:55:25.792 W/Resources(  422): Preloaded drawable resource #0x1080732 (android:drawable/textfield_search_default_holo_light) that varies with configuration!!
08-08 20:55:25.792 W/Resources(  422): Preloaded drawable resource #0x1080742 (android:drawable/textfield_searchview_holo_light) that varies with configuration!!
08-08 20:55:25.792 W/Resources(  422): Preloaded drawable resource #0x108073d (android:drawable/textfield_search_right_selected_holo_light) that varies with configuration!!
08-08 20:55:25.793 W/Resources(  422): Preloaded drawable resource #0x108073b (android:drawable/textfield_search_right_default_holo_light) that varies with configuration!!
08-08 20:55:25.793 W/Resources(  422): Preloaded drawable resource #0x1080744 (android:drawable/textfield_searchview_right_holo_light) that varies with configuration!!
08-08 20:55:25.793 W/Resources(  422): Preloaded drawable resource #0x108073f (android:drawable/textfield_search_selected_holo_dark) that varies with configuration!!
08-08 20:55:25.796 I/art     (  422): Explicit concurrent mark sweep GC freed 288(75KB) AllocSpace objects, 0(0B) LOS objects, 39% free, 1629KB/2MB, paused 127us total 3.378ms
08-08 20:55:25.797 W/Resources(  422): Preloaded drawable resource #0x1080731 (android:drawable/textfield_search_default_holo_dark) that varies with configuration!!
08-08 20:55:25.797 W/Resources(  422): Preloaded drawable resource #0x108073c (android:drawable/textfield_search_right_selected_holo_dark) that varies with configuration!!
08-08 20:55:25.798 W/Resources(  422): Preloaded drawable resource #0x108073a (android:drawable/textfield_search_right_default_holo_dark) that varies with configuration!!
08-08 20:55:25.798 W/Resources(  422): Preloaded drawable resource #0x1080740 (android:drawable/textfield_search_selected_holo_light) that varies with configuration!!
08-08 20:55:25.798 W/Resources(  422): Preloaded drawable resource #0x1080732 (android:drawable/textfield_search_default_holo_light) that varies with configuration!!
08-08 20:55:25.798 W/Resources(  422): Preloaded drawable resource #0x108073d (android:drawable/textfield_search_right_selected_holo_light) that varies with configuration!!
08-08 20:55:25.798 W/Resources(  422): Preloaded drawable resource #0x108073b (android:drawable/textfield_search_right_default_holo_light) that varies with configuration!!
08-08 20:55:25.799 W/Resources(  422): Preloaded drawable resource #0x10806fb (android:drawable/tab_unselected_holo) that varies with configuration!!
08-08 20:55:25.799 W/Resources(  422): Preloaded drawable resource #0x10806f6 (android:drawable/tab_selected_holo) that varies with configuration!!
08-08 20:55:25.799 W/Resources(  422): Preloaded drawable resource #0x10806fa (android:drawable/tab_unselected_focused_holo) that varies with configuration!!
08-08 20:55:25.799 W/Resources(  422): Preloaded drawable resource #0x10806f5 (android:drawable/tab_selected_focused_holo) that varies with configuration!!
08-08 20:55:25.799 W/Resources(  422): Preloaded drawable resource #0x10806fc (android:drawable/tab_unselected_pressed_holo) that varies with configuration!!
08-08 20:55:25.799 W/Resources(  422): Preloaded drawable resource #0x10806f7 (android:drawable/tab_selected_pressed_holo) that varies with configuration!!
08-08 20:55:25.799 W/Resources(  422): Preloaded drawable resource #0x10806fc (android:drawable/tab_unselected_pressed_holo) that varies with configuration!!
08-08 20:55:25.800 W/Resources(  422): Preloaded drawable resource #0x10806f7 (android:drawable/tab_selected_pressed_holo) that varies with configuration!!
08-08 20:55:25.800 W/Resources(  422): Preloaded drawable resource #0x10806e8 (android:drawable/tab_indicator_holo) that varies with configuration!!
08-08 20:55:25.803 I/art     (  422): Explicit concurrent mark sweep GC freed 493(53KB) AllocSpace objects, 0(0B) LOS objects, 39% free, 1632KB/2MB, paused 126us total 3.093ms
08-08 20:55:25.804 W/Resources(  422): Preloaded drawable resource #0x10806fb (android:drawable/tab_unselected_holo) that varies with configuration!!
08-08 20:55:25.804 W/Resources(  422): Preloaded drawable resource #0x10806f6 (android:drawable/tab_selected_holo) that varies with configuration!!
08-08 20:55:25.804 W/Resources(  422): Preloaded drawable resource #0x10806fa (android:drawable/tab_unselected_focused_holo) that varies with configuration!!
08-08 20:55:25.804 W/Resources(  422): Preloaded drawable resource #0x10806f5 (android:drawable/tab_selected_focused_holo) that varies with configuration!!
08-08 20:55:25.805 W/Resources(  422): Preloaded drawable resource #0x10806fc (android:drawable/tab_unselected_pressed_holo) that varies with configuration!!
08-08 20:55:25.805 W/Resources(  422): Preloaded drawable resource #0x10806f7 (android:drawable/tab_selected_pressed_holo) that varies with configuration!!
08-08 20:55:25.806 W/Resources(  422): Preloaded drawable resource #0x108059c (android:drawable/quickcontact_badge_overlay_pressed_dark) that varies with configuration!!
08-08 20:55:25.807 W/Resources(  422): Preloaded drawable resource #0x1080593 (android:drawable/quickcontact_badge_overlay_focused_dark) that varies with configuration!!
08-08 20:55:25.808 W/Resources(  422): Preloaded drawable resource #0x1080598 (android:drawable/quickcontact_badge_overlay_normal_dark) that varies with configuration!!
08-08 20:55:25.808 W/Resources(  422): Preloaded drawable resource #0x1080592 (android:drawable/quickcontact_badge_overlay_dark) that varies with configuration!!
08-08 20:55:25.812 I/art     (  422): Explicit concurrent mark sweep GC freed 400(46KB) AllocSpace objects, 0(0B) LOS objects, 39% free, 1719KB/2MB, paused 114us total 3.610ms
08-08 20:55:25.813 W/Resources(  422): Preloaded drawable resource #0x1080598 (android:drawable/quickcontact_badge_overlay_normal_dark) that varies with configuration!!
08-08 20:55:25.814 W/Resources(  422): Preloaded drawable resource #0x108059c (android:drawable/quickcontact_badge_overlay_pressed_dark) that varies with configuration!!
08-08 20:55:25.819 I/art     (  422): Explicit concurrent mark sweep GC freed 199(121KB) AllocSpace objects, 0(0B) LOS objects, 39% free, 1674KB/2MB, paused 249us total 4.510ms
08-08 20:55:25.820 W/Resources(  422): Preloaded drawable resource #0x108059e (android:drawable/quickcontact_badge_overlay_pressed_light) that varies with configuration!!
08-08 20:55:25.820 W/Resources(  422): Preloaded drawable resource #0x1080595 (android:drawable/quickcontact_badge_overlay_focused_light) that varies with configuration!!
08-08 20:55:25.821 W/Resources(  422): Preloaded drawable resource #0x108059a (android:drawable/quickcontact_badge_overlay_normal_light) that varies with configuration!!
08-08 20:55:25.821 W/Resources(  422): Preloaded drawable resource #0x1080597 (android:drawable/quickcontact_badge_overlay_light) that varies with configuration!!
08-08 20:55:25.824 I/art     (  422): Explicit concurrent mark sweep GC freed 121(79KB) AllocSpace objects, 0(0B) LOS objects, 39% free, 1713KB/2MB, paused 171us total 3.412ms
08-08 20:55:25.825 W/Resources(  422): Preloaded drawable resource #0x108059a (android:drawable/quickcontact_badge_overlay_normal_light) that varies with configuration!!
08-08 20:55:25.826 W/Resources(  422): Preloaded drawable resource #0x108059e (android:drawable/quickcontact_badge_overlay_pressed_light) that varies with configuration!!
08-08 20:55:25.826 I/ServiceManager(  421): Waiting for service batterystats...
08-08 20:55:25.828 I/DEBUG   (   87): *** *** *** *** *** *** *** *** *** *** *** *** *** *** *** ***
08-08 20:55:25.828 I/DEBUG   (   87): Build fingerprint: 'generic/vbox86p/vbox86p:5.0/LRX21M/genymotion06091707:userdebug/test-keys'
08-08 20:55:25.828 I/DEBUG   (   87): Revision: '0'
08-08 20:55:25.828 I/DEBUG   (   87): ABI: 'x86'
08-08 20:55:25.828 I/DEBUG   (   87): pid: 687, tid: 687, name: surfaceflinger  >>> /system/bin/surfaceflinger <<<
08-08 20:55:25.828 I/DEBUG   (   87): signal 6 (SIGABRT), code -6 (SI_TKILL), fault addr --------
08-08 20:55:25.829 I/art     (  422): Explicit concurrent mark sweep GC freed 121(114KB) AllocSpace objects, 0(0B) LOS objects, 39% free, 1675KB/2MB, paused 126us total 2.900ms
08-08 20:55:25.829 W/Resources(  422): Preloaded drawable resource #0x10800b6 (android:drawable/ab_share_pack_mtrl_alpha) that varies with configuration!!
08-08 20:55:25.830 W/Resources(  422): Preloaded drawable resource #0x10800bc (android:drawable/ab_solid_shadow_mtrl_alpha) that varies with configuration!!
08-08 20:55:25.830 W/Resources(  422): Preloaded drawable resource #0x10800de (android:drawable/btn_cab_done_mtrl_alpha) that varies with configuration!!
08-08 20:55:25.830 I/DEBUG   (   87):     eax 00000000  ebx 000002af  ecx 000002af  edx 00000006
08-08 20:55:25.830 I/DEBUG   (   87):     esi f77d8f08  edi 00000002
08-08 20:55:25.830 I/DEBUG   (   87):     xcs 00000023  xds 0000002b  xes 0000002b  xfs 00000003  xss 0000002b
08-08 20:55:25.830 I/DEBUG   (   87):     eip f773cdf6  ebp 000002af  esp ffdab290  flags 00000282
08-08 20:55:25.830 I/DEBUG   (   87): 
08-08 20:55:25.830 I/DEBUG   (   87): backtrace:
08-08 20:55:25.830 I/DEBUG   (   87):     #00 pc 00073df6  /system/lib/libc.so (tgkill+22)
08-08 20:55:25.830 I/DEBUG   (   87):     #01 pc 00021b4b  /system/lib/libc.so (pthread_kill+155)
08-08 20:55:25.830 I/DEBUG   (   87):     #02 pc 000233c4  /system/lib/libc.so (raise+36)
08-08 20:55:25.830 I/DEBUG   (   87):     #03 pc 0001b8a4  /system/lib/libc.so (abort+84)
08-08 20:55:25.830 I/DEBUG   (   87):     #04 pc 00030835  /system/lib/libsurfaceflinger.so
08-08 20:55:25.830 I/DEBUG   (   87):     #05 pc 0001f6b7  /system/lib/libsurfaceflinger.so (android::SurfaceFlinger::init()+199)
08-08 20:55:25.830 I/DEBUG   (   87):     #06 pc 000008a1  /system/bin/surfaceflinger
08-08 20:55:25.830 I/DEBUG   (   87):     #07 pc 00012a64  /system/lib/libc.so (__libc_init+100)
08-08 20:55:25.830 I/DEBUG   (   87):     #08 pc 000009ff  /system/bin/surfaceflinger
08-08 20:55:25.830 W/Resources(  422): Preloaded drawable resource #0x1080113 (android:drawable/btn_check_to_off_mtrl_000) that varies with configuration!!
08-08 20:55:25.834 I/art     (  422): Explicit concurrent mark sweep GC freed 111(142KB) AllocSpace objects, 0(0B) LOS objects, 40% free, 1638KB/2MB, paused 159us total 3.201ms
08-08 20:55:25.834 W/Resources(  422): Preloaded drawable resource #0x1080114 (android:drawable/btn_check_to_off_mtrl_001) that varies with configuration!!
08-08 20:55:25.837 I/art     (  422): Explicit concurrent mark sweep GC freed 68(101KB) AllocSpace objects, 0(0B) LOS objects, 39% free, 1603KB/2MB, paused 119us total 3.040ms
08-08 20:55:25.839 W/Resources(  422): Preloaded drawable resource #0x1080115 (android:drawable/btn_check_to_off_mtrl_002) that varies with configuration!!
08-08 20:55:25.845 I/DEBUG   (   87): 
08-08 20:55:25.845 I/DEBUG   (   87): Tombstone written to: /data/tombstones/tombstone_01
08-08 20:55:25.845 I/art     (  422): Explicit concurrent mark sweep GC freed 32(65KB) AllocSpace objects, 0(0B) LOS objects, 40% free, 1603KB/2MB, paused 144us total 6.379ms
08-08 20:55:25.885 I/ServiceManager(  303): service 'media.audio_flinger' died
08-08 20:55:26.289 E/sdcard  (   95): missing packages.list; retrying
08-08 20:55:27.604 D/        (   83): Socket deconnection
08-08 20:55:27.607 D/Genyd   (   83): Received Get Capabilities
08-08 20:55:27.632 D/        (   83): Socket deconnection
08-08 20:55:27.633 D/Genyd   (   83): Received Get GenymotionVersion
08-08 20:55:27.633 D/Genymotion(   83): Received Get GenymotionVersion
08-08 20:55:27.642 D/Genyd   (   83): Received Set Clipboard
08-08 20:55:27.642 D/Genymotion(   83): Received Set Clipboard
08-08 20:55:27.643 D/Genyd   (   83): Received Set TokenValidity
08-08 20:55:27.643 D/Genymotion(   83): Received Set TokenValidity 0
08-08 20:55:28.894 I/Netd    (  706): Netd 1.0 starting
08-08 20:55:28.973 I/mediaserver(  707): ServiceManager: 0xf6116d40
08-08 20:55:28.973 I/AudioFlinger(  707): Using default 3000 mSec as standby time.
08-08 20:55:28.973 I/ServiceManager(  707): Waiting for service batterystats...
08-08 20:55:28.990 D/AndroidRuntime(  708): 
08-08 20:55:28.990 D/AndroidRuntime(  708): >>>>>> AndroidRuntime START com.android.internal.os.ZygoteInit <<<<<<
08-08 20:55:28.991 D/AndroidRuntime(  708): CheckJNI is OFF
08-08 20:55:28.992 I/art     (  708): option[0]=-Xzygote
08-08 20:55:28.992 I/art     (  708): option[1]=-Xstacktracefile:/data/anr/traces.txt
08-08 20:55:28.992 I/art     (  708): option[2]=exit
08-08 20:55:28.992 I/art     (  708): option[3]=vfprintf
08-08 20:55:28.992 I/art     (  708): option[4]=sensitiveThread
08-08 20:55:28.992 I/art     (  708): option[5]=-verbose:gc
08-08 20:55:28.992 I/art     (  708): option[6]=-Xms8m
08-08 20:55:28.992 I/art     (  708): option[7]=-Xmx256m
08-08 20:55:28.992 I/art     (  708): option[8]=-XX:mainThreadStackSize=24K
08-08 20:55:28.992 I/art     (  708): option[9]=-XX:HeapGrowthLimit=96m
08-08 20:55:28.992 I/art     (  708): option[10]=-XX:HeapMinFree=512k
08-08 20:55:28.992 I/art     (  708): option[11]=-XX:HeapMaxFree=8m
08-08 20:55:28.992 I/art     (  708): option[12]=-XX:HeapTargetUtilization=0.75
08-08 20:55:28.992 I/art     (  708): option[13]=-agentlib:jdwp=transport=dt_android_adb,suspend=n,server=y
08-08 20:55:28.992 I/art     (  708): option[14]=-Xlockprofthreshold:500
08-08 20:55:28.992 I/art     (  708): option[15]=-Ximage-compiler-option
08-08 20:55:28.992 I/art     (  708): option[16]=--runtime-arg
08-08 20:55:28.992 I/art     (  708): option[17]=-Ximage-compiler-option
08-08 20:55:28.992 I/art     (  708): option[18]=-Xms64m
08-08 20:55:28.992 I/art     (  708): option[19]=-Ximage-compiler-option
08-08 20:55:28.992 I/art     (  708): option[20]=--runtime-arg
08-08 20:55:28.992 I/art     (  708): option[21]=-Ximage-compiler-option
08-08 20:55:28.992 I/art     (  708): option[22]=-Xmx64m
08-08 20:55:28.992 I/art     (  708): option[23]=-Ximage-compiler-option
08-08 20:55:28.992 I/art     (  708): option[24]=--image-classes-zip=/system/framework/framework.jar
08-08 20:55:28.992 I/art     (  708): option[25]=-Ximage-compiler-option
08-08 20:55:28.993 I/art     (  708): option[26]=--image-classes=preloaded-classes
08-08 20:55:28.993 I/art     (  708): option[27]=-Xcompiler-option
08-08 20:55:28.993 I/art     (  708): option[28]=--runtime-arg
08-08 20:55:28.993 I/art     (  708): option[29]=-Xcompiler-option
08-08 20:55:28.993 I/art     (  708): option[30]=-Xms64m
08-08 20:55:28.993 I/art     (  708): option[31]=-Xcompiler-option
08-08 20:55:28.993 I/art     (  708): option[32]=--runtime-arg
08-08 20:55:28.993 I/art     (  708): option[33]=-Xcompiler-option
08-08 20:55:28.993 I/art     (  708): option[34]=-Xmx512m
08-08 20:55:28.993 I/art     (  708): option[35]=-Duser.language=en
08-08 20:55:28.993 I/art     (  708): option[36]=-Duser.region=US
08-08 20:55:29.037 E/memtrack(  708): Couldn't load memtrack module (No such file or directory)
08-08 20:55:29.037 E/android.os.Debug(  708): failed to load memtrack module: -2
08-08 20:55:29.046 I/SamplingProfilerIntegration(  708): Profiling disabled.
08-08 20:55:29.046 D/Zygote  (  708): begin preload
08-08 20:55:29.050 I/Zygote  (  708): Preloading classes...
08-08 20:55:29.053 I/art     (  708): Explicit concurrent mark sweep GC freed 992(55KB) AllocSpace objects, 0(0B) LOS objects, 93% free, 69KB/1093KB, paused 127us total 2.844ms
08-08 20:55:29.054 I/art     (  708): Counter: 1
08-08 20:55:29.060 I/art     (  708): Explicit concurrent mark sweep GC freed 546(33KB) AllocSpace objects, 0(0B) LOS objects, 91% free, 89KB/1113KB, paused 108us total 1.720ms
08-08 20:55:29.073 I/art     (  708): Explicit concurrent mark sweep GC freed 638(41KB) AllocSpace objects, 0(0B) LOS objects, 91% free, 97KB/1121KB, paused 134us total 2.150ms
08-08 20:55:29.098 I/art     (  708): Explicit concurrent mark sweep GC freed 397(25KB) AllocSpace objects, 0(0B) LOS objects, 89% free, 121KB/1145KB, paused 118us total 1.291ms
08-08 20:55:29.103 E/Minikin (  708): addFont failed to create font /system/fonts/NotoSansGujarati-Regular.ttf
08-08 20:55:29.103 E/Minikin (  708): addFont failed to create font /system/fonts/NotoSansGujarati-Bold.ttf
08-08 20:55:29.103 E/Minikin (  708): addFont failed to create font /system/fonts/NotoSansGujaratiUI-Regular.ttf
08-08 20:55:29.103 E/Minikin (  708): addFont failed to create font /system/fonts/NotoSansGujaratiUI-Bold.ttf
08-08 20:55:29.103 E/Minikin (  708): addFont failed to create font /system/fonts/NotoSansGurmukhi-Regular.ttf
08-08 20:55:29.103 E/Minikin (  708): addFont failed to create font /system/fonts/NotoSansGurmukhi-Bold.ttf
08-08 20:55:29.103 E/Minikin (  708): addFont failed to create font /system/fonts/NotoSansGurmukhiUI-Regular.ttf
08-08 20:55:29.103 E/Minikin (  708): addFont failed to create font /system/fonts/NotoSansGurmukhiUI-Bold.ttf
08-08 20:55:29.104 E/Minikin (  708): addFont failed to create font /system/fonts/NotoSansSinhala-Regular.ttf
08-08 20:55:29.104 E/Minikin (  708): addFont failed to create font /system/fonts/NotoSansSinhala-Bold.ttf
08-08 20:55:29.105 E/Minikin (  708): addFont failed to create font /system/fonts/NotoSansCherokee-Regular.ttf
08-08 20:55:29.105 E/Minikin (  708): addFont failed to create font /system/fonts/NotoSansCanadianAboriginal-Regular.ttf
08-08 20:55:29.105 E/Minikin (  708): addFont failed to create font /system/fonts/NotoSansYi-Regular.ttf
08-08 20:55:29.105 E/Minikin (  708): addFont failed to create font /system/fonts/NotoSansHans-Regular.otf
08-08 20:55:29.105 E/Minikin (  708): addFont failed to create font /system/fonts/NotoSansHant-Regular.otf
08-08 20:55:29.105 E/Minikin (  708): addFont failed to create font /system/fonts/NotoSansJP-Regular.otf
08-08 20:55:29.105 E/Minikin (  708): addFont failed to create font /system/fonts/NotoSansKR-Regular.otf
08-08 20:55:29.131 I/art     (  708): Explicit concurrent mark sweep GC freed 1473(107KB) AllocSpace objects, 0(0B) LOS objects, 88% free, 130KB/1154KB, paused 410us total 3.112ms
08-08 20:55:29.139 I/art     (  708): Explicit concurrent mark sweep GC freed 1949(93KB) AllocSpace objects, 0(0B) LOS objects, 85% free, 176KB/1200KB, paused 216us total 2.239ms
